<html>
<body>
<pre>
<h1>µVision Build Log</h1>
<h2>Tool Versions:</h2>
IDE-Version: µVision V5.25.2.0
Copyright (C) 2018 ARM Ltd and ARM Germany GmbH. All rights reserved.
License Information: sepehr hashtroudi, nahalco, LIC=HN0Z9-4TEJL-2LLCT-RQ491-AFN8M-T2I9Z
 
Tool Versions:
Toolchain:       MDK-ARM Plus  Version: 5.25.2.0
Toolchain Path:  C:\Keil_v5\ARM\ARMCC\Bin
C Compiler:      Armcc.exe V5.06 update 6 (build 750)
Assembler:       Armasm.exe V5.06 update 6 (build 750)
Linker/Locator:  ArmLink.exe V5.06 update 6 (build 750)
Library Manager: ArmAr.exe V5.06 update 6 (build 750)
Hex Converter:   FromElf.exe V5.06 update 6 (build 750)
CPU DLL:         SARMCM3.DLL V5.25.2.0
Dialog DLL:      DCM.DLL V1.17.1.0
Target DLL:      STLink\ST-LINKIII-KEIL_SWO.dll V3.0.1.0
Dialog DLL:      TCM.DLL V1.35.1.0
 
<h2>Project:</h2>
D:\sepehr\arm\stm32_projects\ph_meter_ver2\MDK-ARM\pH_meter_ver_2.uvprojx
Project File Date:  10/10/2018

<h2>Output:</h2>
*** Using Compiler 'V5.06 update 6 (build 750)', folder: 'C:\Keil_v5\ARM\ARMCC\Bin'
Build target 'pH_meter_ver_2'
compiling stm32f4xx_hal_dac_ex.c...
compiling stm32f4xx_hal_dac.c...
compiling stm32f4xx_hal_adc_ex.c...
compiling stm32f4xx_hal_adc.c...
compiling stm32f4xx_hal_rtc.c...
compiling stm32f4xx_hal_rtc_ex.c...
compiling stm32f4xx_hal_tim_ex.c...
compiling stm32f4xx_hal_tim.c...
compiling stm32f4xx_hal_uart.c...
compiling stm32f4xx_hal_rcc_ex.c...
compiling stm32f4xx_hal_flash.c...
compiling stm32f4xx_hal_rcc.c...
compiling stm32f4xx_hal_flash_ramfunc.c...
compiling stm32f4xx_hal_flash_ex.c...
compiling stm32f4xx_hal_gpio.c...
compiling stm32f4xx_hal_dma_ex.c...
compiling stm32f4xx_hal_pwr.c...
compiling stm32f4xx_hal_pwr_ex.c...
compiling stm32f4xx_hal_dma.c...
compiling stm32f4xx_hal_cortex.c...
compiling stm32f4xx_hal.c...
compiling KS0108.c...
compiling KS0108-STM32.c...
compiling PID.c...
compiling glcd_menu.c...
../Inc/glcd_menu_functions.h(25): warning:  #1-D: last line of file ends without a newline
  void manual_wash_exit();
../Inc/glcd_menu_functions.h(25): warning:  #1295-D: Deprecated declaration manual_wash_exit - give arg types
  void manual_wash_exit();
..\Src\glcd_menu.c(799): warning:  #177-D: variable "sprintf_buff"  was declared but never referenced
  		char sprintf_buff[10];
..\Src\glcd_menu.c(816): warning:  #1035-D: single-precision operand implicitly converted to double-precision
  		if(menu_list[*active_menu].values[menu_list[*active_menu].menu_pointer] > 0.1)
..\Src\glcd_menu.c(815): warning:  #177-D: variable "sprintf_buff"  was declared but never referenced
  		char sprintf_buff[10];
..\Src\glcd_menu.c: 5 warnings, 0 errors
compiling Dsp.c...
compiling max485.c...
compiling eeprom.c...
compiling glcd_menu_functions.c...
..\Src\glcd_menu_functions.c(50): warning:  #1035-D: single-precision operand implicitly converted to double-precision
  		ph_calibration_temp = (ph_calibration_start_temp + ph_calibration_end_temp)/2.0;
..\Src\glcd_menu_functions.c(51): warning:  #1035-D: single-precision operand implicitly converted to double-precision
  		EEprom_buff = ph_calibration_temp*float_to_int_factor;
..\Src\glcd_menu_functions.c(53): warning:  #1035-D: single-precision operand implicitly converted to double-precision
  		EEprom_buff = p1_p*float_to_int_factor;
..\Src\glcd_menu_functions.c(55): warning:  #1035-D: single-precision operand implicitly converted to double-precision
  		EEprom_buff = p2_p*float_to_int_factor;
..\Src\glcd_menu_functions.c(94): warning:  #1035-D: single-precision operand implicitly converted to double-precision
  	EEprom_buff = p1_t*float_to_int_factor;
..\Src\glcd_menu_functions.c(96): warning:  #1035-D: single-precision operand implicitly converted to double-precision
  	EEprom_buff = p2_t*float_to_int_factor;
..\Src\glcd_menu_functions.c(126): warning:  #1035-D: single-precision operand implicitly converted to double-precision
  	EEprom_buff = menu_list[9].values[0]*float_to_int_factor;
..\Src\glcd_menu_functions.c(128): warning:  #1035-D: single-precision operand implicitly converted to double-precision
  	EEprom_buff = menu_list[9].values[1]*float_to_int_factor;
..\Src\glcd_menu_functions.c(141): warning:  #1035-D: single-precision operand implicitly converted to double-precision
  	EEprom_buff = menu_list[8].values[3]* float_to_int_factor;
..\Src\glcd_menu_functions.c(149): warning:  #188-D: enumerated type mixed with another type
  		HAL_GPIO_WritePin(REL_1_GPIO_Port, REL_1_Pin, state);
..\Src\glcd_menu_functions.c(153): warning:  #188-D: enumerated type mixed with another type
  		HAL_GPIO_WritePin(REL_2_GPIO_Port, REL_2_Pin, state);
..\Src\glcd_menu_functions.c: 11 warnings, 0 errors
compiling gpio.c...
compiling adc.c...
compiling freertos.c...
compiling dac.c...
compiling main.c...
../Inc/glcd_menu_functions.h(25): warning:  #1-D: last line of file ends without a newline
  void manual_wash_exit();
../Inc/glcd_menu_functions.h(25): warning:  #1295-D: Deprecated declaration manual_wash_exit - give arg types
  void manual_wash_exit();
../Src/main.c(231): warning:  #177-D: variable "sprintf_buff"  was declared but never referenced
  	char sprintf_buff[20];
../Src/main.c(575): warning:  #1035-D: single-precision operand implicitly converted to double-precision
  	eeprom_buff = *kp * float_to_int_factor;
../Src/main.c(577): warning:  #1035-D: single-precision operand implicitly converted to double-precision
  	eeprom_buff = *ki * float_to_int_factor;
../Src/main.c(579): warning:  #1035-D: single-precision operand implicitly converted to double-precision
  	eeprom_buff = *kd * float_to_int_factor;
../Src/main.c(585): warning:  #1035-D: single-precision operand implicitly converted to double-precision
  	eeprom_buff = menu_list[8].values[3]* float_to_int_factor;
../Src/main.c(600): warning:  #1035-D: single-precision operand implicitly converted to double-precision
  	temp = roundf(temp * 10.0) / 10.0; 
../Src/main.c(600): warning:  #1035-D: single-precision operand implicitly converted to double-precision
  	temp = roundf(temp * 10.0) / 10.0; 
../Src/main.c(612): warning:  #1035-D: single-precision operand implicitly converted to double-precision
  	temp_compensation_coef = (temp + 273.15) / (ph_calibration_temp + 273.15);
../Src/main.c(612): warning:  #1035-D: single-precision operand implicitly converted to double-precision
  	temp_compensation_coef = (temp + 273.15) / (ph_calibration_temp + 273.15);
../Src/main.c(614): warning:  #1035-D: single-precision operand implicitly converted to double-precision
  	pH = roundf(pH * 100.0) / 100.0; 
../Src/main.c(614): warning:  #1035-D: single-precision operand implicitly converted to double-precision
  	pH = roundf(pH * 100.0) / 100.0; 
../Src/main.c(144): warning:  #177-D: variable "EraseInitStruct"  was declared but never referenced
  static FLASH_EraseInitTypeDef EraseInitStruct;
../Src/main.c: 14 warnings, 0 errors
compiling dma.c...
compiling tim.c...
compiling rtc.c...
../Src/rtc.c(62): warning:  #177-D: variable "sTime"  was declared but never referenced
    RTC_TimeTypeDef sTime;
../Src/rtc.c(63): warning:  #177-D: variable "sDate"  was declared but never referenced
    RTC_DateTypeDef sDate;
../Src/rtc.c: 2 warnings, 0 errors
compiling usart.c...
compiling stm32f4xx_hal_msp.c...
compiling stm32f4xx_hal_timebase_TIM.c...
compiling heap_4.c...
compiling system_stm32f4xx.c...
compiling stm32f4xx_it.c...
compiling croutine.c...
compiling port.c...
compiling event_groups.c...
compiling list.c...
compiling timers.c...
compiling queue.c...
compiling tasks.c...
compiling cmsis_os.c...
linking...
Program Size: Code=36232 RO-data=10856 RW-data=324 ZI-data=53292  
"pH_meter_ver_2\pH_meter_ver_2.axf" - 0 Error(s), 32 Warning(s).

<h2>Software Packages used:</h2>

Package Vendor: ARM
                http://www.keil.com/pack/ARM.CMSIS.5.3.0.pack
                ARM.CMSIS.5.3.0
                CMSIS (Cortex Microcontroller Software Interface Standard)
   * Component: CORE Version: 5.1.1

Package Vendor: Keil
                http://www.keil.com/pack/Keil.STM32F4xx_DFP.2.12.0.pack
                Keil.STM32F4xx_DFP.2.12.0
                STMicroelectronics STM32F4 Series Device Support, Drivers and Examples

<h2>Collection of Component include folders:</h2>
  .\RTE\_pH_meter_ver_2
  C:\Keil_v5\ARM\PACK\ARM\CMSIS\5.3.0\CMSIS\Include
  C:\Keil_v5\ARM\PACK\Keil\STM32F4xx_DFP\2.12.0\Drivers\CMSIS\Device\ST\STM32F4xx\Include

<h2>Collection of Component Files used:</h2>

   * Component: ARM::CMSIS:CORE:5.1.1
Build Time Elapsed:  00:01:24
</pre>
</body>
</html>
