Component: ARM Compiler 5.06 update 5 (build 528) Tool: armlink [4d35e2]

==============================================================================

Section Cross References

    startup_stm32f407xx.o(RESET) refers to startup_stm32f407xx.o(STACK) for __initial_sp
    startup_stm32f407xx.o(RESET) refers to startup_stm32f407xx.o(.text) for Reset_Handler
    startup_stm32f407xx.o(RESET) refers to stm32f4xx_it.o(i.NMI_Handler) for NMI_Handler
    startup_stm32f407xx.o(RESET) refers to stm32f4xx_it.o(i.HardFault_Handler) for HardFault_Handler
    startup_stm32f407xx.o(RESET) refers to stm32f4xx_it.o(i.MemManage_Handler) for MemManage_Handler
    startup_stm32f407xx.o(RESET) refers to stm32f4xx_it.o(i.BusFault_Handler) for BusFault_Handler
    startup_stm32f407xx.o(RESET) refers to stm32f4xx_it.o(i.UsageFault_Handler) for UsageFault_Handler
    startup_stm32f407xx.o(RESET) refers to port.o(.emb_text) for SVC_Handler
    startup_stm32f407xx.o(RESET) refers to stm32f4xx_it.o(i.DebugMon_Handler) for DebugMon_Handler
    startup_stm32f407xx.o(RESET) refers to stm32f4xx_it.o(i.SysTick_Handler) for SysTick_Handler
    startup_stm32f407xx.o(RESET) refers to stm32f4xx_it.o(i.TIM1_UP_TIM10_IRQHandler) for TIM1_UP_TIM10_IRQHandler
    startup_stm32f407xx.o(RESET) refers to stm32f4xx_it.o(i.USART2_IRQHandler) for USART2_IRQHandler
    startup_stm32f407xx.o(.text) refers to system_stm32f4xx.o(i.SystemInit) for SystemInit
    startup_stm32f407xx.o(.text) refers to entry.o(.ARM.Collect$$$$00000000) for __main
    stm32f4xx_hal_tim_ex.o(i.HAL_TIMEx_ConfigCommutationEvent_DMA) refers to stm32f4xx_hal_tim_ex.o(i.TIMEx_DMACommutationCplt) for TIMEx_DMACommutationCplt
    stm32f4xx_hal_tim_ex.o(i.HAL_TIMEx_ConfigCommutationEvent_DMA) refers to stm32f4xx_hal_tim.o(i.TIM_DMAError) for TIM_DMAError
    stm32f4xx_hal_tim_ex.o(i.HAL_TIMEx_HallSensor_DeInit) refers to stm32f4xx_hal_tim_ex.o(i.HAL_TIMEx_HallSensor_MspDeInit) for HAL_TIMEx_HallSensor_MspDeInit
    stm32f4xx_hal_tim_ex.o(i.HAL_TIMEx_HallSensor_Init) refers to stm32f4xx_hal_tim_ex.o(i.HAL_TIMEx_HallSensor_MspInit) for HAL_TIMEx_HallSensor_MspInit
    stm32f4xx_hal_tim_ex.o(i.HAL_TIMEx_HallSensor_Init) refers to stm32f4xx_hal_tim.o(i.TIM_Base_SetConfig) for TIM_Base_SetConfig
    stm32f4xx_hal_tim_ex.o(i.HAL_TIMEx_HallSensor_Init) refers to stm32f4xx_hal_tim.o(i.TIM_TI1_SetConfig) for TIM_TI1_SetConfig
    stm32f4xx_hal_tim_ex.o(i.HAL_TIMEx_HallSensor_Init) refers to stm32f4xx_hal_tim.o(i.TIM_OC2_SetConfig) for TIM_OC2_SetConfig
    stm32f4xx_hal_tim_ex.o(i.HAL_TIMEx_HallSensor_Start) refers to stm32f4xx_hal_tim.o(i.TIM_CCxChannelCmd) for TIM_CCxChannelCmd
    stm32f4xx_hal_tim_ex.o(i.HAL_TIMEx_HallSensor_Start_DMA) refers to stm32f4xx_hal_tim.o(i.TIM_CCxChannelCmd) for TIM_CCxChannelCmd
    stm32f4xx_hal_tim_ex.o(i.HAL_TIMEx_HallSensor_Start_DMA) refers to stm32f4xx_hal_dma.o(i.HAL_DMA_Start_IT) for HAL_DMA_Start_IT
    stm32f4xx_hal_tim_ex.o(i.HAL_TIMEx_HallSensor_Start_DMA) refers to stm32f4xx_hal_tim.o(i.TIM_DMACaptureCplt) for TIM_DMACaptureCplt
    stm32f4xx_hal_tim_ex.o(i.HAL_TIMEx_HallSensor_Start_DMA) refers to stm32f4xx_hal_tim.o(i.TIM_DMAError) for TIM_DMAError
    stm32f4xx_hal_tim_ex.o(i.HAL_TIMEx_HallSensor_Start_IT) refers to stm32f4xx_hal_tim.o(i.TIM_CCxChannelCmd) for TIM_CCxChannelCmd
    stm32f4xx_hal_tim_ex.o(i.HAL_TIMEx_HallSensor_Stop) refers to stm32f4xx_hal_tim.o(i.TIM_CCxChannelCmd) for TIM_CCxChannelCmd
    stm32f4xx_hal_tim_ex.o(i.HAL_TIMEx_HallSensor_Stop_DMA) refers to stm32f4xx_hal_tim.o(i.TIM_CCxChannelCmd) for TIM_CCxChannelCmd
    stm32f4xx_hal_tim_ex.o(i.HAL_TIMEx_HallSensor_Stop_IT) refers to stm32f4xx_hal_tim.o(i.TIM_CCxChannelCmd) for TIM_CCxChannelCmd
    stm32f4xx_hal_tim_ex.o(i.HAL_TIMEx_OCN_Start) refers to stm32f4xx_hal_tim_ex.o(i.TIM_CCxNChannelCmd) for TIM_CCxNChannelCmd
    stm32f4xx_hal_tim_ex.o(i.HAL_TIMEx_OCN_Start_DMA) refers to stm32f4xx_hal_dma.o(i.HAL_DMA_Start_IT) for HAL_DMA_Start_IT
    stm32f4xx_hal_tim_ex.o(i.HAL_TIMEx_OCN_Start_DMA) refers to stm32f4xx_hal_tim_ex.o(i.TIM_CCxNChannelCmd) for TIM_CCxNChannelCmd
    stm32f4xx_hal_tim_ex.o(i.HAL_TIMEx_OCN_Start_DMA) refers to stm32f4xx_hal_tim.o(i.TIM_DMADelayPulseCplt) for TIM_DMADelayPulseCplt
    stm32f4xx_hal_tim_ex.o(i.HAL_TIMEx_OCN_Start_DMA) refers to stm32f4xx_hal_tim.o(i.TIM_DMAError) for TIM_DMAError
    stm32f4xx_hal_tim_ex.o(i.HAL_TIMEx_OCN_Start_IT) refers to stm32f4xx_hal_tim_ex.o(i.TIM_CCxNChannelCmd) for TIM_CCxNChannelCmd
    stm32f4xx_hal_tim_ex.o(i.HAL_TIMEx_OCN_Stop) refers to stm32f4xx_hal_tim_ex.o(i.TIM_CCxNChannelCmd) for TIM_CCxNChannelCmd
    stm32f4xx_hal_tim_ex.o(i.HAL_TIMEx_OCN_Stop_DMA) refers to stm32f4xx_hal_tim_ex.o(i.TIM_CCxNChannelCmd) for TIM_CCxNChannelCmd
    stm32f4xx_hal_tim_ex.o(i.HAL_TIMEx_OCN_Stop_IT) refers to stm32f4xx_hal_tim_ex.o(i.TIM_CCxNChannelCmd) for TIM_CCxNChannelCmd
    stm32f4xx_hal_tim_ex.o(i.HAL_TIMEx_OnePulseN_Start) refers to stm32f4xx_hal_tim_ex.o(i.TIM_CCxNChannelCmd) for TIM_CCxNChannelCmd
[...]
    ../Middlewares/Third_Party/FreeRTOS/Source/portable/MemMang/heap_4.c 0x00000000   Number         0  heap_4.o ABSOLUTE
    ../Middlewares/Third_Party/FreeRTOS/Source/portable/RVDS/ARM_CM4F/port.c 0x00000000   Number         0  port.o ABSOLUTE
    ../Middlewares/Third_Party/FreeRTOS/Source/queue.c 0x00000000   Number         0  queue.o ABSOLUTE
    ../Middlewares/Third_Party/FreeRTOS/Source/tasks.c 0x00000000   Number         0  tasks.o ABSOLUTE
    ../Middlewares/Third_Party/FreeRTOS/Source/timers.c 0x00000000   Number         0  timers.o ABSOLUTE
    ../Src/freertos.c                        0x00000000   Number         0  freertos.o ABSOLUTE
    ../Src/gpio.c                            0x00000000   Number         0  gpio.o ABSOLUTE
    ../Src/main.c                            0x00000000   Number         0  main.o ABSOLUTE
    ../Src/stm32f4xx_hal_msp.c               0x00000000   Number         0  stm32f4xx_hal_msp.o ABSOLUTE
    ../Src/stm32f4xx_hal_timebase_TIM.c      0x00000000   Number         0  stm32f4xx_hal_timebase_tim.o ABSOLUTE
    ../Src/stm32f4xx_it.c                    0x00000000   Number         0  stm32f4xx_it.o ABSOLUTE
    ../Src/usart.c                           0x00000000   Number         0  usart.o ABSOLUTE
    ../clib/microlib/division.c              0x00000000   Number         0  uldiv.o ABSOLUTE
    ../clib/microlib/division.c              0x00000000   Number         0  uidiv.o ABSOLUTE
    ../clib/microlib/init/entry.s            0x00000000   Number         0  entry8b.o ABSOLUTE
    ../clib/microlib/init/entry.s            0x00000000   Number         0  entry11b.o ABSOLUTE
    ../clib/microlib/init/entry.s            0x00000000   Number         0  entry2.o ABSOLUTE
    ../clib/microlib/init/entry.s            0x00000000   Number         0  entry11a.o ABSOLUTE
    ../clib/microlib/init/entry.s            0x00000000   Number         0  entry10b.o ABSOLUTE
    ../clib/microlib/init/entry.s            0x00000000   Number         0  entry8a.o ABSOLUTE
    ../clib/microlib/init/entry.s            0x00000000   Number         0  entry10a.o ABSOLUTE
    ../clib/microlib/init/entry.s            0x00000000   Number         0  entry9b.o ABSOLUTE
    ../clib/microlib/init/entry.s            0x00000000   Number         0  entry5.o ABSOLUTE
    ../clib/microlib/init/entry.s            0x00000000   Number         0  entry.o ABSOLUTE
    ../clib/microlib/init/entry.s            0x00000000   Number         0  entry9a.o ABSOLUTE
    ../clib/microlib/init/entry.s            0x00000000   Number         0  entry7b.o ABSOLUTE
    ../clib/microlib/init/entry.s            0x00000000   Number         0  entry7a.o ABSOLUTE
    ../clib/microlib/longlong.c              0x00000000   Number         0  llushr.o ABSOLUTE
    ../clib/microlib/longlong.c              0x00000000   Number         0  llsshr.o ABSOLUTE
    ../clib/microlib/longlong.c              0x00000000   Number         0  llshl.o ABSOLUTE
    ../clib/microlib/printf/printf.c         0x00000000   Number         0  printf6.o ABSOLUTE
    ../clib/microlib/printf/printf.c         0x00000000   Number         0  printf5.o ABSOLUTE
    ../clib/microlib/printf/printf.c         0x00000000   Number         0  printf4.o ABSOLUTE
    ../clib/microlib/printf/printf.c         0x00000000   Number         0  printf3.o ABSOLUTE
    ../clib/microlib/printf/printf.c         0x00000000   Number         0  printf2.o ABSOLUTE
    ../clib/microlib/printf/printf.c         0x00000000   Number         0  printf0.o ABSOLUTE
    ../clib/microlib/printf/printf.c         0x00000000   Number         0  printfb.o ABSOLUTE
    ../clib/microlib/printf/printf.c         0x00000000   Number         0  printf1.o ABSOLUTE
    ../clib/microlib/printf/printf.c         0x00000000   Number         0  printfa.o ABSOLUTE
    ../clib/microlib/printf/printf.c         0x00000000   Number         0  printf8.o ABSOLUTE
    ../clib/microlib/printf/printf.c         0x00000000   Number         0  printf7.o ABSOLUTE
    ../clib/microlib/printf/stubs.s          0x00000000   Number         0  stubs.o ABSOLUTE
    ../clib/microlib/stdio/fputc.c           0x00000000   Number         0  fputc.o ABSOLUTE
    ../clib/microlib/stdio/semi.s            0x00000000   Number         0  semi.o ABSOLUTE
    ../clib/microlib/stdio/streams.c         0x00000000   Number         0  stdout.o ABSOLUTE
    ../clib/microlib/string/memcpy.c         0x00000000   Number         0  memcpyb.o ABSOLUTE
    ../clib/microlib/string/memcpy.c         0x00000000   Number         0  memcpya.o ABSOLUTE
    ../clib/microlib/string/strcpy.c         0x00000000   Number         0  strcpy.o ABSOLUTE
    ../clib/microlib/string/strstr.c         0x00000000   Number         0  strstr.o ABSOLUTE
    ../clib/microlib/string/strtok.c         0x00000000   Number         0  strtok.o ABSOLUTE
    ../clib/microlib/string/strtok.c         0x00000000   Number         0  strtok_r.o ABSOLUTE
    ../clib/microlib/stubs.s                 0x00000000   Number         0  iusefp.o ABSOLUTE
    ../clib/microlib/stubs.s                 0x00000000   Number         0  iusesemip.o ABSOLUTE
    ../fplib/microlib/f2d.c                  0x00000000   Number         0  f2d.o ABSOLUTE
    ../fplib/microlib/fpadd.c                0x00000000   Number         0  dadd.o ABSOLUTE
    ../fplib/microlib/fpdiv.c                0x00000000   Number         0  ddiv.o ABSOLUTE
    ../fplib/microlib/fpepilogue.c           0x00000000   Number         0  depilogue.o ABSOLUTE
    ../fplib/microlib/fpfix.c                0x00000000   Number         0  dfixul.o ABSOLUTE
    ../fplib/microlib/fpmul.c                0x00000000   Number         0  dmul.o ABSOLUTE
    ..\Drivers\STM32F4xx_HAL_Driver\Src\stm32f4xx_hal.c 0x00000000   Number         0  stm32f4xx_hal.o ABSOLUTE
    ..\Drivers\STM32F4xx_HAL_Driver\Src\stm32f4xx_hal_cortex.c 0x00000000   Number         0  stm32f4xx_hal_cortex.o ABSOLUTE
    ..\Drivers\STM32F4xx_HAL_Driver\Src\stm32f4xx_hal_dma.c 0x00000000   Number         0  stm32f4xx_hal_dma.o ABSOLUTE
    ..\Drivers\STM32F4xx_HAL_Driver\Src\stm32f4xx_hal_dma_ex.c 0x00000000   Number         0  stm32f4xx_hal_dma_ex.o ABSOLUTE
    ..\Drivers\STM32F4xx_HAL_Driver\Src\stm32f4xx_hal_flash.c 0x00000000   Number         0  stm32f4xx_hal_flash.o ABSOLUTE
    ..\Drivers\STM32F4xx_HAL_Driver\Src\stm32f4xx_hal_flash_ex.c 0x00000000   Number         0  stm32f4xx_hal_flash_ex.o ABSOLUTE
    ..\Drivers\STM32F4xx_HAL_Driver\Src\stm32f4xx_hal_flash_ramfunc.c 0x00000000   Number         0  stm32f4xx_hal_flash_ramfunc.o ABSOLUTE
    ..\Drivers\STM32F4xx_HAL_Driver\Src\stm32f4xx_hal_gpio.c 0x00000000   Number         0  stm32f4xx_hal_gpio.o ABSOLUTE
    ..\Drivers\STM32F4xx_HAL_Driver\Src\stm32f4xx_hal_pwr.c 0x00000000   Number         0  stm32f4xx_hal_pwr.o ABSOLUTE
    ..\Drivers\STM32F4xx_HAL_Driver\Src\stm32f4xx_hal_pwr_ex.c 0x00000000   Number         0  stm32f4xx_hal_pwr_ex.o ABSOLUTE
    ..\Drivers\STM32F4xx_HAL_Driver\Src\stm32f4xx_hal_rcc.c 0x00000000   Number         0  stm32f4xx_hal_rcc.o ABSOLUTE
    ..\Drivers\STM32F4xx_HAL_Driver\Src\stm32f4xx_hal_rcc_ex.c 0x00000000   Number         0  stm32f4xx_hal_rcc_ex.o ABSOLUTE
    ..\Drivers\STM32F4xx_HAL_Driver\Src\stm32f4xx_hal_tim.c 0x00000000   Number         0  stm32f4xx_hal_tim.o ABSOLUTE
    ..\Drivers\STM32F4xx_HAL_Driver\Src\stm32f4xx_hal_tim_ex.c 0x00000000   Number         0  stm32f4xx_hal_tim_ex.o ABSOLUTE
    ..\Drivers\STM32F4xx_HAL_Driver\Src\stm32f4xx_hal_uart.c 0x00000000   Number         0  stm32f4xx_hal_uart.o ABSOLUTE
    ..\Middlewares\Third_Party\FreeRTOS\Source\CMSIS_RTOS\cmsis_os.c 0x00000000   Number         0  cmsis_os.o ABSOLUTE
    ..\Middlewares\Third_Party\FreeRTOS\Source\portable\RVDS\ARM_CM4F\port.c 0x00000000   Number         0  port.o ABSOLUTE
    ..\Src\KS0108-STM32.c                    0x00000000   Number         0  ks0108-stm32.o ABSOLUTE
    ..\Src\KS0108.c                          0x00000000   Number         0  ks0108.o ABSOLUTE
    ..\Src\glcd_menu.c                       0x00000000   Number         0  glcd_menu.o ABSOLUTE
    ..\Src\gpio.c                            0x00000000   Number         0  gpio.o ABSOLUTE
    ..\Src\graphic.c                         0x00000000   Number         0  graphic.o ABSOLUTE
    ..\Src\main.c                            0x00000000   Number         0  main.o ABSOLUTE
    ..\Src\stm32f4xx_hal_msp.c               0x00000000   Number         0  stm32f4xx_hal_msp.o ABSOLUTE
    ..\Src\stm32f4xx_hal_timebase_TIM.c      0x00000000   Number         0  stm32f4xx_hal_timebase_tim.o ABSOLUTE
    ..\Src\stm32f4xx_it.c                    0x00000000   Number         0  stm32f4xx_it.o ABSOLUTE
    ..\Src\usart.c                           0x00000000   Number         0  usart.o ABSOLUTE
    ..\\Src\\KS0108-STM32.c                  0x00000000   Number         0  ks0108-stm32.o ABSOLUTE
    ..\\Src\\KS0108.c                        0x00000000   Number         0  ks0108.o ABSOLUTE
    ..\\Src\\glcd_menu.c                     0x00000000   Number         0  glcd_menu.o ABSOLUTE
    ..\\Src\system_stm32f4xx.c               0x00000000   Number         0  system_stm32f4xx.o ABSOLUTE
    cdrcmple.s                               0x00000000   Number         0  cdrcmple.o ABSOLUTE
    dc.s                                     0x00000000   Number         0  dc.o ABSOLUTE
    handlers.s                               0x00000000   Number         0  handlers.o ABSOLUTE
    init.s                                   0x00000000   Number         0  init.o ABSOLUTE
    startup_stm32f407xx.s                    0x00000000   Number         0  startup_stm32f407xx.o ABSOLUTE
    RESET                                    0x08000000   Section      392  startup_stm32f407xx.o(RESET)
    .ARM.Collect$$$$00000000                 0x08000188   Section        0  entry.o(.ARM.Collect$$$$00000000)
    .ARM.Collect$$$$00000001                 0x08000188   Section        4  entry2.o(.ARM.Collect$$$$00000001)
    .ARM.Collect$$$$00000004                 0x0800018c   Section        4  entry5.o(.ARM.Collect$$$$00000004)
    .ARM.Collect$$$$00000008                 0x08000190   Section        0  entry7b.o(.ARM.Collect$$$$00000008)
    .ARM.Collect$$$$0000000A                 0x08000190   Section        0  entry8b.o(.ARM.Collect$$$$0000000A)
    .ARM.Collect$$$$0000000B                 0x08000190   Section        8  entry9a.o(.ARM.Collect$$$$0000000B)
    .ARM.Collect$$$$0000000D                 0x08000198   Section        0  entry10a.o(.ARM.Collect$$$$0000000D)
    .ARM.Collect$$$$0000000F                 0x08000198   Section        0  entry11a.o(.ARM.Collect$$$$0000000F)
    .ARM.Collect$$$$00002712                 0x08000198   Section        4  entry2.o(.ARM.Collect$$$$00002712)
    __lit__00000000                          0x08000198   Data           4  entry2.o(.ARM.Collect$$$$00002712)
    .emb_text                                0x0800019c   Section      186  port.o(.emb_text)
    $v0                                      0x0800019c   Number         0  port.o(.emb_text)
    .text                                    0x08000258   Section       36  startup_stm32f407xx.o(.text)
    $v0                                      0x08000258   Number         0  startup_stm32f407xx.o(.text)
    .text                                    0x0800027c   Section        0  uldiv.o(.text)
    .text                                    0x080002de   Section        0  memcpya.o(.text)
    .text                                    0x08000302   Section        0  strstr.o(.text)
    .text                                    0x08000326   Section        0  strcpy.o(.text)
    .text                                    0x08000338   Section        0  strtok.o(.text)
    .text                                    0x0800037c   Section        0  f2d.o(.text)
    .text                                    0x080003a2   Section        0  uidiv.o(.text)
    .text                                    0x080003ce   Section        0  llshl.o(.text)
    .text                                    0x080003ec   Section        0  llushr.o(.text)
    .text                                    0x0800040c   Section        0  iusefp.o(.text)
    .text                                    0x0800040c   Section        0  dadd.o(.text)
    .text                                    0x0800055a   Section        0  dmul.o(.text)
    .text                                    0x0800063e   Section        0  ddiv.o(.text)
    .text                                    0x0800071c   Section        0  dfixul.o(.text)
    .text                                    0x0800074c   Section       48  cdrcmple.o(.text)
    .text                                    0x0800077c   Section       36  init.o(.text)
    .text                                    0x080007a0   Section        0  llsshr.o(.text)
    .text                                    0x080007c4   Section        0  depilogue.o(.text)
    i.BusFault_Handler                       0x0800087e   Section        0  stm32f4xx_it.o(i.BusFault_Handler)
    i.CalcTextWidthEN                        0x08000880   Section        0  ks0108.o(i.CalcTextWidthEN)
    i.DebugMon_Handler                       0x080008d4   Section        0  stm32f4xx_it.o(i.DebugMon_Handler)
    i.GLCD_ClearScreen                       0x080008d6   Section        0  ks0108.o(i.GLCD_ClearScreen)
    i.GLCD_Delay                             0x080008fc   Section        0  ks0108-stm32.o(i.GLCD_Delay)
    i.GLCD_DisableController                 0x08000908   Section        0  ks0108-stm32.o(i.GLCD_DisableController)
    i.GLCD_EnableController                  0x08000928   Section        0  ks0108-stm32.o(i.GLCD_EnableController)
    i.GLCD_GoTo                              0x08000948   Section        0  ks0108.o(i.GLCD_GoTo)
    i.GLCD_Initalize                         0x08000980   Section        0  ks0108.o(i.GLCD_Initalize)
    i.GLCD_Line                              0x08000996   Section        0  graphic.o(i.GLCD_Line)
    i.GLCD_ReadData                          0x08000a2c   Section        0  ks0108-stm32.o(i.GLCD_ReadData)
    i.GLCD_ReadStatus                        0x08000af8   Section        0  ks0108-stm32.o(i.GLCD_ReadStatus)
    i.GLCD_SetPixel                          0x08000bb4   Section        0  ks0108.o(i.GLCD_SetPixel)
    i.GLCD_WriteCommand                      0x08000bf4   Section        0  ks0108-stm32.o(i.GLCD_WriteCommand)
    i.GLCD_WriteData                         0x08000cc0   Section        0  ks0108-stm32.o(i.GLCD_WriteData)
    i.HAL_DMA_Abort_IT                       0x08000d8c   Section        0  stm32f4xx_hal_dma.o(i.HAL_DMA_Abort_IT)
    i.HAL_GPIO_Init                          0x08000db0   Section        0  stm32f4xx_hal_gpio.o(i.HAL_GPIO_Init)
    i.HAL_GPIO_ReadPin                       0x08000f70   Section        0  stm32f4xx_hal_gpio.o(i.HAL_GPIO_ReadPin)
    i.HAL_GPIO_WritePin                      0x08000f7a   Section        0  stm32f4xx_hal_gpio.o(i.HAL_GPIO_WritePin)
    i.HAL_GetTick                            0x08000f84   Section        0  stm32f4xx_hal.o(i.HAL_GetTick)
    i.HAL_IncTick                            0x08000f90   Section        0  stm32f4xx_hal.o(i.HAL_IncTick)
    i.HAL_Init                               0x08000fa0   Section        0  stm32f4xx_hal.o(i.HAL_Init)
    i.HAL_InitTick                           0x08000fd4   Section        0  stm32f4xx_hal_timebase_tim.o(i.HAL_InitTick)
    i.HAL_MspInit                            0x08001048   Section        0  stm32f4xx_hal_msp.o(i.HAL_MspInit)
    i.HAL_NVIC_EnableIRQ                     0x080010a0   Section        0  stm32f4xx_hal_cortex.o(i.HAL_NVIC_EnableIRQ)
    i.HAL_NVIC_SetPriority                   0x080010b8   Section        0  stm32f4xx_hal_cortex.o(i.HAL_NVIC_SetPriority)
    i.HAL_NVIC_SetPriorityGrouping           0x080010f8   Section        0  stm32f4xx_hal_cortex.o(i.HAL_NVIC_SetPriorityGrouping)
    i.HAL_RCC_ClockConfig                    0x0800111c   Section        0  stm32f4xx_hal_rcc.o(i.HAL_RCC_ClockConfig)
    i.HAL_RCC_GetClockConfig                 0x0800124c   Section        0  stm32f4xx_hal_rcc.o(i.HAL_RCC_GetClockConfig)
    i.HAL_RCC_GetHCLKFreq                    0x0800128c   Section        0  stm32f4xx_hal_rcc.o(i.HAL_RCC_GetHCLKFreq)
    i.HAL_RCC_GetPCLK1Freq                   0x08001298   Section        0  stm32f4xx_hal_rcc.o(i.HAL_RCC_GetPCLK1Freq)
    i.HAL_RCC_GetPCLK2Freq                   0x080012b8   Section        0  stm32f4xx_hal_rcc.o(i.HAL_RCC_GetPCLK2Freq)
    i.HAL_RCC_GetSysClockFreq                0x080012d8   Section        0  stm32f4xx_hal_rcc.o(i.HAL_RCC_GetSysClockFreq)
    i.HAL_RCC_OscConfig                      0x08001338   Section        0  stm32f4xx_hal_rcc.o(i.HAL_RCC_OscConfig)
    i.HAL_SYSTICK_CLKSourceConfig            0x0800164c   Section        0  stm32f4xx_hal_cortex.o(i.HAL_SYSTICK_CLKSourceConfig)
    i.HAL_SYSTICK_Config                     0x08001664   Section        0  stm32f4xx_hal_cortex.o(i.HAL_SYSTICK_Config)
    i.HAL_TIMEx_BreakCallback                0x0800168c   Section        0  stm32f4xx_hal_tim_ex.o(i.HAL_TIMEx_BreakCallback)
    i.HAL_TIMEx_CommutationCallback          0x0800168e   Section        0  stm32f4xx_hal_tim_ex.o(i.HAL_TIMEx_CommutationCallback)
    i.HAL_TIM_Base_Init                      0x08001690   Section        0  stm32f4xx_hal_tim.o(i.HAL_TIM_Base_Init)
    i.HAL_TIM_Base_MspInit                   0x080016c6   Section        0  stm32f4xx_hal_tim.o(i.HAL_TIM_Base_MspInit)
    i.HAL_TIM_Base_Start_IT                  0x080016c8   Section        0  stm32f4xx_hal_tim.o(i.HAL_TIM_Base_Start_IT)
    i.HAL_TIM_IC_CaptureCallback             0x080016e0   Section        0  stm32f4xx_hal_tim.o(i.HAL_TIM_IC_CaptureCallback)
    i.HAL_TIM_IRQHandler                     0x080016e2   Section        0  stm32f4xx_hal_tim.o(i.HAL_TIM_IRQHandler)
    i.HAL_TIM_OC_DelayElapsedCallback        0x08001848   Section        0  stm32f4xx_hal_tim.o(i.HAL_TIM_OC_DelayElapsedCallback)
    i.HAL_TIM_PWM_PulseFinishedCallback      0x0800184a   Section        0  stm32f4xx_hal_tim.o(i.HAL_TIM_PWM_PulseFinishedCallback)
    i.HAL_TIM_PeriodElapsedCallback          0x0800184c   Section        0  main.o(i.HAL_TIM_PeriodElapsedCallback)
    i.HAL_TIM_TriggerCallback                0x08001860   Section        0  stm32f4xx_hal_tim.o(i.HAL_TIM_TriggerCallback)
    i.HAL_UART_ErrorCallback                 0x08001862   Section        0  stm32f4xx_hal_uart.o(i.HAL_UART_ErrorCallback)
    i.HAL_UART_IRQHandler                    0x08001864   Section        0  stm32f4xx_hal_uart.o(i.HAL_UART_IRQHandler)
    i.HAL_UART_Init                          0x08001974   Section        0  stm32f4xx_hal_uart.o(i.HAL_UART_Init)
    i.HAL_UART_MspInit                       0x080019d8   Section        0  usart.o(i.HAL_UART_MspInit)
    i.HAL_UART_Receive_IT                    0x08001a34   Section        0  stm32f4xx_hal_uart.o(i.HAL_UART_Receive_IT)
    i.HAL_UART_RxCpltCallback                0x08001a7c   Section        0  main.o(i.HAL_UART_RxCpltCallback)
    i.HAL_UART_Transmit                      0x08001abc   Section        0  stm32f4xx_hal_uart.o(i.HAL_UART_Transmit)
    i.HAL_UART_TxCpltCallback                0x08001b76   Section        0  stm32f4xx_hal_uart.o(i.HAL_UART_TxCpltCallback)
    i.HardFault_Handler                      0x08001b78   Section        0  stm32f4xx_it.o(i.HardFault_Handler)
    i.MX_FREERTOS_Init                       0x08001b7c   Section        0  freertos.o(i.MX_FREERTOS_Init)
    i.MX_GPIO_Init                           0x08001ba4   Section        0  gpio.o(i.MX_GPIO_Init)
    i.MX_USART2_UART_Init                    0x08001c3c   Section        0  usart.o(i.MX_USART2_UART_Init)
    i.MemManage_Handler                      0x08001c88   Section        0  stm32f4xx_it.o(i.MemManage_Handler)
    i.NMI_Handler                            0x08001c8a   Section        0  stm32f4xx_it.o(i.NMI_Handler)
    i.NVIC_SetPriority                       0x08001c8c   Section        0  stm32f4xx_hal_cortex.o(i.NVIC_SetPriority)
    NVIC_SetPriority                         0x08001c8d   Thumb Code    32  stm32f4xx_hal_cortex.o(i.NVIC_SetPriority)
    i.Port_in_out_mode                       0x08001cac   Section        0  ks0108-stm32.o(i.Port_in_out_mode)
    i.StartDefaultTask                       0x08001ce8   Section        0  freertos.o(i.StartDefaultTask)
    i.SysTick_Handler                        0x08001cf0   Section        0  stm32f4xx_it.o(i.SysTick_Handler)
    i.SystemClock_Config                     0x08001cf4   Section        0  main.o(i.SystemClock_Config)
    i.SystemInit                             0x08001d90   Section        0  system_stm32f4xx.o(i.SystemInit)
    i.TIM1_UP_TIM10_IRQHandler               0x08001de4   Section        0  stm32f4xx_it.o(i.TIM1_UP_TIM10_IRQHandler)
    i.TIM_Base_SetConfig                     0x08001df0   Section        0  stm32f4xx_hal_tim.o(i.TIM_Base_SetConfig)
    i.UART_DMAAbortOnError                   0x08001eb0   Section        0  stm32f4xx_hal_uart.o(i.UART_DMAAbortOnError)
    UART_DMAAbortOnError                     0x08001eb1   Thumb Code    16  stm32f4xx_hal_uart.o(i.UART_DMAAbortOnError)
    i.UART_EndRxTransfer                     0x08001ec0   Section        0  stm32f4xx_hal_uart.o(i.UART_EndRxTransfer)
    UART_EndRxTransfer                       0x08001ec1   Thumb Code    28  stm32f4xx_hal_uart.o(i.UART_EndRxTransfer)
    i.UART_Receive_IT                        0x08001edc   Section        0  stm32f4xx_hal_uart.o(i.UART_Receive_IT)
    UART_Receive_IT                          0x08001edd   Thumb Code   140  stm32f4xx_hal_uart.o(i.UART_Receive_IT)
    i.UART_SetConfig                         0x08001f68   Section        0  stm32f4xx_hal_uart.o(i.UART_SetConfig)
    UART_SetConfig                           0x08001f69   Thumb Code   676  stm32f4xx_hal_uart.o(i.UART_SetConfig)
    i.UART_Transmit_IT                       0x08002214   Section        0  stm32f4xx_hal_uart.o(i.UART_Transmit_IT)
    UART_Transmit_IT                         0x08002215   Thumb Code    98  stm32f4xx_hal_uart.o(i.UART_Transmit_IT)
    i.UART_WaitOnFlagUntilTimeout            0x08002276   Section        0  stm32f4xx_hal_uart.o(i.UART_WaitOnFlagUntilTimeout)
    UART_WaitOnFlagUntilTimeout              0x08002277   Thumb Code    98  stm32f4xx_hal_uart.o(i.UART_WaitOnFlagUntilTimeout)
    i.USART2_IRQHandler                      0x080022d8   Section        0  stm32f4xx_it.o(i.USART2_IRQHandler)
    i.UsageFault_Handler                     0x080022e4   Section        0  stm32f4xx_it.o(i.UsageFault_Handler)
    i._Error_Handler                         0x080022e6   Section        0  main.o(i._Error_Handler)
    i.__0sprintf                             0x080022e8   Section        0  printfa.o(i.__0sprintf)
    i.__scatterload_copy                     0x08002310   Section       14  handlers.o(i.__scatterload_copy)
    i.__scatterload_null                     0x0800231e   Section        2  handlers.o(i.__scatterload_null)
    i.__scatterload_zeroinit                 0x08002320   Section       14  handlers.o(i.__scatterload_zeroinit)
    i._fp_digits                             0x08002330   Section        0  printfa.o(i._fp_digits)
    _fp_digits                               0x08002331   Thumb Code   366  printfa.o(i._fp_digits)
    i._printf_core                           0x080024b4   Section        0  printfa.o(i._printf_core)
    _printf_core                             0x080024b5   Thumb Code  1744  printfa.o(i._printf_core)
    i._printf_post_padding                   0x08002b90   Section        0  printfa.o(i._printf_post_padding)
    _printf_post_padding                     0x08002b91   Thumb Code    36  printfa.o(i._printf_post_padding)
    i._printf_pre_padding                    0x08002bb4   Section        0  printfa.o(i._printf_pre_padding)
    _printf_pre_padding                      0x08002bb5   Thumb Code    46  printfa.o(i._printf_pre_padding)
    i._sputc                                 0x08002be2   Section        0  printfa.o(i._sputc)
    _sputc                                   0x08002be3   Thumb Code    10  printfa.o(i._sputc)
    i.get_user_input                         0x08002bec   Section        0  glcd_menu.o(i.get_user_input)
    i.glcd_draw_char_xy                      0x08002d68   Section        0  ks0108.o(i.glcd_draw_char_xy)
    i.glcd_draw_string_xy                    0x08002e60   Section        0  ks0108.o(i.glcd_draw_string_xy)
    i.glcd_set_font                          0x08002ea0   Section        0  ks0108.o(i.glcd_set_font)
    i.init_menu                              0x08002ed0   Section        0  glcd_menu.o(i.init_menu)
    i.lcd_demo                               0x080032a8   Section        0  main.o(i.lcd_demo)
    i.main                                   0x080032b0   Section        0  main.o(i.main)
    i.makeFreeRtosPriority                   0x08003334   Section        0  cmsis_os.o(i.makeFreeRtosPriority)
    makeFreeRtosPriority                     0x08003335   Thumb Code    12  cmsis_os.o(i.makeFreeRtosPriority)
    i.osDelay                                0x08003340   Section        0  cmsis_os.o(i.osDelay)
    i.osKernelStart                          0x0800334e   Section        0  cmsis_os.o(i.osKernelStart)
    i.osSystickHandler                       0x08003358   Section        0  cmsis_os.o(i.osSystickHandler)
    i.osThreadCreate                         0x0800336c   Section        0  cmsis_os.o(i.osThreadCreate)
    i.print_menu                             0x0800339c   Section        0  glcd_menu.o(i.print_menu)
    i.prvAddCurrentTaskToDelayedList         0x08003504   Section        0  tasks.o(i.prvAddCurrentTaskToDelayedList)
    prvAddCurrentTaskToDelayedList           0x08003505   Thumb Code   102  tasks.o(i.prvAddCurrentTaskToDelayedList)
    i.prvAddNewTaskToReadyList               0x08003574   Section        0  tasks.o(i.prvAddNewTaskToReadyList)
    prvAddNewTaskToReadyList                 0x08003575   Thumb Code   194  tasks.o(i.prvAddNewTaskToReadyList)
    i.prvCheckTasksWaitingTermination        0x08003644   Section        0  tasks.o(i.prvCheckTasksWaitingTermination)
    prvCheckTasksWaitingTermination          0x08003645   Thumb Code    74  tasks.o(i.prvCheckTasksWaitingTermination)
    i.prvDeleteTCB                           0x08003698   Section        0  tasks.o(i.prvDeleteTCB)
    prvDeleteTCB                             0x08003699   Thumb Code    20  tasks.o(i.prvDeleteTCB)
    i.prvHeapInit                            0x080036ac   Section        0  heap_4.o(i.prvHeapInit)
    prvHeapInit                              0x080036ad   Thumb Code    66  heap_4.o(i.prvHeapInit)
    i.prvIdleTask                            0x080036f8   Section        0  tasks.o(i.prvIdleTask)
    prvIdleTask                              0x080036f9   Thumb Code    30  tasks.o(i.prvIdleTask)
    i.prvInitialiseNewTask                   0x08003720   Section        0  tasks.o(i.prvInitialiseNewTask)
    prvInitialiseNewTask                     0x08003721   Thumb Code   142  tasks.o(i.prvInitialiseNewTask)
    i.prvInsertBlockIntoFreeList             0x080037b0   Section        0  heap_4.o(i.prvInsertBlockIntoFreeList)
    prvInsertBlockIntoFreeList               0x080037b1   Thumb Code    72  heap_4.o(i.prvInsertBlockIntoFreeList)
    i.prvResetNextTaskUnblockTime            0x080037fc   Section        0  tasks.o(i.prvResetNextTaskUnblockTime)
    prvResetNextTaskUnblockTime              0x080037fd   Thumb Code    26  tasks.o(i.prvResetNextTaskUnblockTime)
    i.prvTaskExitError                       0x0800381c   Section        0  port.o(i.prvTaskExitError)
    prvTaskExitError                         0x0800381d   Thumb Code    36  port.o(i.prvTaskExitError)
    i.pvPortMalloc                           0x08003844   Section        0  heap_4.o(i.pvPortMalloc)
    i.pxPortInitialiseStack                  0x0800391c   Section        0  port.o(i.pxPortInitialiseStack)
    i.update_menu_from_variables             0x08003948   Section        0  glcd_menu.o(i.update_menu_from_variables)
    i.uxListRemove                           0x08003984   Section        0  list.o(i.uxListRemove)
    i.vListInitialise                        0x080039a8   Section        0  list.o(i.vListInitialise)
    i.vListInitialiseItem                    0x080039be   Section        0  list.o(i.vListInitialiseItem)
    i.vListInsert                            0x080039c4   Section        0  list.o(i.vListInsert)
    i.vListInsertEnd                         0x080039f4   Section        0  list.o(i.vListInsertEnd)
    i.vPortEnterCritical                     0x08003a0c   Section        0  port.o(i.vPortEnterCritical)
    i.vPortExitCritical                      0x08003a4c   Section        0  port.o(i.vPortExitCritical)
    i.vPortFree                              0x08003a74   Section        0  heap_4.o(i.vPortFree)
    i.vPortSetupTimerInterrupt               0x08003ad0   Section        0  port.o(i.vPortSetupTimerInterrupt)
    i.vTaskDelay                             0x08003af0   Section        0  tasks.o(i.vTaskDelay)
    i.vTaskStartScheduler                    0x08003b3c   Section        0  tasks.o(i.vTaskStartScheduler)
    i.vTaskSuspendAll                        0x08003ba4   Section        0  tasks.o(i.vTaskSuspendAll)
    i.vTaskSwitchContext                     0x08003bb4   Section        0  tasks.o(i.vTaskSwitchContext)
    i.xPortStartScheduler                    0x08003c10   Section        0  port.o(i.xPortStartScheduler)
    i.xPortSysTickHandler                    0x08003cf4   Section        0  port.o(i.xPortSysTickHandler)
    i.xTaskCreate                            0x08003d20   Section        0  tasks.o(i.xTaskCreate)
    i.xTaskGetSchedulerState                 0x08003d78   Section        0  tasks.o(i.xTaskGetSchedulerState)
    i.xTaskIncrementTick                     0x08003d94   Section        0  tasks.o(i.xTaskIncrementTick)
    i.xTaskResumeAll                         0x08003e5c   Section        0  tasks.o(i.xTaskResumeAll)
    .constdata                               0x08003f20   Section      672  glcd_menu.o(.constdata)
    .constdata                               0x080041c0   Section       20  freertos.o(.constdata)
    .constdata                               0x080041d4   Section       16  system_stm32f4xx.o(.constdata)
    .constdata                               0x080041e4   Section        8  system_stm32f4xx.o(.constdata)
    .conststring                             0x080041ec   Section       12  freertos.o(.conststring)
    .data                                    0x20000000   Section       12  stm32f4xx_hal.o(.data)
    .data                                    0x2000000c   Section        8  main.o(.data)
    .data                                    0x20000014   Section       16  ks0108.o(.data)
    .data                                    0x20000024   Section        4  freertos.o(.data)
    .data                                    0x20000028   Section        4  system_stm32f4xx.o(.data)
    .data                                    0x2000002c   Section       24  heap_4.o(.data)
    pxEnd                                    0x2000002c   Data           4  heap_4.o(.data)
    xFreeBytesRemaining                      0x20000030   Data           4  heap_4.o(.data)
    xMinimumEverFreeBytesRemaining           0x20000034   Data           4  heap_4.o(.data)
    xBlockAllocatedBit                       0x20000038   Data           4  heap_4.o(.data)
    xStart                                   0x2000003c   Data           8  heap_4.o(.data)
    .data                                    0x20000044   Section       60  tasks.o(.data)
    uxDeletedTasksWaitingCleanUp             0x20000048   Data           4  tasks.o(.data)
    uxCurrentNumberOfTasks                   0x2000004c   Data           4  tasks.o(.data)
    xTickCount                               0x20000050   Data           4  tasks.o(.data)
    uxTopReadyPriority                       0x20000054   Data           4  tasks.o(.data)
    xSchedulerRunning                        0x20000058   Data           4  tasks.o(.data)
    uxPendedTicks                            0x2000005c   Data           4  tasks.o(.data)
    xYieldPending                            0x20000060   Data           4  tasks.o(.data)
    xNumOfOverflows                          0x20000064   Data           4  tasks.o(.data)
    uxTaskNumber                             0x20000068   Data           4  tasks.o(.data)
    xNextTaskUnblockTime                     0x2000006c   Data           4  tasks.o(.data)
    xIdleTaskHandle                          0x20000070   Data           4  tasks.o(.data)
    uxSchedulerSuspended                     0x20000074   Data           4  tasks.o(.data)
    pxDelayedTaskList                        0x20000078   Data           4  tasks.o(.data)
    pxOverflowDelayedTaskList                0x2000007c   Data           4  tasks.o(.data)
    .data                                    0x20000080   Section       12  port.o(.data)
    ucMaxSysCallPriority                     0x20000080   Data           1  port.o(.data)
    uxCriticalNesting                        0x20000084   Data           4  port.o(.data)
    ulMaxPRIGROUPValue                       0x20000088   Data           4  port.o(.data)
    .data                                    0x2000008c   Section        4  strtok.o(.data)
    state                                    0x2000008c   Data           4  strtok.o(.data)
    .bss                                     0x20000090   Section     2688  main.o(.bss)
    .bss                                     0x20000b10   Section       20  main.o(.bss)
    .bss                                     0x20000b24   Section       20  ks0108-stm32.o(.bss)
    .bss                                     0x20000b38   Section       64  usart.o(.bss)
    .bss                                     0x20000b78   Section       60  stm32f4xx_hal_timebase_tim.o(.bss)
    .bss                                     0x20000bb4   Section    15360  heap_4.o(.bss)
    ucHeap                                   0x20000bb4   Data       15360  heap_4.o(.bss)
    .bss                                     0x200047b4   Section      240  tasks.o(.bss)
    pxReadyTasksLists                        0x200047b4   Data         140  tasks.o(.bss)
    xDelayedTaskList1                        0x20004840   Data          20  tasks.o(.bss)
    xDelayedTaskList2                        0x20004854   Data          20  tasks.o(.bss)
    xPendingReadyList                        0x20004868   Data          20  tasks.o(.bss)
    xTasksWaitingTermination                 0x2000487c   Data          20  tasks.o(.bss)
    xSuspendedTaskList                       0x20004890   Data          20  tasks.o(.bss)
    STACK                                    0x200048a8   Section     1024  startup_stm32f407xx.o(STACK)

    Global Symbols

    Symbol Name                              Value     Ov Type        Size  Object(Section)

    BuildAttributes$$THM_ISAv4$E$P$D$K$B$S$7EM$VFPi3$EXTD16$VFPS$VFMA$PE$A:L22UL41UL21$X:L11$S22US41US21$IEEE1$IW$USESV6$~STKCKD$USESV7$~SHL$OSPACE$ROPI$EBA8$MICROLIB$REQ8$PRES8$EABIv2 0x00000000   Number         0  anon$$obj.o ABSOLUTE
    __ARM_use_no_argv                        0x00000000   Number         0  main.o ABSOLUTE
    _printf_a                                0x00000000   Number         0  stubs.o ABSOLUTE
    _printf_c                                0x00000000   Number         0  stubs.o ABSOLUTE
    _printf_charcount                        0x00000000   Number         0  stubs.o ABSOLUTE
    _printf_d                                0x00000000   Number         0  stubs.o ABSOLUTE
    _printf_e                                0x00000000   Number         0  stubs.o ABSOLUTE
    _printf_f                                0x00000000   Number         0  stubs.o ABSOLUTE
    _printf_flags                            0x00000000   Number         0  stubs.o ABSOLUTE
    _printf_fp_dec                           0x00000000   Number         0  stubs.o ABSOLUTE
    _printf_fp_hex                           0x00000000   Number         0  stubs.o ABSOLUTE
    _printf_g                                0x00000000   Number         0  stubs.o ABSOLUTE
    _printf_i                                0x00000000   Number         0  stubs.o ABSOLUTE
    _printf_int_dec                          0x00000000   Number         0  stubs.o ABSOLUTE
    _printf_l                                0x00000000   Number         0  stubs.o ABSOLUTE
    _printf_lc                               0x00000000   Number         0  stubs.o ABSOLUTE
    _printf_ll                               0x00000000   Number         0  stubs.o ABSOLUTE
    _printf_lld                              0x00000000   Number         0  stubs.o ABSOLUTE
    _printf_lli                              0x00000000   Number         0  stubs.o ABSOLUTE
    _printf_llo                              0x00000000   Number         0  stubs.o ABSOLUTE
    _printf_llu                              0x00000000   Number         0  stubs.o ABSOLUTE
    _printf_llx                              0x00000000   Number         0  stubs.o ABSOLUTE
    _printf_longlong_dec                     0x00000000   Number         0  stubs.o ABSOLUTE
    _printf_longlong_hex                     0x00000000   Number         0  stubs.o ABSOLUTE
    _printf_longlong_oct                     0x00000000   Number         0  stubs.o ABSOLUTE
    _printf_ls                               0x00000000   Number         0  stubs.o ABSOLUTE
    _printf_mbtowc                           0x00000000   Number         0  stubs.o ABSOLUTE
    _printf_n                                0x00000000   Number         0  stubs.o ABSOLUTE
    _printf_o                                0x00000000   Number         0  stubs.o ABSOLUTE
    _printf_p                                0x00000000   Number         0  stubs.o ABSOLUTE
    _printf_percent                          0x00000000   Number         0  stubs.o ABSOLUTE
    _printf_pre_padding                      0x00000000   Number         0  stubs.o ABSOLUTE
    _printf_return_value                     0x00000000   Number         0  stubs.o ABSOLUTE
    _printf_s                                0x00000000   Number         0  stubs.o ABSOLUTE
    _printf_sizespec                         0x00000000   Number         0  stubs.o ABSOLUTE
    _printf_str                              0x00000000   Number         0  stubs.o ABSOLUTE
    _printf_truncate_signed                  0x00000000   Number         0  stubs.o ABSOLUTE
    _printf_truncate_unsigned                0x00000000   Number         0  stubs.o ABSOLUTE
    _printf_u                                0x00000000   Number         0  stubs.o ABSOLUTE
    _printf_wc                               0x00000000   Number         0  stubs.o ABSOLUTE
    _printf_wctomb                           0x00000000   Number         0  stubs.o ABSOLUTE
    _printf_widthprec                        0x00000000   Number         0  stubs.o ABSOLUTE
    _printf_x                                0x00000000   Number         0  stubs.o ABSOLUTE
    __cpp_initialize__aeabi_                  - Undefined Weak Reference
    __cxa_finalize                            - Undefined Weak Reference
    __decompress                              - Undefined Weak Reference
    _clock_init                               - Undefined Weak Reference
    _microlib_exit                            - Undefined Weak Reference
    __Vectors_Size                           0x00000188   Number         0  startup_stm32f407xx.o ABSOLUTE
    __Vectors                                0x08000000   Data           4  startup_stm32f407xx.o(RESET)
    __Vectors_End                            0x08000188   Data           0  startup_stm32f407xx.o(RESET)
    __main                                   0x08000189   Thumb Code     0  entry.o(.ARM.Collect$$$$00000000)
    _main_stk                                0x08000189   Thumb Code     0  entry2.o(.ARM.Collect$$$$00000001)
    _main_scatterload                        0x0800018d   Thumb Code     0  entry5.o(.ARM.Collect$$$$00000004)
    __main_after_scatterload                 0x08000191   Thumb Code     0  entry5.o(.ARM.Collect$$$$00000004)
    _main_clock                              0x08000191   Thumb Code     0  entry7b.o(.ARM.Collect$$$$00000008)
    _main_cpp_init                           0x08000191   Thumb Code     0  entry8b.o(.ARM.Collect$$$$0000000A)
    _main_init                               0x08000191   Thumb Code     0  entry9a.o(.ARM.Collect$$$$0000000B)
    __rt_final_cpp                           0x08000199   Thumb Code     0  entry10a.o(.ARM.Collect$$$$0000000D)
    __rt_final_exit                          0x08000199   Thumb Code     0  entry11a.o(.ARM.Collect$$$$0000000F)
    SVC_Handler                              0x0800019d   Thumb Code    28  port.o(.emb_text)
    __asm___6_port_c_39a90d8d__prvStartFirstTask 0x080001bd   Thumb Code    28  port.o(.emb_text)
    __asm___6_port_c_39a90d8d__prvEnableVFP  0x080001dd   Thumb Code    16  port.o(.emb_text)
    PendSV_Handler                           0x080001f1   Thumb Code    92  port.o(.emb_text)
    vPortGetIPSR                             0x08000251   Thumb Code     6  port.o(.emb_text)
    Reset_Handler                            0x08000259   Thumb Code     8  startup_stm32f407xx.o(.text)
    ADC_IRQHandler                           0x08000273   Thumb Code     0  startup_stm32f407xx.o(.text)
    CAN1_RX0_IRQHandler                      0x08000273   Thumb Code     0  startup_stm32f407xx.o(.text)
    CAN1_RX1_IRQHandler                      0x08000273   Thumb Code     0  startup_stm32f407xx.o(.text)
    CAN1_SCE_IRQHandler                      0x08000273   Thumb Code     0  startup_stm32f407xx.o(.text)
    CAN1_TX_IRQHandler                       0x08000273   Thumb Code     0  startup_stm32f407xx.o(.text)
    CAN2_RX0_IRQHandler                      0x08000273   Thumb Code     0  startup_stm32f407xx.o(.text)
    CAN2_RX1_IRQHandler                      0x08000273   Thumb Code     0  startup_stm32f407xx.o(.text)
    CAN2_SCE_IRQHandler                      0x08000273   Thumb Code     0  startup_stm32f407xx.o(.text)
    CAN2_TX_IRQHandler                       0x08000273   Thumb Code     0  startup_stm32f407xx.o(.text)
    DCMI_IRQHandler                          0x08000273   Thumb Code     0  startup_stm32f407xx.o(.text)
    DMA1_Stream0_IRQHandler                  0x08000273   Thumb Code     0  startup_stm32f407xx.o(.text)
    DMA1_Stream1_IRQHandler                  0x08000273   Thumb Code     0  startup_stm32f407xx.o(.text)
    DMA1_Stream2_IRQHandler                  0x08000273   Thumb Code     0  startup_stm32f407xx.o(.text)
    DMA1_Stream3_IRQHandler                  0x08000273   Thumb Code     0  startup_stm32f407xx.o(.text)
    DMA1_Stream4_IRQHandler                  0x08000273   Thumb Code     0  startup_stm32f407xx.o(.text)
    DMA1_Stream5_IRQHandler                  0x08000273   Thumb Code     0  startup_stm32f407xx.o(.text)
    DMA1_Stream6_IRQHandler                  0x08000273   Thumb Code     0  startup_stm32f407xx.o(.text)
    DMA1_Stream7_IRQHandler                  0x08000273   Thumb Code     0  startup_stm32f407xx.o(.text)
    DMA2_Stream0_IRQHandler                  0x08000273   Thumb Code     0  startup_stm32f407xx.o(.text)
    DMA2_Stream1_IRQHandler                  0x08000273   Thumb Code     0  startup_stm32f407xx.o(.text)
    DMA2_Stream2_IRQHandler                  0x08000273   Thumb Code     0  startup_stm32f407xx.o(.text)
    DMA2_Stream3_IRQHandler                  0x08000273   Thumb Code     0  startup_stm32f407xx.o(.text)
    DMA2_Stream4_IRQHandler                  0x08000273   Thumb Code     0  startup_stm32f407xx.o(.text)
    DMA2_Stream5_IRQHandler                  0x08000273   Thumb Code     0  startup_stm32f407xx.o(.text)
    DMA2_Stream6_IRQHandler                  0x08000273   Thumb Code     0  startup_stm32f407xx.o(.text)
    DMA2_Stream7_IRQHandler                  0x08000273   Thumb Code     0  startup_stm32f407xx.o(.text)
    ETH_IRQHandler                           0x08000273   Thumb Code     0  startup_stm32f407xx.o(.text)
    ETH_WKUP_IRQHandler                      0x08000273   Thumb Code     0  startup_stm32f407xx.o(.text)
    EXTI0_IRQHandler                         0x08000273   Thumb Code     0  startup_stm32f407xx.o(.text)
    EXTI15_10_IRQHandler                     0x08000273   Thumb Code     0  startup_stm32f407xx.o(.text)
    EXTI1_IRQHandler                         0x08000273   Thumb Code     0  startup_stm32f407xx.o(.text)
    EXTI2_IRQHandler                         0x08000273   Thumb Code     0  startup_stm32f407xx.o(.text)
    EXTI3_IRQHandler                         0x08000273   Thumb Code     0  startup_stm32f407xx.o(.text)
    EXTI4_IRQHandler                         0x08000273   Thumb Code     0  startup_stm32f407xx.o(.text)
    EXTI9_5_IRQHandler                       0x08000273   Thumb Code     0  startup_stm32f407xx.o(.text)
    FLASH_IRQHandler                         0x08000273   Thumb Code     0  startup_stm32f407xx.o(.text)
    FMC_IRQHandler                           0x08000273   Thumb Code     0  startup_stm32f407xx.o(.text)
    FPU_IRQHandler                           0x08000273   Thumb Code     0  startup_stm32f407xx.o(.text)
    HASH_RNG_IRQHandler                      0x08000273   Thumb Code     0  startup_stm32f407xx.o(.text)
    I2C1_ER_IRQHandler                       0x08000273   Thumb Code     0  startup_stm32f407xx.o(.text)
    I2C1_EV_IRQHandler                       0x08000273   Thumb Code     0  startup_stm32f407xx.o(.text)
    I2C2_ER_IRQHandler                       0x08000273   Thumb Code     0  startup_stm32f407xx.o(.text)
    I2C2_EV_IRQHandler                       0x08000273   Thumb Code     0  startup_stm32f407xx.o(.text)
    I2C3_ER_IRQHandler                       0x08000273   Thumb Code     0  startup_stm32f407xx.o(.text)
    I2C3_EV_IRQHandler                       0x08000273   Thumb Code     0  startup_stm32f407xx.o(.text)
    OTG_FS_IRQHandler                        0x08000273   Thumb Code     0  startup_stm32f407xx.o(.text)
    OTG_FS_WKUP_IRQHandler                   0x08000273   Thumb Code     0  startup_stm32f407xx.o(.text)
    OTG_HS_EP1_IN_IRQHandler                 0x08000273   Thumb Code     0  startup_stm32f407xx.o(.text)
    OTG_HS_EP1_OUT_IRQHandler                0x08000273   Thumb Code     0  startup_stm32f407xx.o(.text)
    OTG_HS_IRQHandler                        0x08000273   Thumb Code     0  startup_stm32f407xx.o(.text)
    OTG_HS_WKUP_IRQHandler                   0x08000273   Thumb Code     0  startup_stm32f407xx.o(.text)
    PVD_IRQHandler                           0x08000273   Thumb Code     0  startup_stm32f407xx.o(.text)
    RCC_IRQHandler                           0x08000273   Thumb Code     0  startup_stm32f407xx.o(.text)
    RTC_Alarm_IRQHandler                     0x08000273   Thumb Code     0  startup_stm32f407xx.o(.text)
    RTC_WKUP_IRQHandler                      0x08000273   Thumb Code     0  startup_stm32f407xx.o(.text)
    SDIO_IRQHandler                          0x08000273   Thumb Code     0  startup_stm32f407xx.o(.text)
    SPI1_IRQHandler                          0x08000273   Thumb Code     0  startup_stm32f407xx.o(.text)
    SPI2_IRQHandler                          0x08000273   Thumb Code     0  startup_stm32f407xx.o(.text)
    SPI3_IRQHandler                          0x08000273   Thumb Code     0  startup_stm32f407xx.o(.text)
    TAMP_STAMP_IRQHandler                    0x08000273   Thumb Code     0  startup_stm32f407xx.o(.text)
    TIM1_BRK_TIM9_IRQHandler                 0x08000273   Thumb Code     0  startup_stm32f407xx.o(.text)
    TIM1_CC_IRQHandler                       0x08000273   Thumb Code     0  startup_stm32f407xx.o(.text)
    TIM1_TRG_COM_TIM11_IRQHandler            0x08000273   Thumb Code     0  startup_stm32f407xx.o(.text)
    TIM2_IRQHandler                          0x08000273   Thumb Code     0  startup_stm32f407xx.o(.text)
    TIM3_IRQHandler                          0x08000273   Thumb Code     0  startup_stm32f407xx.o(.text)
    TIM4_IRQHandler                          0x08000273   Thumb Code     0  startup_stm32f407xx.o(.text)
    TIM5_IRQHandler                          0x08000273   Thumb Code     0  startup_stm32f407xx.o(.text)
    TIM6_DAC_IRQHandler                      0x08000273   Thumb Code     0  startup_stm32f407xx.o(.text)
    TIM7_IRQHandler                          0x08000273   Thumb Code     0  startup_stm32f407xx.o(.text)
    TIM8_BRK_TIM12_IRQHandler                0x08000273   Thumb Code     0  startup_stm32f407xx.o(.text)
    TIM8_CC_IRQHandler                       0x08000273   Thumb Code     0  startup_stm32f407xx.o(.text)
    TIM8_TRG_COM_TIM14_IRQHandler            0x08000273   Thumb Code     0  startup_stm32f407xx.o(.text)
    TIM8_UP_TIM13_IRQHandler                 0x08000273   Thumb Code     0  startup_stm32f407xx.o(.text)
    UART4_IRQHandler                         0x08000273   Thumb Code     0  startup_stm32f407xx.o(.text)
    UART5_IRQHandler                         0x08000273   Thumb Code     0  startup_stm32f407xx.o(.text)
    USART1_IRQHandler                        0x08000273   Thumb Code     0  startup_stm32f407xx.o(.text)
    USART3_IRQHandler                        0x08000273   Thumb Code     0  startup_stm32f407xx.o(.text)
    USART6_IRQHandler                        0x08000273   Thumb Code     0  startup_stm32f407xx.o(.text)
    WWDG_IRQHandler                          0x08000273   Thumb Code     0  startup_stm32f407xx.o(.text)
    __aeabi_uldivmod                         0x0800027d   Thumb Code    98  uldiv.o(.text)
    __aeabi_memcpy                           0x080002df   Thumb Code    36  memcpya.o(.text)
    __aeabi_memcpy4                          0x080002df   Thumb Code     0  memcpya.o(.text)
    __aeabi_memcpy8                          0x080002df   Thumb Code     0  memcpya.o(.text)
    strstr                                   0x08000303   Thumb Code    36  strstr.o(.text)
    strcpy                                   0x08000327   Thumb Code    18  strcpy.o(.text)
    strtok                                   0x08000339   Thumb Code    62  strtok.o(.text)
    __aeabi_f2d                              0x0800037d   Thumb Code    38  f2d.o(.text)
    __aeabi_uidiv                            0x080003a3   Thumb Code     0  uidiv.o(.text)
    __aeabi_uidivmod                         0x080003a3   Thumb Code    44  uidiv.o(.text)
    __aeabi_llsl                             0x080003cf   Thumb Code    30  llshl.o(.text)
    _ll_shift_l                              0x080003cf   Thumb Code     0  llshl.o(.text)
    __aeabi_llsr                             0x080003ed   Thumb Code    32  llushr.o(.text)
    _ll_ushift_r                             0x080003ed   Thumb Code     0  llushr.o(.text)
    __I$use$fp                               0x0800040d   Thumb Code     0  iusefp.o(.text)
    __aeabi_dadd                             0x0800040d   Thumb Code   322  dadd.o(.text)
    __aeabi_dsub                             0x0800054f   Thumb Code     6  dadd.o(.text)
    __aeabi_drsub                            0x08000555   Thumb Code     6  dadd.o(.text)
    __aeabi_dmul                             0x0800055b   Thumb Code   228  dmul.o(.text)
    __aeabi_ddiv                             0x0800063f   Thumb Code   222  ddiv.o(.text)
    __aeabi_d2ulz                            0x0800071d   Thumb Code    48  dfixul.o(.text)
    __aeabi_cdrcmple                         0x0800074d   Thumb Code    48  cdrcmple.o(.text)
    __scatterload                            0x0800077d   Thumb Code    28  init.o(.text)
    __scatterload_rt2                        0x0800077d   Thumb Code     0  init.o(.text)
    __aeabi_lasr                             0x080007a1   Thumb Code    36  llsshr.o(.text)
    _ll_sshift_r                             0x080007a1   Thumb Code     0  llsshr.o(.text)
    _double_round                            0x080007c5   Thumb Code    30  depilogue.o(.text)
    _double_epilogue                         0x080007e3   Thumb Code   156  depilogue.o(.text)
    BusFault_Handler                         0x0800087f   Thumb Code     2  stm32f4xx_it.o(i.BusFault_Handler)
    CalcTextWidthEN                          0x08000881   Thumb Code    80  ks0108.o(i.CalcTextWidthEN)
    DebugMon_Handler                         0x080008d5   Thumb Code     2  stm32f4xx_it.o(i.DebugMon_Handler)
    GLCD_ClearScreen                         0x080008d7   Thumb Code    38  ks0108.o(i.GLCD_ClearScreen)
    GLCD_Delay                               0x080008fd   Thumb Code    10  ks0108-stm32.o(i.GLCD_Delay)
    GLCD_DisableController                   0x08000909   Thumb Code    26  ks0108-stm32.o(i.GLCD_DisableController)
    GLCD_EnableController                    0x08000929   Thumb Code    26  ks0108-stm32.o(i.GLCD_EnableController)
    GLCD_GoTo                                0x08000949   Thumb Code    50  ks0108.o(i.GLCD_GoTo)
    GLCD_Initalize                           0x08000981   Thumb Code    22  ks0108.o(i.GLCD_Initalize)
    GLCD_Line                                0x08000997   Thumb Code   148  graphic.o(i.GLCD_Line)
    GLCD_ReadData                            0x08000a2d   Thumb Code   192  ks0108-stm32.o(i.GLCD_ReadData)
    GLCD_ReadStatus                          0x08000af9   Thumb Code   178  ks0108-stm32.o(i.GLCD_ReadStatus)
    GLCD_SetPixel                            0x08000bb5   Thumb Code    64  ks0108.o(i.GLCD_SetPixel)
    GLCD_WriteCommand                        0x08000bf5   Thumb Code   196  ks0108-stm32.o(i.GLCD_WriteCommand)
    GLCD_WriteData                           0x08000cc1   Thumb Code   192  ks0108-stm32.o(i.GLCD_WriteData)
    HAL_DMA_Abort_IT                         0x08000d8d   Thumb Code    36  stm32f4xx_hal_dma.o(i.HAL_DMA_Abort_IT)
    HAL_GPIO_Init                            0x08000db1   Thumb Code   402  stm32f4xx_hal_gpio.o(i.HAL_GPIO_Init)
    HAL_GPIO_ReadPin                         0x08000f71   Thumb Code    10  stm32f4xx_hal_gpio.o(i.HAL_GPIO_ReadPin)
    HAL_GPIO_WritePin                        0x08000f7b   Thumb Code    10  stm32f4xx_hal_gpio.o(i.HAL_GPIO_WritePin)
    HAL_GetTick                              0x08000f85   Thumb Code     6  stm32f4xx_hal.o(i.HAL_GetTick)
    HAL_IncTick                              0x08000f91   Thumb Code    12  stm32f4xx_hal.o(i.HAL_IncTick)
    HAL_Init                                 0x08000fa1   Thumb Code    48  stm32f4xx_hal.o(i.HAL_Init)
    HAL_InitTick                             0x08000fd5   Thumb Code   100  stm32f4xx_hal_timebase_tim.o(i.HAL_InitTick)
    HAL_MspInit                              0x08001049   Thumb Code    88  stm32f4xx_hal_msp.o(i.HAL_MspInit)
    HAL_NVIC_EnableIRQ                       0x080010a1   Thumb Code    22  stm32f4xx_hal_cortex.o(i.HAL_NVIC_EnableIRQ)
    HAL_NVIC_SetPriority                     0x080010b9   Thumb Code    60  stm32f4xx_hal_cortex.o(i.HAL_NVIC_SetPriority)
    HAL_NVIC_SetPriorityGrouping             0x080010f9   Thumb Code    26  stm32f4xx_hal_cortex.o(i.HAL_NVIC_SetPriorityGrouping)
    HAL_RCC_ClockConfig                      0x0800111d   Thumb Code   286  stm32f4xx_hal_rcc.o(i.HAL_RCC_ClockConfig)
    HAL_RCC_GetClockConfig                   0x0800124d   Thumb Code    54  stm32f4xx_hal_rcc.o(i.HAL_RCC_GetClockConfig)
    HAL_RCC_GetHCLKFreq                      0x0800128d   Thumb Code     6  stm32f4xx_hal_rcc.o(i.HAL_RCC_GetHCLKFreq)
    HAL_RCC_GetPCLK1Freq                     0x08001299   Thumb Code    20  stm32f4xx_hal_rcc.o(i.HAL_RCC_GetPCLK1Freq)
    HAL_RCC_GetPCLK2Freq                     0x080012b9   Thumb Code    20  stm32f4xx_hal_rcc.o(i.HAL_RCC_GetPCLK2Freq)
    HAL_RCC_GetSysClockFreq                  0x080012d9   Thumb Code    88  stm32f4xx_hal_rcc.o(i.HAL_RCC_GetSysClockFreq)
    HAL_RCC_OscConfig                        0x08001339   Thumb Code   766  stm32f4xx_hal_rcc.o(i.HAL_RCC_OscConfig)
    HAL_SYSTICK_CLKSourceConfig              0x0800164d   Thumb Code    24  stm32f4xx_hal_cortex.o(i.HAL_SYSTICK_CLKSourceConfig)
    HAL_SYSTICK_Config                       0x08001665   Thumb Code    40  stm32f4xx_hal_cortex.o(i.HAL_SYSTICK_Config)
    HAL_TIMEx_BreakCallback                  0x0800168d   Thumb Code     2  stm32f4xx_hal_tim_ex.o(i.HAL_TIMEx_BreakCallback)
    HAL_TIMEx_CommutationCallback            0x0800168f   Thumb Code     2  stm32f4xx_hal_tim_ex.o(i.HAL_TIMEx_CommutationCallback)
    HAL_TIM_Base_Init                        0x08001691   Thumb Code    54  stm32f4xx_hal_tim.o(i.HAL_TIM_Base_Init)
    HAL_TIM_Base_MspInit                     0x080016c7   Thumb Code     2  stm32f4xx_hal_tim.o(i.HAL_TIM_Base_MspInit)
    HAL_TIM_Base_Start_IT                    0x080016c9   Thumb Code    24  stm32f4xx_hal_tim.o(i.HAL_TIM_Base_Start_IT)
    HAL_TIM_IC_CaptureCallback               0x080016e1   Thumb Code     2  stm32f4xx_hal_tim.o(i.HAL_TIM_IC_CaptureCallback)
    HAL_TIM_IRQHandler                       0x080016e3   Thumb Code   358  stm32f4xx_hal_tim.o(i.HAL_TIM_IRQHandler)
    HAL_TIM_OC_DelayElapsedCallback          0x08001849   Thumb Code     2  stm32f4xx_hal_tim.o(i.HAL_TIM_OC_DelayElapsedCallback)
    HAL_TIM_PWM_PulseFinishedCallback        0x0800184b   Thumb Code     2  stm32f4xx_hal_tim.o(i.HAL_TIM_PWM_PulseFinishedCallback)
    HAL_TIM_PeriodElapsedCallback            0x0800184d   Thumb Code    14  main.o(i.HAL_TIM_PeriodElapsedCallback)
    HAL_TIM_TriggerCallback                  0x08001861   Thumb Code     2  stm32f4xx_hal_tim.o(i.HAL_TIM_TriggerCallback)
    HAL_UART_ErrorCallback                   0x08001863   Thumb Code     2  stm32f4xx_hal_uart.o(i.HAL_UART_ErrorCallback)
    HAL_UART_IRQHandler                      0x08001865   Thumb Code   266  stm32f4xx_hal_uart.o(i.HAL_UART_IRQHandler)
    HAL_UART_Init                            0x08001975   Thumb Code    98  stm32f4xx_hal_uart.o(i.HAL_UART_Init)
    HAL_UART_MspInit                         0x080019d9   Thumb Code    78  usart.o(i.HAL_UART_MspInit)
    HAL_UART_Receive_IT                      0x08001a35   Thumb Code    72  stm32f4xx_hal_uart.o(i.HAL_UART_Receive_IT)
    HAL_UART_RxCpltCallback                  0x08001a7d   Thumb Code    50  main.o(i.HAL_UART_RxCpltCallback)
    HAL_UART_Transmit                        0x08001abd   Thumb Code   186  stm32f4xx_hal_uart.o(i.HAL_UART_Transmit)
    HAL_UART_TxCpltCallback                  0x08001b77   Thumb Code     2  stm32f4xx_hal_uart.o(i.HAL_UART_TxCpltCallback)
    HardFault_Handler                        0x08001b79   Thumb Code     2  stm32f4xx_it.o(i.HardFault_Handler)
    MX_FREERTOS_Init                         0x08001b7d   Thumb Code    30  freertos.o(i.MX_FREERTOS_Init)
    MX_GPIO_Init                             0x08001ba5   Thumb Code   138  gpio.o(i.MX_GPIO_Init)
    MX_USART2_UART_Init                      0x08001c3d   Thumb Code    52  usart.o(i.MX_USART2_UART_Init)
    MemManage_Handler                        0x08001c89   Thumb Code     2  stm32f4xx_it.o(i.MemManage_Handler)
    NMI_Handler                              0x08001c8b   Thumb Code     2  stm32f4xx_it.o(i.NMI_Handler)
    Port_in_out_mode                         0x08001cad   Thumb Code    52  ks0108-stm32.o(i.Port_in_out_mode)
    StartDefaultTask                         0x08001ce9   Thumb Code     8  freertos.o(i.StartDefaultTask)
    SysTick_Handler                          0x08001cf1   Thumb Code     4  stm32f4xx_it.o(i.SysTick_Handler)
    SystemClock_Config                       0x08001cf5   Thumb Code   148  main.o(i.SystemClock_Config)
    SystemInit                               0x08001d91   Thumb Code    66  system_stm32f4xx.o(i.SystemInit)
    TIM1_UP_TIM10_IRQHandler                 0x08001de5   Thumb Code     6  stm32f4xx_it.o(i.TIM1_UP_TIM10_IRQHandler)
    TIM_Base_SetConfig                       0x08001df1   Thumb Code   148  stm32f4xx_hal_tim.o(i.TIM_Base_SetConfig)
    USART2_IRQHandler                        0x080022d9   Thumb Code     6  stm32f4xx_it.o(i.USART2_IRQHandler)
    UsageFault_Handler                       0x080022e5   Thumb Code     2  stm32f4xx_it.o(i.UsageFault_Handler)
    _Error_Handler                           0x080022e7   Thumb Code     2  main.o(i._Error_Handler)
    __0sprintf                               0x080022e9   Thumb Code    34  printfa.o(i.__0sprintf)
    __1sprintf                               0x080022e9   Thumb Code     0  printfa.o(i.__0sprintf)
    __2sprintf                               0x080022e9   Thumb Code     0  printfa.o(i.__0sprintf)
    __c89sprintf                             0x080022e9   Thumb Code     0  printfa.o(i.__0sprintf)
    sprintf                                  0x080022e9   Thumb Code     0  printfa.o(i.__0sprintf)
    __scatterload_copy                       0x08002311   Thumb Code    14  handlers.o(i.__scatterload_copy)
    __scatterload_null                       0x0800231f   Thumb Code     2  handlers.o(i.__scatterload_null)
    __scatterload_zeroinit                   0x08002321   Thumb Code    14  handlers.o(i.__scatterload_zeroinit)
    get_user_input                           0x08002bed   Thumb Code   344  glcd_menu.o(i.get_user_input)
    glcd_draw_char_xy                        0x08002d69   Thumb Code   244  ks0108.o(i.glcd_draw_char_xy)
    glcd_draw_string_xy                      0x08002e61   Thumb Code    60  ks0108.o(i.glcd_draw_string_xy)
    glcd_set_font                            0x08002ea1   Thumb Code    44  ks0108.o(i.glcd_set_font)
    init_menu                                0x08002ed1   Thumb Code   650  glcd_menu.o(i.init_menu)
    lcd_demo                                 0x080032a9   Thumb Code     8  main.o(i.lcd_demo)
    main                                     0x080032b1   Thumb Code   104  main.o(i.main)
    osDelay                                  0x08003341   Thumb Code    14  cmsis_os.o(i.osDelay)
    osKernelStart                            0x0800334f   Thumb Code    10  cmsis_os.o(i.osKernelStart)
    osSystickHandler                         0x08003359   Thumb Code    20  cmsis_os.o(i.osSystickHandler)
    osThreadCreate                           0x0800336d   Thumb Code    46  cmsis_os.o(i.osThreadCreate)
    print_menu                               0x0800339d   Thumb Code   336  glcd_menu.o(i.print_menu)
    pvPortMalloc                             0x08003845   Thumb Code   210  heap_4.o(i.pvPortMalloc)
    pxPortInitialiseStack                    0x0800391d   Thumb Code    40  port.o(i.pxPortInitialiseStack)
    update_menu_from_variables               0x08003949   Thumb Code    56  glcd_menu.o(i.update_menu_from_variables)
    uxListRemove                             0x08003985   Thumb Code    36  list.o(i.uxListRemove)
    vListInitialise                          0x080039a9   Thumb Code    22  list.o(i.vListInitialise)
    vListInitialiseItem                      0x080039bf   Thumb Code     6  list.o(i.vListInitialiseItem)
    vListInsert                              0x080039c5   Thumb Code    48  list.o(i.vListInsert)
    vListInsertEnd                           0x080039f5   Thumb Code    24  list.o(i.vListInsertEnd)
    vPortEnterCritical                       0x08003a0d   Thumb Code    54  port.o(i.vPortEnterCritical)
    vPortExitCritical                        0x08003a4d   Thumb Code    34  port.o(i.vPortExitCritical)
    vPortFree                                0x08003a75   Thumb Code    88  heap_4.o(i.vPortFree)
    vPortSetupTimerInterrupt                 0x08003ad1   Thumb Code    26  port.o(i.vPortSetupTimerInterrupt)
    vTaskDelay                               0x08003af1   Thumb Code    66  tasks.o(i.vTaskDelay)
    vTaskStartScheduler                      0x08003b3d   Thumb Code    86  tasks.o(i.vTaskStartScheduler)
    vTaskSuspendAll                          0x08003ba5   Thumb Code    10  tasks.o(i.vTaskSuspendAll)
    vTaskSwitchContext                       0x08003bb5   Thumb Code    82  tasks.o(i.vTaskSwitchContext)
    xPortStartScheduler                      0x08003c11   Thumb Code   208  port.o(i.xPortStartScheduler)
    xPortSysTickHandler                      0x08003cf5   Thumb Code    38  port.o(i.xPortSysTickHandler)
    xTaskCreate                              0x08003d21   Thumb Code    86  tasks.o(i.xTaskCreate)
    xTaskGetSchedulerState                   0x08003d79   Thumb Code    22  tasks.o(i.xTaskGetSchedulerState)
    xTaskIncrementTick                       0x08003d95   Thumb Code   192  tasks.o(i.xTaskIncrementTick)
    xTaskResumeAll                           0x08003e5d   Thumb Code   182  tasks.o(i.xTaskResumeAll)
    Terminal6x8                              0x08003f20   Data         672  glcd_menu.o(.constdata)
    AHBPrescTable                            0x080041d4   Data          16  system_stm32f4xx.o(.constdata)
    APBPrescTable                            0x080041e4   Data           8  system_stm32f4xx.o(.constdata)
    Region$$Table$$Base                      0x080041f8   Number         0  anon$$obj.o(Region$$Table)
    Region$$Table$$Limit                     0x08004218   Number         0  anon$$obj.o(Region$$Table)
    uwTickFreq                               0x20000000   Data           1  stm32f4xx_hal.o(.data)
    uwTickPrio                               0x20000004   Data           4  stm32f4xx_hal.o(.data)
    uwTick                                   0x20000008   Data           4  stm32f4xx_hal.o(.data)
    lcd_demo_handle                          0x2000000c   Data           4  main.o(.data)
    active_menu                              0x20000010   Data           4  main.o(.data)
    screen_x                                 0x20000014   Data           1  ks0108.o(.data)
    screen_y                                 0x20000015   Data           1  ks0108.o(.data)
    firstchar                                0x20000016   Data           1  ks0108.o(.data)
    lastchar                                 0x20000017   Data           1  ks0108.o(.data)
    charwidth                                0x20000018   Data           1  ks0108.o(.data)
    FontWidth                                0x20000019   Data           1  ks0108.o(.data)
    FontHeight                               0x2000001a   Data           1  ks0108.o(.data)
    bytes_high                               0x2000001b   Data           1  ks0108.o(.data)
    FontPointer                              0x2000001c   Data           4  ks0108.o(.data)
    bytes_per_char                           0x20000020   Data           4  ks0108.o(.data)
    defaultTaskHandle                        0x20000024   Data           4  freertos.o(.data)
    SystemCoreClock                          0x20000028   Data           4  system_stm32f4xx.o(.data)
    pxCurrentTCB                             0x20000044   Data           4  tasks.o(.data)
    menu_list                                0x20000090   Data        2688  main.o(.bss)
    uart_buff                                0x20000b10   Data          20  main.o(.bss)
    GPIO_InitStruct                          0x20000b24   Data          20  ks0108-stm32.o(.bss)
    huart2                                   0x20000b38   Data          64  usart.o(.bss)
    htim1                                    0x20000b78   Data          60  stm32f4xx_hal_timebase_tim.o(.bss)
    __initial_sp                             0x20004ca8   Data           0  startup_stm32f407xx.o(STACK)



==============================================================================

Memory Map of the image

  Image Entry point : 0x08000189

  Load Region LR_IROM1 (Base: 0x08000000, Size: 0x000042a8, Max: 0x00100000, ABSOLUTE)

    Execution Region ER_IROM1 (Exec base: 0x08000000, Load base: 0x08000000, Size: 0x00004218, Max: 0x00100000, ABSOLUTE)

    Exec Addr    Load Addr    Size         Type   Attr      Idx    E Section Name        Object

    0x08000000   0x08000000   0x00000188   Data   RO            3    RESET               startup_stm32f407xx.o
    0x08000188   0x08000188   0x00000000   Code   RO         4059  * .ARM.Collect$$$$00000000  mc_w.l(entry.o)
    0x08000188   0x08000188   0x00000004   Code   RO         4341    .ARM.Collect$$$$00000001  mc_w.l(entry2.o)
    0x0800018c   0x0800018c   0x00000004   Code   RO         4344    .ARM.Collect$$$$00000004  mc_w.l(entry5.o)
    0x08000190   0x08000190   0x00000000   Code   RO         4346    .ARM.Collect$$$$00000008  mc_w.l(entry7b.o)
    0x08000190   0x08000190   0x00000000   Code   RO         4348    .ARM.Collect$$$$0000000A  mc_w.l(entry8b.o)
    0x08000190   0x08000190   0x00000008   Code   RO         4349    .ARM.Collect$$$$0000000B  mc_w.l(entry9a.o)
    0x08000198   0x08000198   0x00000000   Code   RO         4351    .ARM.Collect$$$$0000000D  mc_w.l(entry10a.o)
    0x08000198   0x08000198   0x00000000   Code   RO         4353    .ARM.Collect$$$$0000000F  mc_w.l(entry11a.o)
    0x08000198   0x08000198   0x00000004   Code   RO         4342    .ARM.Collect$$$$00002712  mc_w.l(entry2.o)
    0x0800019c   0x0800019c   0x000000ba   Code   RO         3982    .emb_text           port.o
    0x08000256   0x08000256   0x00000002   PAD
    0x08000258   0x08000258   0x00000024   Code   RO            4    .text               startup_stm32f407xx.o
    0x0800027c   0x0800027c   0x00000062   Code   RO         4062    .text               mc_w.l(uldiv.o)
    0x080002de   0x080002de   0x00000024   Code   RO         4064    .text               mc_w.l(memcpya.o)
    0x08000302   0x08000302   0x00000024   Code   RO         4066    .text               mc_w.l(strstr.o)
    0x08000326   0x08000326   0x00000012   Code   RO         4068    .text               mc_w.l(strcpy.o)
    0x08000338   0x08000338   0x00000044   Code   RO         4070    .text               mc_w.l(strtok.o)
    0x0800037c   0x0800037c   0x00000026   Code   RO         4339    .text               mf_w.l(f2d.o)
    0x080003a2   0x080003a2   0x0000002c   Code   RO         4358    .text               mc_w.l(uidiv.o)
    0x080003ce   0x080003ce   0x0000001e   Code   RO         4360    .text               mc_w.l(llshl.o)
    0x080003ec   0x080003ec   0x00000020   Code   RO         4362    .text               mc_w.l(llushr.o)
    0x0800040c   0x0800040c   0x00000000   Code   RO         4364    .text               mc_w.l(iusefp.o)
    0x0800040c   0x0800040c   0x0000014e   Code   RO         4365    .text               mf_w.l(dadd.o)
    0x0800055a   0x0800055a   0x000000e4   Code   RO         4367    .text               mf_w.l(dmul.o)
    0x0800063e   0x0800063e   0x000000de   Code   RO         4369    .text               mf_w.l(ddiv.o)
    0x0800071c   0x0800071c   0x00000030   Code   RO         4371    .text               mf_w.l(dfixul.o)
    0x0800074c   0x0800074c   0x00000030   Code   RO         4373    .text               mf_w.l(cdrcmple.o)
    0x0800077c   0x0800077c   0x00000024   Code   RO         4375    .text               mc_w.l(init.o)
    0x080007a0   0x080007a0   0x00000024   Code   RO         4378    .text               mc_w.l(llsshr.o)
    0x080007c4   0x080007c4   0x000000ba   Code   RO         4381    .text               mf_w.l(depilogue.o)
    0x0800087e   0x0800087e   0x00000002   Code   RO         2375    i.BusFault_Handler  stm32f4xx_it.o
    0x08000880   0x08000880   0x00000054   Code   RO         2614    i.CalcTextWidthEN   ks0108.o
    0x080008d4   0x080008d4   0x00000002   Code   RO         2376    i.DebugMon_Handler  stm32f4xx_it.o
    0x080008d6   0x080008d6   0x00000026   Code   RO         2616    i.GLCD_ClearScreen  ks0108.o
    0x080008fc   0x080008fc   0x0000000a   Code   RO         2709    i.GLCD_Delay        ks0108-stm32.o
    0x08000906   0x08000906   0x00000002   PAD
    0x08000908   0x08000908   0x00000020   Code   RO         2710    i.GLCD_DisableController  ks0108-stm32.o
    0x08000928   0x08000928   0x00000020   Code   RO         2711    i.GLCD_EnableController  ks0108-stm32.o
    0x08000948   0x08000948   0x00000038   Code   RO         2617    i.GLCD_GoTo         ks0108.o
    0x08000980   0x08000980   0x00000016   Code   RO         2618    i.GLCD_Initalize    ks0108.o
    0x08000996   0x08000996   0x00000094   Code   RO         2587    i.GLCD_Line         graphic.o
    0x08000a2a   0x08000a2a   0x00000002   PAD
    0x08000a2c   0x08000a2c   0x000000cc   Code   RO         2713    i.GLCD_ReadData     ks0108-stm32.o
    0x08000af8   0x08000af8   0x000000bc   Code   RO         2714    i.GLCD_ReadStatus   ks0108-stm32.o
    0x08000bb4   0x08000bb4   0x00000040   Code   RO         2619    i.GLCD_SetPixel     ks0108.o
    0x08000bf4   0x08000bf4   0x000000cc   Code   RO         2715    i.GLCD_WriteCommand  ks0108-stm32.o
    0x08000cc0   0x08000cc0   0x000000cc   Code   RO         2716    i.GLCD_WriteData    ks0108-stm32.o
    0x08000d8c   0x08000d8c   0x00000024   Code   RO          470    i.HAL_DMA_Abort_IT  stm32f4xx_hal_dma.o
    0x08000db0   0x08000db0   0x000001c0   Code   RO          846    i.HAL_GPIO_Init     stm32f4xx_hal_gpio.o
    0x08000f70   0x08000f70   0x0000000a   Code   RO          848    i.HAL_GPIO_ReadPin  stm32f4xx_hal_gpio.o
    0x08000f7a   0x08000f7a   0x0000000a   Code   RO          850    i.HAL_GPIO_WritePin  stm32f4xx_hal_gpio.o
    0x08000f84   0x08000f84   0x0000000c   Code   RO         1233    i.HAL_GetTick       stm32f4xx_hal.o
    0x08000f90   0x08000f90   0x00000010   Code   RO         1237    i.HAL_IncTick       stm32f4xx_hal.o
    0x08000fa0   0x08000fa0   0x00000034   Code   RO         1238    i.HAL_Init          stm32f4xx_hal.o
    0x08000fd4   0x08000fd4   0x00000074   Code   RO         2876    i.HAL_InitTick      stm32f4xx_hal_timebase_tim.o
    0x08001048   0x08001048   0x00000058   Code   RO         2565    i.HAL_MspInit       stm32f4xx_hal_msp.o
    0x080010a0   0x080010a0   0x00000016   Code   RO          713    i.HAL_NVIC_EnableIRQ  stm32f4xx_hal_cortex.o
    0x080010b6   0x080010b6   0x00000002   PAD
    0x080010b8   0x080010b8   0x00000040   Code   RO          719    i.HAL_NVIC_SetPriority  stm32f4xx_hal_cortex.o
    0x080010f8   0x080010f8   0x00000024   Code   RO          720    i.HAL_NVIC_SetPriorityGrouping  stm32f4xx_hal_cortex.o
    0x0800111c   0x0800111c   0x00000130   Code   RO         1018    i.HAL_RCC_ClockConfig  stm32f4xx_hal_rcc.o
    0x0800124c   0x0800124c   0x00000040   Code   RO         1022    i.HAL_RCC_GetClockConfig  stm32f4xx_hal_rcc.o
    0x0800128c   0x0800128c   0x0000000c   Code   RO         1023    i.HAL_RCC_GetHCLKFreq  stm32f4xx_hal_rcc.o
    0x08001298   0x08001298   0x00000020   Code   RO         1025    i.HAL_RCC_GetPCLK1Freq  stm32f4xx_hal_rcc.o
    0x080012b8   0x080012b8   0x00000020   Code   RO         1026    i.HAL_RCC_GetPCLK2Freq  stm32f4xx_hal_rcc.o
    0x080012d8   0x080012d8   0x00000060   Code   RO         1027    i.HAL_RCC_GetSysClockFreq  stm32f4xx_hal_rcc.o
    0x08001338   0x08001338   0x00000314   Code   RO         1030    i.HAL_RCC_OscConfig  stm32f4xx_hal_rcc.o
    0x0800164c   0x0800164c   0x00000018   Code   RO          722    i.HAL_SYSTICK_CLKSourceConfig  stm32f4xx_hal_cortex.o
    0x08001664   0x08001664   0x00000028   Code   RO          724    i.HAL_SYSTICK_Config  stm32f4xx_hal_cortex.o
    0x0800168c   0x0800168c   0x00000002   Code   RO           13    i.HAL_TIMEx_BreakCallback  stm32f4xx_hal_tim_ex.o
    0x0800168e   0x0800168e   0x00000002   Code   RO           14    i.HAL_TIMEx_CommutationCallback  stm32f4xx_hal_tim_ex.o
    0x08001690   0x08001690   0x00000036   Code   RO         1393    i.HAL_TIM_Base_Init  stm32f4xx_hal_tim.o
    0x080016c6   0x080016c6   0x00000002   Code   RO         1395    i.HAL_TIM_Base_MspInit  stm32f4xx_hal_tim.o
    0x080016c8   0x080016c8   0x00000018   Code   RO         1398    i.HAL_TIM_Base_Start_IT  stm32f4xx_hal_tim.o
    0x080016e0   0x080016e0   0x00000002   Code   RO         1422    i.HAL_TIM_IC_CaptureCallback  stm32f4xx_hal_tim.o
    0x080016e2   0x080016e2   0x00000166   Code   RO         1435    i.HAL_TIM_IRQHandler  stm32f4xx_hal_tim.o
    0x08001848   0x08001848   0x00000002   Code   RO         1438    i.HAL_TIM_OC_DelayElapsedCallback  stm32f4xx_hal_tim.o
    0x0800184a   0x0800184a   0x00000002   Code   RO         1465    i.HAL_TIM_PWM_PulseFinishedCallback  stm32f4xx_hal_tim.o
    0x0800184c   0x0800184c   0x00000014   Code   RO         2496    i.HAL_TIM_PeriodElapsedCallback  main.o
    0x08001860   0x08001860   0x00000002   Code   RO         1476    i.HAL_TIM_TriggerCallback  stm32f4xx_hal_tim.o
    0x08001862   0x08001862   0x00000002   Code   RO         2043    i.HAL_UART_ErrorCallback  stm32f4xx_hal_uart.o
    0x08001864   0x08001864   0x00000110   Code   RO         2046    i.HAL_UART_IRQHandler  stm32f4xx_hal_uart.o
    0x08001974   0x08001974   0x00000062   Code   RO         2047    i.HAL_UART_Init     stm32f4xx_hal_uart.o
    0x080019d6   0x080019d6   0x00000002   PAD
    0x080019d8   0x080019d8   0x0000005c   Code   RO         2783    i.HAL_UART_MspInit  usart.o
    0x08001a34   0x08001a34   0x00000048   Code   RO         2052    i.HAL_UART_Receive_IT  stm32f4xx_hal_uart.o
    0x08001a7c   0x08001a7c   0x00000040   Code   RO         2497    i.HAL_UART_RxCpltCallback  main.o
    0x08001abc   0x08001abc   0x000000ba   Code   RO         2055    i.HAL_UART_Transmit  stm32f4xx_hal_uart.o
    0x08001b76   0x08001b76   0x00000002   Code   RO         2058    i.HAL_UART_TxCpltCallback  stm32f4xx_hal_uart.o
    0x08001b78   0x08001b78   0x00000002   Code   RO         2377    i.HardFault_Handler  stm32f4xx_it.o
    0x08001b7a   0x08001b7a   0x00000002   PAD
    0x08001b7c   0x08001b7c   0x00000028   Code   RO         2913    i.MX_FREERTOS_Init  freertos.o
    0x08001ba4   0x08001ba4   0x00000098   Code   RO         2348    i.MX_GPIO_Init      gpio.o
    0x08001c3c   0x08001c3c   0x0000004c   Code   RO         2784    i.MX_USART2_UART_Init  usart.o
    0x08001c88   0x08001c88   0x00000002   Code   RO         2378    i.MemManage_Handler  stm32f4xx_it.o
    0x08001c8a   0x08001c8a   0x00000002   Code   RO         2379    i.NMI_Handler       stm32f4xx_it.o
    0x08001c8c   0x08001c8c   0x00000020   Code   RO          726    i.NVIC_SetPriority  stm32f4xx_hal_cortex.o
    0x08001cac   0x08001cac   0x0000003c   Code   RO         2717    i.Port_in_out_mode  ks0108-stm32.o
    0x08001ce8   0x08001ce8   0x00000008   Code   RO         2914    i.StartDefaultTask  freertos.o
    0x08001cf0   0x08001cf0   0x00000004   Code   RO         2380    i.SysTick_Handler   stm32f4xx_it.o
    0x08001cf4   0x08001cf4   0x0000009c   Code   RO         2498    i.SystemClock_Config  main.o
    0x08001d90   0x08001d90   0x00000054   Code   RO         2950    i.SystemInit        system_stm32f4xx.o
    0x08001de4   0x08001de4   0x0000000c   Code   RO         2381    i.TIM1_UP_TIM10_IRQHandler  stm32f4xx_it.o
    0x08001df0   0x08001df0   0x000000c0   Code   RO         1477    i.TIM_Base_SetConfig  stm32f4xx_hal_tim.o
    0x08001eb0   0x08001eb0   0x00000010   Code   RO         2060    i.UART_DMAAbortOnError  stm32f4xx_hal_uart.o
    0x08001ec0   0x08001ec0   0x0000001c   Code   RO         2070    i.UART_EndRxTransfer  stm32f4xx_hal_uart.o
    0x08001edc   0x08001edc   0x0000008c   Code   RO         2072    i.UART_Receive_IT   stm32f4xx_hal_uart.o
    0x08001f68   0x08001f68   0x000002ac   Code   RO         2073    i.UART_SetConfig    stm32f4xx_hal_uart.o
    0x08002214   0x08002214   0x00000062   Code   RO         2074    i.UART_Transmit_IT  stm32f4xx_hal_uart.o
    0x08002276   0x08002276   0x00000062   Code   RO         2075    i.UART_WaitOnFlagUntilTimeout  stm32f4xx_hal_uart.o
    0x080022d8   0x080022d8   0x0000000c   Code   RO         2382    i.USART2_IRQHandler  stm32f4xx_it.o
    0x080022e4   0x080022e4   0x00000002   Code   RO         2383    i.UsageFault_Handler  stm32f4xx_it.o
    0x080022e6   0x080022e6   0x00000002   Code   RO         2499    i._Error_Handler    main.o
    0x080022e8   0x080022e8   0x00000028   Code   RO         4313    i.__0sprintf        mc_w.l(printfa.o)
    0x08002310   0x08002310   0x0000000e   Code   RO         4385    i.__scatterload_copy  mc_w.l(handlers.o)
    0x0800231e   0x0800231e   0x00000002   Code   RO         4386    i.__scatterload_null  mc_w.l(handlers.o)
    0x08002320   0x08002320   0x0000000e   Code   RO         4387    i.__scatterload_zeroinit  mc_w.l(handlers.o)
    0x0800232e   0x0800232e   0x00000002   PAD
    0x08002330   0x08002330   0x00000184   Code   RO         4318    i._fp_digits        mc_w.l(printfa.o)
    0x080024b4   0x080024b4   0x000006dc   Code   RO         4319    i._printf_core      mc_w.l(printfa.o)
    0x08002b90   0x08002b90   0x00000024   Code   RO         4320    i._printf_post_padding  mc_w.l(printfa.o)
    0x08002bb4   0x08002bb4   0x0000002e   Code   RO         4321    i._printf_pre_padding  mc_w.l(printfa.o)
    0x08002be2   0x08002be2   0x0000000a   Code   RO         4323    i._sputc            mc_w.l(printfa.o)
    0x08002bec   0x08002bec   0x0000017c   Code   RO         2824    i.get_user_input    glcd_menu.o
    0x08002d68   0x08002d68   0x000000f8   Code   RO         2622    i.glcd_draw_char_xy  ks0108.o
    0x08002e60   0x08002e60   0x00000040   Code   RO         2623    i.glcd_draw_string_xy  ks0108.o
    0x08002ea0   0x08002ea0   0x00000030   Code   RO         2624    i.glcd_set_font     ks0108.o
    0x08002ed0   0x08002ed0   0x000003d8   Code   RO         2825    i.init_menu         glcd_menu.o
    0x080032a8   0x080032a8   0x00000008   Code   RO         2500    i.lcd_demo          main.o
    0x080032b0   0x080032b0   0x00000084   Code   RO         2501    i.main              main.o
    0x08003334   0x08003334   0x0000000c   Code   RO         3255    i.makeFreeRtosPriority  cmsis_os.o
    0x08003340   0x08003340   0x0000000e   Code   RO         3257    i.osDelay           cmsis_os.o
    0x0800334e   0x0800334e   0x0000000a   Code   RO         3260    i.osKernelStart     cmsis_os.o
    0x08003358   0x08003358   0x00000014   Code   RO         3293    i.osSystickHandler  cmsis_os.o
    0x0800336c   0x0800336c   0x0000002e   Code   RO         3294    i.osThreadCreate    cmsis_os.o
    0x0800339a   0x0800339a   0x00000002   PAD
    0x0800339c   0x0800339c   0x00000168   Code   RO         2826    i.print_menu        glcd_menu.o
    0x08003504   0x08003504   0x00000070   Code   RO         3629    i.prvAddCurrentTaskToDelayedList  tasks.o
    0x08003574   0x08003574   0x000000d0   Code   RO         3630    i.prvAddNewTaskToReadyList  tasks.o
    0x08003644   0x08003644   0x00000054   Code   RO         3631    i.prvCheckTasksWaitingTermination  tasks.o
    0x08003698   0x08003698   0x00000014   Code   RO         3632    i.prvDeleteTCB      tasks.o
    0x080036ac   0x080036ac   0x0000004c   Code   RO         2984    i.prvHeapInit       heap_4.o
    0x080036f8   0x080036f8   0x00000028   Code   RO         3633    i.prvIdleTask       tasks.o
    0x08003720   0x08003720   0x0000008e   Code   RO         3634    i.prvInitialiseNewTask  tasks.o
    0x080037ae   0x080037ae   0x00000002   PAD
    0x080037b0   0x080037b0   0x0000004c   Code   RO         2985    i.prvInsertBlockIntoFreeList  heap_4.o
    0x080037fc   0x080037fc   0x00000020   Code   RO         3635    i.prvResetNextTaskUnblockTime  tasks.o
    0x0800381c   0x0800381c   0x00000028   Code   RO         3983    i.prvTaskExitError  port.o
    0x08003844   0x08003844   0x000000d8   Code   RO         2986    i.pvPortMalloc      heap_4.o
    0x0800391c   0x0800391c   0x0000002c   Code   RO         3984    i.pxPortInitialiseStack  port.o
    0x08003948   0x08003948   0x0000003c   Code   RO         2827    i.update_menu_from_variables  glcd_menu.o
    0x08003984   0x08003984   0x00000024   Code   RO         3063    i.uxListRemove      list.o
    0x080039a8   0x080039a8   0x00000016   Code   RO         3064    i.vListInitialise   list.o
    0x080039be   0x080039be   0x00000006   Code   RO         3065    i.vListInitialiseItem  list.o
    0x080039c4   0x080039c4   0x00000030   Code   RO         3066    i.vListInsert       list.o
    0x080039f4   0x080039f4   0x00000018   Code   RO         3067    i.vListInsertEnd    list.o
    0x08003a0c   0x08003a0c   0x00000040   Code   RO         3986    i.vPortEnterCritical  port.o
    0x08003a4c   0x08003a4c   0x00000028   Code   RO         3987    i.vPortExitCritical  port.o
    0x08003a74   0x08003a74   0x0000005c   Code   RO         2987    i.vPortFree         heap_4.o
    0x08003ad0   0x08003ad0   0x00000020   Code   RO         3988    i.vPortSetupTimerInterrupt  port.o
    0x08003af0   0x08003af0   0x0000004c   Code   RO         3643    i.vTaskDelay        tasks.o
    0x08003b3c   0x08003b3c   0x00000068   Code   RO         3654    i.vTaskStartScheduler  tasks.o
    0x08003ba4   0x08003ba4   0x00000010   Code   RO         3656    i.vTaskSuspendAll   tasks.o
    0x08003bb4   0x08003bb4   0x0000005c   Code   RO         3657    i.vTaskSwitchContext  tasks.o
    0x08003c10   0x08003c10   0x000000e4   Code   RO         3990    i.xPortStartScheduler  port.o
    0x08003cf4   0x08003cf4   0x0000002c   Code   RO         3991    i.xPortSysTickHandler  port.o
    0x08003d20   0x08003d20   0x00000056   Code   RO         3659    i.xTaskCreate       tasks.o
    0x08003d76   0x08003d76   0x00000002   PAD
    0x08003d78   0x08003d78   0x0000001c   Code   RO         3663    i.xTaskGetSchedulerState  tasks.o
    0x08003d94   0x08003d94   0x000000c8   Code   RO         3666    i.xTaskIncrementTick  tasks.o
    0x08003e5c   0x08003e5c   0x000000c4   Code   RO         3672    i.xTaskResumeAll    tasks.o
    0x08003f20   0x08003f20   0x000002a0   Data   RO         2832    .constdata          glcd_menu.o
    0x080041c0   0x080041c0   0x00000014   Data   RO         2915    .constdata          freertos.o
    0x080041d4   0x080041d4   0x00000010   Data   RO         2951    .constdata          system_stm32f4xx.o
    0x080041e4   0x080041e4   0x00000008   Data   RO         2952    .constdata          system_stm32f4xx.o
    0x080041ec   0x080041ec   0x0000000c   Data   RO         2916    .conststring        freertos.o
    0x080041f8   0x080041f8   0x00000020   Data   RO         4383    Region$$Table       anon$$obj.o


    Execution Region RW_IRAM1 (Exec base: 0x20000000, Load base: 0x08004218, Size: 0x00004ca8, Max: 0x00020000, ABSOLUTE)

    Exec Addr    Load Addr    Size         Type   Attr      Idx    E Section Name        Object

    0x20000000   0x08004218   0x0000000c   Data   RW         1245    .data               stm32f4xx_hal.o
    0x2000000c   0x08004224   0x00000008   Data   RW         2504    .data               main.o
    0x20000014   0x0800422c   0x00000010   Data   RW         2626    .data               ks0108.o
    0x20000024   0x0800423c   0x00000004   Data   RW         2917    .data               freertos.o
    0x20000028   0x08004240   0x00000004   Data   RW         2953    .data               system_stm32f4xx.o
    0x2000002c   0x08004244   0x00000018   Data   RW         2992    .data               heap_4.o
    0x20000044   0x0800425c   0x0000003c   Data   RW         3675    .data               tasks.o
    0x20000080   0x08004298   0x0000000c   Data   RW         3992    .data               port.o
    0x2000008c   0x080042a4   0x00000004   Data   RW         4071    .data               mc_w.l(strtok.o)
    0x20000090        -       0x00000a80   Zero   RW         2502    .bss                main.o
    0x20000b10        -       0x00000014   Zero   RW         2503    .bss                main.o
    0x20000b24        -       0x00000014   Zero   RW         2718    .bss                ks0108-stm32.o
    0x20000b38        -       0x00000040   Zero   RW         2785    .bss                usart.o
    0x20000b78        -       0x0000003c   Zero   RW         2879    .bss                stm32f4xx_hal_timebase_tim.o
    0x20000bb4        -       0x00003c00   Zero   RW         2991    .bss                heap_4.o
    0x200047b4        -       0x000000f0   Zero   RW         3674    .bss                tasks.o
    0x200048a4   0x080042a8   0x00000004   PAD
    0x200048a8        -       0x00000400   Zero   RW            1    STACK               startup_stm32f407xx.o


==============================================================================

Image component sizes


      Code (inc. data)   RO Data    RW Data    ZI Data      Debug   Object Name

       102          0          0          0          0      13368   cmsis_os.o
        48         10         32          4          0       1682   freertos.o
      1784        398        672          0          0       4471   glcd_menu.o
       152         14          0          0          0        959   gpio.o
       148          0          0          0          0       1188   graphic.o
       460         24          0         24      15360       8931   heap_4.o
       934         62          0          0         20       5512   ks0108-stm32.o
       624         22          0         16          0       7637   ks0108.o
       136          0          0          0          0       3586   list.o
       382         56          0          8       2708       4796   main.o
       678         72          0         12          0      11116   port.o
         0          0          0          0          0       8072   queue.o
        36          8        392          0       1024        844   startup_stm32f407xx.o
        80         14          0         12          0       3282   stm32f4xx_hal.o
       218         14          0          0          0      31045   stm32f4xx_hal_cortex.o
        36          0          0          0          0       1231   stm32f4xx_hal_dma.o
       468         46          0          0          0       3227   stm32f4xx_hal_gpio.o
        88          0          0          0          0        530   stm32f4xx_hal_msp.o
      1328         88          0          0          0       6465   stm32f4xx_hal_rcc.o
       638         44          0          0          0       7294   stm32f4xx_hal_tim.o
         4          0          0          0          0     679738   stm32f4xx_hal_tim_ex.o
       116         16          0          0         60       1468   stm32f4xx_hal_timebase_tim.o
      1696         14          0          0          0       9911   stm32f4xx_hal_uart.o
        40         12          0          0          0      24754   stm32f4xx_it.o
        84         18         24          4          0       1183   system_stm32f4xx.o
      1436        122          0         60        240      16243   tasks.o
       168         38          0          0         64       1682   usart.o

    ----------------------------------------------------------------------
     11902       1092       1152        140      19480     860215   Object Totals
         0          0         32          0          0          0   (incl. Generated)
        18          0          0          0          4          0   (incl. Padding)

    ----------------------------------------------------------------------

      Code (inc. data)   RO Data    RW Data    ZI Data      Debug   Library Member Name

         0          0          0          0          0          0   entry.o
         0          0          0          0          0          0   entry10a.o
         0          0          0          0          0          0   entry11a.o
         8          4          0          0          0          0   entry2.o
         4          0          0          0          0          0   entry5.o
         0          0          0          0          0          0   entry7b.o
         0          0          0          0          0          0   entry8b.o
         8          4          0          0          0          0   entry9a.o
        30          0          0          0          0          0   handlers.o
        36          8          0          0          0         68   init.o
         0          0          0          0          0          0   iusefp.o
        30          0          0          0          0         68   llshl.o
        36          0          0          0          0         68   llsshr.o
        32          0          0          0          0         68   llushr.o
        36          0          0          0          0         68   memcpya.o
      2276         86          0          0          0        520   printfa.o
        18          0          0          0          0         68   strcpy.o
        36          0          0          0          0         80   strstr.o
        68          6          0          4          0         80   strtok.o
        44          0          0          0          0         80   uidiv.o
        98          0          0          0          0         92   uldiv.o
        48          0          0          0          0         68   cdrcmple.o
       334          0          0          0          0        148   dadd.o
       222          0          0          0          0        100   ddiv.o
       186          0          0          0          0        176   depilogue.o
        48          0          0          0          0         68   dfixul.o
       228          0          0          0          0         96   dmul.o
        38          0          0          0          0         68   f2d.o

    ----------------------------------------------------------------------
      3866        108          0          4          0       1984   Library Totals
         2          0          0          0          0          0   (incl. Padding)

    ----------------------------------------------------------------------

      Code (inc. data)   RO Data    RW Data    ZI Data      Debug   Library Name

      2760        108          0          4          0       1260   mc_w.l
      1104          0          0          0          0        724   mf_w.l

    ----------------------------------------------------------------------
      3866        108          0          4          0       1984   Library Totals

    ----------------------------------------------------------------------

==============================================================================


      Code (inc. data)   RO Data    RW Data    ZI Data      Debug   

     15768       1200       1152        144      19480     849763   Grand Totals
     15768       1200       1152        144      19480     849763   ELF Image Totals
     15768       1200       1152        144          0          0   ROM Totals

==============================================================================

    Total RO  Size (Code + RO Data)                16920 (  16.52kB)
    Total RW  Size (RW Data + ZI Data)             19624 (  19.16kB)
    Total ROM Size (Code + RO Data + RW Data)      17064 (  16.66kB)

==============================================================================

