<html>
<body>
<pre>
<h1>µVision Build Log</h1>
<h2>Tool Versions:</h2>
IDE-Version: µVision V5.24.2.0
Copyright (C) 2017 ARM Ltd and ARM Germany GmbH. All rights reserved.
License Information: sepehr hashtroudi, nahalco, LIC=HN0Z9-4TEJL-2LLCT-RQ491-AFN8M-T2I9Z
 
Tool Versions:
Toolchain:       MDK-ARM Plus  Version: 5.24.1
Toolchain Path:  C:\Keil_v5\ARM\ARMCC\Bin
C Compiler:      Armcc.exe V5.06 update 5 (build 528)
Assembler:       Armasm.exe V5.06 update 5 (build 528)
Linker/Locator:  ArmLink.exe V5.06 update 5 (build 528)
Library Manager: ArmAr.exe V5.06 update 5 (build 528)
Hex Converter:   FromElf.exe V5.06 update 5 (build 528)
CPU DLL:         SARMCM3.DLL V5.24.1
Dialog DLL:      DCM.DLL V1.16.0.0
Target DLL:      CMSIS_AGDI.dll V1.28.3.0
Dialog DLL:      TCM.DLL V1.32.0.0
 
<h2>Project:</h2>
D:\sepehr\arm\stm32_projects\pH_meter_ver_2\MDK-ARM\pH_meter_ver_2.uvprojx
Project File Date:  05/27/2018

<h2>Output:</h2>
*** Using Compiler 'V5.06 update 5 (build 528)', folder: 'C:\Keil_v5\ARM\ARMCC\Bin'
Build target 'pH_meter_ver_2'
compiling main.c...
../Src/main.c(219): warning:  #177-D: variable "sprintf_buff"  was declared but never referenced
  	char sprintf_buff[20];
../Src/main.c(534): warning:  #1035-D: single-precision operand implicitly converted to double-precision
  	pH = roundf(pH * 100.0) / 100.0; 
../Src/main.c(534): warning:  #1035-D: single-precision operand implicitly converted to double-precision
  	pH = roundf(pH * 100.0) / 100.0; 
../Src/main.c(538): warning:  #1035-D: single-precision operand implicitly converted to double-precision
  	temp = roundf(temp * 10.0) / 10.0; 
../Src/main.c(538): warning:  #1035-D: single-precision operand implicitly converted to double-precision
  	temp = roundf(temp * 10.0) / 10.0; 
../Src/main.c(569): warning:  #167-D: argument of type "uint8_t *" is incompatible with parameter of type "char *"
  	MAX485_send_string(uart_buff,13,100);
../Src/main.c(630): warning:  #167-D: argument of type "uint8_t *" is incompatible with parameter of type "char *"
  	MAX485_send_string(uart_buff,13,100);
../Src/main.c(137): warning:  #177-D: variable "EraseInitStruct"  was declared but never referenced
  static FLASH_EraseInitTypeDef EraseInitStruct;
../Src/main.c: 9 warnings, 0 errors
linking...
Program Size: Code=31400 RO-data=10856 RW-data=296 ZI-data=37072  
"pH_meter_ver_2\pH_meter_ver_2.axf" - 0 Error(s), 8 Warning(s).

<h2>Software Packages used:</h2>

Package Vendor: ARM
                http://www.keil.com/pack/ARM.CMSIS.5.2.0.pack
                ARM.CMSIS.5.2.0
                CMSIS (Cortex Microcontroller Software Interface Standard)
   * Component: CORE Version: 5.0.2

Package Vendor: Keil
                http://www.keil.com/pack/Keil.STM32F4xx_DFP.2.12.0.pack
                Keil.STM32F4xx_DFP.2.12.0
                STMicroelectronics STM32F4 Series Device Support, Drivers and Examples

<h2>Collection of Component include folders:</h2>
  .\RTE\_pH_meter_ver_2
  C:\Keil_v5\ARM\PACK\ARM\CMSIS\5.2.0\CMSIS\Include
  C:\Keil_v5\ARM\PACK\Keil\STM32F4xx_DFP\2.12.0\Drivers\CMSIS\Device\ST\STM32F4xx\Include

<h2>Collection of Component Files used:</h2>

   * Component: ARM::CMSIS:CORE:5.0.2
Build Time Elapsed:  00:00:03
</pre>
</body>
</html>
