Component: ARM Compiler 5.06 update 5 (build 528) Tool: armlink [4d35e2]

==============================================================================

Section Cross References

    startup_stm32f407xx.o(RESET) refers to startup_stm32f407xx.o(STACK) for __initial_sp
    startup_stm32f407xx.o(RESET) refers to startup_stm32f407xx.o(.text) for Reset_Handler
    startup_stm32f407xx.o(RESET) refers to stm32f4xx_it.o(i.NMI_Handler) for NMI_Handler
    startup_stm32f407xx.o(RESET) refers to stm32f4xx_it.o(i.HardFault_Handler) for HardFault_Handler
    startup_stm32f407xx.o(RESET) refers to stm32f4xx_it.o(i.MemManage_Handler) for MemManage_Handler
    startup_stm32f407xx.o(RESET) refers to stm32f4xx_it.o(i.BusFault_Handler) for BusFault_Handler
    startup_stm32f407xx.o(RESET) refers to stm32f4xx_it.o(i.UsageFault_Handler) for UsageFault_Handler
    startup_stm32f407xx.o(RESET) refers to port.o(.emb_text) for SVC_Handler
    startup_stm32f407xx.o(RESET) refers to stm32f4xx_it.o(i.DebugMon_Handler) for DebugMon_Handler
    startup_stm32f407xx.o(RESET) refers to stm32f4xx_it.o(i.SysTick_Handler) for SysTick_Handler
    startup_stm32f407xx.o(RESET) refers to stm32f4xx_it.o(i.TIM1_UP_TIM10_IRQHandler) for TIM1_UP_TIM10_IRQHandler
    startup_stm32f407xx.o(RESET) refers to stm32f4xx_it.o(i.TIM2_IRQHandler) for TIM2_IRQHandler
    startup_stm32f407xx.o(RESET) refers to stm32f4xx_it.o(i.USART2_IRQHandler) for USART2_IRQHandler
    startup_stm32f407xx.o(RESET) refers to stm32f4xx_it.o(i.DMA2_Stream0_IRQHandler) for DMA2_Stream0_IRQHandler
    startup_stm32f407xx.o(.text) refers to system_stm32f4xx.o(i.SystemInit) for SystemInit
    startup_stm32f407xx.o(.text) refers to entry.o(.ARM.Collect$$$$00000000) for __main
    stm32f4xx_hal_tim_ex.o(i.HAL_TIMEx_ConfigCommutationEvent_DMA) refers to stm32f4xx_hal_tim_ex.o(i.TIMEx_DMACommutationCplt) for TIMEx_DMACommutationCplt
    stm32f4xx_hal_tim_ex.o(i.HAL_TIMEx_ConfigCommutationEvent_DMA) refers to stm32f4xx_hal_tim.o(i.TIM_DMAError) for TIM_DMAError
    stm32f4xx_hal_tim_ex.o(i.HAL_TIMEx_HallSensor_DeInit) refers to stm32f4xx_hal_tim_ex.o(i.HAL_TIMEx_HallSensor_MspDeInit) for HAL_TIMEx_HallSensor_MspDeInit
    stm32f4xx_hal_tim_ex.o(i.HAL_TIMEx_HallSensor_Init) refers to stm32f4xx_hal_tim_ex.o(i.HAL_TIMEx_HallSensor_MspInit) for HAL_TIMEx_HallSensor_MspInit
    stm32f4xx_hal_tim_ex.o(i.HAL_TIMEx_HallSensor_Init) refers to stm32f4xx_hal_tim.o(i.TIM_Base_SetConfig) for TIM_Base_SetConfig
    stm32f4xx_hal_tim_ex.o(i.HAL_TIMEx_HallSensor_Init) refers to stm32f4xx_hal_tim.o(i.TIM_TI1_SetConfig) for TIM_TI1_SetConfig
    stm32f4xx_hal_tim_ex.o(i.HAL_TIMEx_HallSensor_Init) refers to stm32f4xx_hal_tim.o(i.TIM_OC2_SetConfig) for TIM_OC2_SetConfig
    stm32f4xx_hal_tim_ex.o(i.HAL_TIMEx_HallSensor_Start) refers to stm32f4xx_hal_tim.o(i.TIM_CCxChannelCmd) for TIM_CCxChannelCmd
    stm32f4xx_hal_tim_ex.o(i.HAL_TIMEx_HallSensor_Start_DMA) refers to stm32f4xx_hal_tim.o(i.TIM_CCxChannelCmd) for TIM_CCxChannelCmd
    stm32f4xx_hal_tim_ex.o(i.HAL_TIMEx_HallSensor_Start_DMA) refers to stm32f4xx_hal_dma.o(i.HAL_DMA_Start_IT) for HAL_DMA_Start_IT
    stm32f4xx_hal_tim_ex.o(i.HAL_TIMEx_HallSensor_Start_DMA) refers to stm32f4xx_hal_tim.o(i.TIM_DMACaptureCplt) for TIM_DMACaptureCplt
    stm32f4xx_hal_tim_ex.o(i.HAL_TIMEx_HallSensor_Start_DMA) refers to stm32f4xx_hal_tim.o(i.TIM_DMAError) for TIM_DMAError
    stm32f4xx_hal_tim_ex.o(i.HAL_TIMEx_HallSensor_Start_IT) refers to stm32f4xx_hal_tim.o(i.TIM_CCxChannelCmd) for TIM_CCxChannelCmd
    stm32f4xx_hal_tim_ex.o(i.HAL_TIMEx_HallSensor_Stop) refers to stm32f4xx_hal_tim.o(i.TIM_CCxChannelCmd) for TIM_CCxChannelCmd
    stm32f4xx_hal_tim_ex.o(i.HAL_TIMEx_HallSensor_Stop_DMA) refers to stm32f4xx_hal_tim.o(i.TIM_CCxChannelCmd) for TIM_CCxChannelCmd
    stm32f4xx_hal_tim_ex.o(i.HAL_TIMEx_HallSensor_Stop_IT) refers to stm32f4xx_hal_tim.o(i.TIM_CCxChannelCmd) for TIM_CCxChannelCmd
    stm32f4xx_hal_tim_ex.o(i.HAL_TIMEx_OCN_Start) refers to stm32f4xx_hal_tim_ex.o(i.TIM_CCxNChannelCmd) for TIM_CCxNChannelCmd
    stm32f4xx_hal_tim_ex.o(i.HAL_TIMEx_OCN_Start_DMA) refers to stm32f4xx_hal_dma.o(i.HAL_DMA_Start_IT) for HAL_DMA_Start_IT
    stm32f4xx_hal_tim_ex.o(i.HAL_TIMEx_OCN_Start_DMA) refers to stm32f4xx_hal_tim_ex.o(i.TIM_CCxNChannelCmd) for TIM_CCxNChannelCmd
    stm32f4xx_hal_tim_ex.o(i.HAL_TIMEx_OCN_Start_DMA) refers to stm32f4xx_hal_tim.o(i.TIM_DMADelayPulseCplt) for TIM_DMADelayPulseCplt
    stm32f4xx_hal_tim_ex.o(i.HAL_TIMEx_OCN_Start_DMA) refers to stm32f4xx_hal_tim.o(i.TIM_DMAError) for TIM_DMAError
    stm32f4xx_hal_tim_ex.o(i.HAL_TIMEx_OCN_Start_IT) refers to stm32f4xx_hal_tim_ex.o(i.TIM_CCxNChannelCmd) for TIM_CCxNChannelCmd
    stm32f4xx_hal_tim_ex.o(i.HAL_TIMEx_OCN_Stop) refers to stm32f4xx_hal_tim_ex.o(i.TIM_CCxNChannelCmd) for TIM_CCxNChannelCmd
    stm32f4xx_hal_tim_ex.o(i.HAL_TIMEx_OCN_Stop_DMA) refers to stm32f4xx_hal_tim_ex.o(i.TIM_CCxNChannelCmd) for TIM_CCxNChannelCmd
[...]
    i.HAL_TIM_IRQHandler                     0x080023c6   Section        0  stm32f4xx_hal_tim.o(i.HAL_TIM_IRQHandler)
    i.HAL_TIM_OC_DelayElapsedCallback        0x0800252c   Section        0  stm32f4xx_hal_tim.o(i.HAL_TIM_OC_DelayElapsedCallback)
    i.HAL_TIM_PWM_PulseFinishedCallback      0x0800252e   Section        0  stm32f4xx_hal_tim.o(i.HAL_TIM_PWM_PulseFinishedCallback)
    i.HAL_TIM_PeriodElapsedCallback          0x08002530   Section        0  main.o(i.HAL_TIM_PeriodElapsedCallback)
    i.HAL_TIM_TriggerCallback                0x08002564   Section        0  stm32f4xx_hal_tim.o(i.HAL_TIM_TriggerCallback)
    i.HAL_UART_ErrorCallback                 0x08002566   Section        0  stm32f4xx_hal_uart.o(i.HAL_UART_ErrorCallback)
    i.HAL_UART_IRQHandler                    0x08002568   Section        0  stm32f4xx_hal_uart.o(i.HAL_UART_IRQHandler)
    i.HAL_UART_Init                          0x08002678   Section        0  stm32f4xx_hal_uart.o(i.HAL_UART_Init)
    i.HAL_UART_MspInit                       0x080026dc   Section        0  usart.o(i.HAL_UART_MspInit)
    i.HAL_UART_Receive_IT                    0x08002738   Section        0  stm32f4xx_hal_uart.o(i.HAL_UART_Receive_IT)
    i.HAL_UART_RxCpltCallback                0x08002780   Section        0  main.o(i.HAL_UART_RxCpltCallback)
    i.HAL_UART_Transmit                      0x080027c4   Section        0  stm32f4xx_hal_uart.o(i.HAL_UART_Transmit)
    i.HAL_UART_TxCpltCallback                0x0800287e   Section        0  stm32f4xx_hal_uart.o(i.HAL_UART_TxCpltCallback)
    i.HardFault_Handler                      0x08002880   Section        0  stm32f4xx_it.o(i.HardFault_Handler)
    i.MX_ADC1_Init                           0x08002884   Section        0  adc.o(i.MX_ADC1_Init)
    i.MX_DAC_Init                            0x0800290c   Section        0  dac.o(i.MX_DAC_Init)
    i.MX_DMA_Init                            0x08002970   Section        0  dma.o(i.MX_DMA_Init)
    i.MX_FREERTOS_Init                       0x0800299c   Section        0  freertos.o(i.MX_FREERTOS_Init)
    i.MX_GPIO_Init                           0x080029c4   Section        0  gpio.o(i.MX_GPIO_Init)
    i.MX_TIM2_Init                           0x08002a5c   Section        0  tim.o(i.MX_TIM2_Init)
    i.MX_USART2_UART_Init                    0x08002ad0   Section        0  usart.o(i.MX_USART2_UART_Init)
    i.MemManage_Handler                      0x08002b1c   Section        0  stm32f4xx_it.o(i.MemManage_Handler)
    i.NMI_Handler                            0x08002b1e   Section        0  stm32f4xx_it.o(i.NMI_Handler)
    i.NVIC_SetPriority                       0x08002b20   Section        0  stm32f4xx_hal_cortex.o(i.NVIC_SetPriority)
    NVIC_SetPriority                         0x08002b21   Thumb Code    32  stm32f4xx_hal_cortex.o(i.NVIC_SetPriority)
    i.Port_in_out_mode                       0x08002b40   Section        0  ks0108-stm32.o(i.Port_in_out_mode)
    i.StartDefaultTask                       0x08002b7c   Section        0  freertos.o(i.StartDefaultTask)
    i.SysTick_Handler                        0x08002b84   Section        0  stm32f4xx_it.o(i.SysTick_Handler)
    i.SystemClock_Config                     0x08002b88   Section        0  main.o(i.SystemClock_Config)
    i.SystemInit                             0x08002c28   Section        0  system_stm32f4xx.o(i.SystemInit)
    i.TIM1_UP_TIM10_IRQHandler               0x08002c7c   Section        0  stm32f4xx_it.o(i.TIM1_UP_TIM10_IRQHandler)
    i.TIM2_IRQHandler                        0x08002c88   Section        0  stm32f4xx_it.o(i.TIM2_IRQHandler)
    i.TIM_Base_SetConfig                     0x08002c94   Section        0  stm32f4xx_hal_tim.o(i.TIM_Base_SetConfig)
    i.TIM_ETR_SetConfig                      0x08002d54   Section        0  stm32f4xx_hal_tim.o(i.TIM_ETR_SetConfig)
    TIM_ETR_SetConfig                        0x08002d55   Thumb Code    20  stm32f4xx_hal_tim.o(i.TIM_ETR_SetConfig)
    i.TIM_ITRx_SetConfig                     0x08002d68   Section        0  stm32f4xx_hal_tim.o(i.TIM_ITRx_SetConfig)
    TIM_ITRx_SetConfig                       0x08002d69   Thumb Code    16  stm32f4xx_hal_tim.o(i.TIM_ITRx_SetConfig)
    i.TIM_TI1_ConfigInputStage               0x08002d78   Section        0  stm32f4xx_hal_tim.o(i.TIM_TI1_ConfigInputStage)
    TIM_TI1_ConfigInputStage                 0x08002d79   Thumb Code    34  stm32f4xx_hal_tim.o(i.TIM_TI1_ConfigInputStage)
    i.TIM_TI2_ConfigInputStage               0x08002d9a   Section        0  stm32f4xx_hal_tim.o(i.TIM_TI2_ConfigInputStage)
    TIM_TI2_ConfigInputStage                 0x08002d9b   Thumb Code    36  stm32f4xx_hal_tim.o(i.TIM_TI2_ConfigInputStage)
    i.UART_DMAAbortOnError                   0x08002dbe   Section        0  stm32f4xx_hal_uart.o(i.UART_DMAAbortOnError)
    UART_DMAAbortOnError                     0x08002dbf   Thumb Code    16  stm32f4xx_hal_uart.o(i.UART_DMAAbortOnError)
    i.UART_EndRxTransfer                     0x08002dce   Section        0  stm32f4xx_hal_uart.o(i.UART_EndRxTransfer)
    UART_EndRxTransfer                       0x08002dcf   Thumb Code    28  stm32f4xx_hal_uart.o(i.UART_EndRxTransfer)
    i.UART_Receive_IT                        0x08002dea   Section        0  stm32f4xx_hal_uart.o(i.UART_Receive_IT)
    UART_Receive_IT                          0x08002deb   Thumb Code   140  stm32f4xx_hal_uart.o(i.UART_Receive_IT)
    i.UART_SetConfig                         0x08002e78   Section        0  stm32f4xx_hal_uart.o(i.UART_SetConfig)
    UART_SetConfig                           0x08002e79   Thumb Code   676  stm32f4xx_hal_uart.o(i.UART_SetConfig)
    i.UART_Transmit_IT                       0x08003124   Section        0  stm32f4xx_hal_uart.o(i.UART_Transmit_IT)
    UART_Transmit_IT                         0x08003125   Thumb Code    98  stm32f4xx_hal_uart.o(i.UART_Transmit_IT)
    i.UART_WaitOnFlagUntilTimeout            0x08003186   Section        0  stm32f4xx_hal_uart.o(i.UART_WaitOnFlagUntilTimeout)
    UART_WaitOnFlagUntilTimeout              0x08003187   Thumb Code    98  stm32f4xx_hal_uart.o(i.UART_WaitOnFlagUntilTimeout)
    i.USART2_IRQHandler                      0x080031e8   Section        0  stm32f4xx_it.o(i.USART2_IRQHandler)
    i.UsageFault_Handler                     0x080031f4   Section        0  stm32f4xx_it.o(i.UsageFault_Handler)
    i._Error_Handler                         0x080031f6   Section        0  main.o(i._Error_Handler)
    i.__0sprintf                             0x080031f8   Section        0  printfa.o(i.__0sprintf)
    i.__scatterload_copy                     0x08003220   Section       14  handlers.o(i.__scatterload_copy)
    i.__scatterload_null                     0x0800322e   Section        2  handlers.o(i.__scatterload_null)
    i.__scatterload_zeroinit                 0x08003230   Section       14  handlers.o(i.__scatterload_zeroinit)
    i._fp_digits                             0x08003240   Section        0  printfa.o(i._fp_digits)
    _fp_digits                               0x08003241   Thumb Code   366  printfa.o(i._fp_digits)
    i._printf_core                           0x080033c4   Section        0  printfa.o(i._printf_core)
    _printf_core                             0x080033c5   Thumb Code  1744  printfa.o(i._printf_core)
    i._printf_post_padding                   0x08003aa0   Section        0  printfa.o(i._printf_post_padding)
    _printf_post_padding                     0x08003aa1   Thumb Code    36  printfa.o(i._printf_post_padding)
    i._printf_pre_padding                    0x08003ac4   Section        0  printfa.o(i._printf_pre_padding)
    _printf_pre_padding                      0x08003ac5   Thumb Code    46  printfa.o(i._printf_pre_padding)
    i._sputc                                 0x08003af2   Section        0  printfa.o(i._sputc)
    _sputc                                   0x08003af3   Thumb Code    10  printfa.o(i._sputc)
    i.average                                0x08003afc   Section        0  dsp.o(i.average)
    i.best_moving_average                    0x08003b16   Section        0  dsp.o(i.best_moving_average)
    i.calculate_calibration_coefficients     0x08003b48   Section        0  main.o(i.calculate_calibration_coefficients)
    i.calculate_calibration_coefficients_step1 0x08003bb0   Section        0  main.o(i.calculate_calibration_coefficients_step1)
    i.calculate_calibration_coefficients_step2 0x08003bbc   Section        0  main.o(i.calculate_calibration_coefficients_step2)
    i.data_spliter                           0x08003bc8   Section        0  dsp.o(i.data_spliter)
    i.get_user_input                         0x08003be8   Section        0  glcd_menu.o(i.get_user_input)
    i.glcd_draw_char_xy                      0x08003d88   Section        0  ks0108.o(i.glcd_draw_char_xy)
    i.glcd_draw_string_xy                    0x08003e80   Section        0  ks0108.o(i.glcd_draw_string_xy)
    i.glcd_set_font                          0x08003ec0   Section        0  ks0108.o(i.glcd_set_font)
    i.init_menu                              0x08003ef0   Section        0  glcd_menu.o(i.init_menu)
    i.lcd_print                              0x080045c0   Section        0  main.o(i.lcd_print)
    i.main                                   0x08004600   Section        0  main.o(i.main)
    i.makeFreeRtosPriority                   0x080046d8   Section        0  cmsis_os.o(i.makeFreeRtosPriority)
    makeFreeRtosPriority                     0x080046d9   Thumb Code    12  cmsis_os.o(i.makeFreeRtosPriority)
    i.osDelay                                0x080046e4   Section        0  cmsis_os.o(i.osDelay)
    i.osKernelStart                          0x080046f2   Section        0  cmsis_os.o(i.osKernelStart)
    i.osSystickHandler                       0x080046fc   Section        0  cmsis_os.o(i.osSystickHandler)
    i.osThreadCreate                         0x08004710   Section        0  cmsis_os.o(i.osThreadCreate)
    i.pid_auto                               0x0800473e   Section        0  pid.o(i.pid_auto)
    i.pid_compute                            0x08004782   Section        0  pid.o(i.pid_compute)
    i.pid_create                             0x08004818   Section        0  pid.o(i.pid_create)
    i.pid_direction                          0x0800486c   Section        0  pid.o(i.pid_direction)
    i.pid_limits                             0x080048a4   Section        0  pid.o(i.pid_limits)
    i.pid_sample                             0x08004908   Section        0  pid.o(i.pid_sample)
    i.pid_tune                               0x0800493c   Section        0  pid.o(i.pid_tune)
    i.print_main_page                        0x080049a4   Section        0  glcd_menu.o(i.print_main_page)
    i.print_menu                             0x08004ad4   Section        0  glcd_menu.o(i.print_menu)
    i.prvAddCurrentTaskToDelayedList         0x08004c3c   Section        0  tasks.o(i.prvAddCurrentTaskToDelayedList)
    prvAddCurrentTaskToDelayedList           0x08004c3d   Thumb Code   102  tasks.o(i.prvAddCurrentTaskToDelayedList)
    i.prvAddNewTaskToReadyList               0x08004cac   Section        0  tasks.o(i.prvAddNewTaskToReadyList)
    prvAddNewTaskToReadyList                 0x08004cad   Thumb Code   194  tasks.o(i.prvAddNewTaskToReadyList)
    i.prvCheckTasksWaitingTermination        0x08004d7c   Section        0  tasks.o(i.prvCheckTasksWaitingTermination)
    prvCheckTasksWaitingTermination          0x08004d7d   Thumb Code    74  tasks.o(i.prvCheckTasksWaitingTermination)
    i.prvDeleteTCB                           0x08004dd0   Section        0  tasks.o(i.prvDeleteTCB)
    prvDeleteTCB                             0x08004dd1   Thumb Code    20  tasks.o(i.prvDeleteTCB)
    i.prvHeapInit                            0x08004de4   Section        0  heap_4.o(i.prvHeapInit)
    prvHeapInit                              0x08004de5   Thumb Code    66  heap_4.o(i.prvHeapInit)
    i.prvIdleTask                            0x08004e30   Section        0  tasks.o(i.prvIdleTask)
    prvIdleTask                              0x08004e31   Thumb Code    30  tasks.o(i.prvIdleTask)
    i.prvInitialiseNewTask                   0x08004e58   Section        0  tasks.o(i.prvInitialiseNewTask)
    prvInitialiseNewTask                     0x08004e59   Thumb Code   142  tasks.o(i.prvInitialiseNewTask)
    i.prvInsertBlockIntoFreeList             0x08004ee8   Section        0  heap_4.o(i.prvInsertBlockIntoFreeList)
    prvInsertBlockIntoFreeList               0x08004ee9   Thumb Code    72  heap_4.o(i.prvInsertBlockIntoFreeList)
    i.prvResetNextTaskUnblockTime            0x08004f34   Section        0  tasks.o(i.prvResetNextTaskUnblockTime)
    prvResetNextTaskUnblockTime              0x08004f35   Thumb Code    26  tasks.o(i.prvResetNextTaskUnblockTime)
    i.prvTaskExitError                       0x08004f54   Section        0  port.o(i.prvTaskExitError)
    prvTaskExitError                         0x08004f55   Thumb Code    36  port.o(i.prvTaskExitError)
    i.pump_set_stroke                        0x08004f7c   Section        0  main.o(i.pump_set_stroke)
    i.pvPortMalloc                           0x08005000   Section        0  heap_4.o(i.pvPortMalloc)
    i.pxPortInitialiseStack                  0x080050d8   Section        0  port.o(i.pxPortInitialiseStack)
    i.update_menu_from_variables             0x08005104   Section        0  glcd_menu.o(i.update_menu_from_variables)
    i.uxListRemove                           0x08005184   Section        0  list.o(i.uxListRemove)
    i.vListInitialise                        0x080051a8   Section        0  list.o(i.vListInitialise)
    i.vListInitialiseItem                    0x080051be   Section        0  list.o(i.vListInitialiseItem)
    i.vListInsert                            0x080051c4   Section        0  list.o(i.vListInsert)
    i.vListInsertEnd                         0x080051f4   Section        0  list.o(i.vListInsertEnd)
    i.vPortEnterCritical                     0x0800520c   Section        0  port.o(i.vPortEnterCritical)
    i.vPortExitCritical                      0x0800524c   Section        0  port.o(i.vPortExitCritical)
    i.vPortFree                              0x08005274   Section        0  heap_4.o(i.vPortFree)
    i.vPortSetupTimerInterrupt               0x080052d0   Section        0  port.o(i.vPortSetupTimerInterrupt)
    i.vTaskDelay                             0x080052f0   Section        0  tasks.o(i.vTaskDelay)
    i.vTaskStartScheduler                    0x0800533c   Section        0  tasks.o(i.vTaskStartScheduler)
    i.vTaskSuspendAll                        0x080053a4   Section        0  tasks.o(i.vTaskSuspendAll)
    i.vTaskSwitchContext                     0x080053b4   Section        0  tasks.o(i.vTaskSwitchContext)
    i.xPortStartScheduler                    0x08005410   Section        0  port.o(i.xPortStartScheduler)
    i.xPortSysTickHandler                    0x080054f4   Section        0  port.o(i.xPortSysTickHandler)
    i.xTaskCreate                            0x08005520   Section        0  tasks.o(i.xTaskCreate)
    i.xTaskGetSchedulerState                 0x08005578   Section        0  tasks.o(i.xTaskGetSchedulerState)
    i.xTaskIncrementTick                     0x08005594   Section        0  tasks.o(i.xTaskIncrementTick)
    i.xTaskResumeAll                         0x0800565c   Section        0  tasks.o(i.xTaskResumeAll)
    .constdata                               0x08005720   Section        8  stm32f4xx_hal_dma.o(.constdata)
    flagBitshiftOffset                       0x08005720   Data           8  stm32f4xx_hal_dma.o(.constdata)
    .constdata                               0x08005728   Section    10368  glcd_menu.o(.constdata)
    .constdata                               0x08007fa8   Section       20  freertos.o(.constdata)
    .constdata                               0x08007fbc   Section       16  system_stm32f4xx.o(.constdata)
    .constdata                               0x08007fcc   Section        8  system_stm32f4xx.o(.constdata)
    .conststring                             0x08007fd4   Section       12  freertos.o(.conststring)
    .data                                    0x20000000   Section       12  stm32f4xx_hal.o(.data)
    .data                                    0x2000000c   Section       96  main.o(.data)
    .data                                    0x2000006c   Section       16  ks0108.o(.data)
    .data                                    0x2000007c   Section        4  freertos.o(.data)
    .data                                    0x20000080   Section        4  system_stm32f4xx.o(.data)
    .data                                    0x20000084   Section       24  heap_4.o(.data)
    pxEnd                                    0x20000084   Data           4  heap_4.o(.data)
    xFreeBytesRemaining                      0x20000088   Data           4  heap_4.o(.data)
    xMinimumEverFreeBytesRemaining           0x2000008c   Data           4  heap_4.o(.data)
    xBlockAllocatedBit                       0x20000090   Data           4  heap_4.o(.data)
    xStart                                   0x20000094   Data           8  heap_4.o(.data)
    .data                                    0x2000009c   Section       60  tasks.o(.data)
    uxDeletedTasksWaitingCleanUp             0x200000a0   Data           4  tasks.o(.data)
    uxCurrentNumberOfTasks                   0x200000a4   Data           4  tasks.o(.data)
    xTickCount                               0x200000a8   Data           4  tasks.o(.data)
    uxTopReadyPriority                       0x200000ac   Data           4  tasks.o(.data)
    xSchedulerRunning                        0x200000b0   Data           4  tasks.o(.data)
    uxPendedTicks                            0x200000b4   Data           4  tasks.o(.data)
    xYieldPending                            0x200000b8   Data           4  tasks.o(.data)
    xNumOfOverflows                          0x200000bc   Data           4  tasks.o(.data)
    uxTaskNumber                             0x200000c0   Data           4  tasks.o(.data)
    xNextTaskUnblockTime                     0x200000c4   Data           4  tasks.o(.data)
    xIdleTaskHandle                          0x200000c8   Data           4  tasks.o(.data)
    uxSchedulerSuspended                     0x200000cc   Data           4  tasks.o(.data)
    pxDelayedTaskList                        0x200000d0   Data           4  tasks.o(.data)
    pxOverflowDelayedTaskList                0x200000d4   Data           4  tasks.o(.data)
    .data                                    0x200000d8   Section       12  port.o(.data)
    ucMaxSysCallPriority                     0x200000d8   Data           1  port.o(.data)
    uxCriticalNesting                        0x200000dc   Data           4  port.o(.data)
    ulMaxPRIGROUPValue                       0x200000e0   Data           4  port.o(.data)
    .data                                    0x200000e4   Section        4  strtok.o(.data)
    state                                    0x200000e4   Data           4  strtok.o(.data)
    .bss                                     0x200000e8   Section     7608  main.o(.bss)
    .bss                                     0x20001ea0   Section       20  ks0108-stm32.o(.bss)
    .bss                                     0x20001eb4   Section       64  usart.o(.bss)
    .bss                                     0x20001ef4   Section       60  stm32f4xx_hal_timebase_tim.o(.bss)
    .bss                                     0x20001f30   Section      168  adc.o(.bss)
    .bss                                     0x20001fd8   Section       60  tim.o(.bss)
    .bss                                     0x20002014   Section       20  dac.o(.bss)
    .bss                                     0x20002028   Section    15360  heap_4.o(.bss)
    ucHeap                                   0x20002028   Data       15360  heap_4.o(.bss)
    .bss                                     0x20005c28   Section      240  tasks.o(.bss)
    pxReadyTasksLists                        0x20005c28   Data         140  tasks.o(.bss)
    xDelayedTaskList1                        0x20005cb4   Data          20  tasks.o(.bss)
    xDelayedTaskList2                        0x20005cc8   Data          20  tasks.o(.bss)
    xPendingReadyList                        0x20005cdc   Data          20  tasks.o(.bss)
    xTasksWaitingTermination                 0x20005cf0   Data          20  tasks.o(.bss)
    xSuspendedTaskList                       0x20005d04   Data          20  tasks.o(.bss)
    STACK                                    0x20005d18   Section     1024  startup_stm32f407xx.o(STACK)

    Global Symbols

    Symbol Name                              Value     Ov Type        Size  Object(Section)

    BuildAttributes$$THM_ISAv4$E$P$D$K$B$S$7EM$VFPi3$EXTD16$VFPS$VFMA$PE$A:L22UL41UL21$X:L11$S22US41US21$IEEE1$IW$USESV6$~STKCKD$USESV7$~SHL$OSPACE$ROPI$EBA8$MICROLIB$REQ8$PRES8$EABIv2 0x00000000   Number         0  anon$$obj.o ABSOLUTE
    __ARM_use_no_argv                        0x00000000   Number         0  main.o ABSOLUTE
    _printf_a                                0x00000000   Number         0  stubs.o ABSOLUTE
    _printf_c                                0x00000000   Number         0  stubs.o ABSOLUTE
    _printf_charcount                        0x00000000   Number         0  stubs.o ABSOLUTE
    _printf_d                                0x00000000   Number         0  stubs.o ABSOLUTE
    _printf_e                                0x00000000   Number         0  stubs.o ABSOLUTE
    _printf_f                                0x00000000   Number         0  stubs.o ABSOLUTE
    _printf_flags                            0x00000000   Number         0  stubs.o ABSOLUTE
    _printf_fp_dec                           0x00000000   Number         0  stubs.o ABSOLUTE
    _printf_fp_hex                           0x00000000   Number         0  stubs.o ABSOLUTE
    _printf_g                                0x00000000   Number         0  stubs.o ABSOLUTE
    _printf_i                                0x00000000   Number         0  stubs.o ABSOLUTE
    _printf_int_dec                          0x00000000   Number         0  stubs.o ABSOLUTE
    _printf_l                                0x00000000   Number         0  stubs.o ABSOLUTE
    _printf_lc                               0x00000000   Number         0  stubs.o ABSOLUTE
    _printf_ll                               0x00000000   Number         0  stubs.o ABSOLUTE
    _printf_lld                              0x00000000   Number         0  stubs.o ABSOLUTE
    _printf_lli                              0x00000000   Number         0  stubs.o ABSOLUTE
    _printf_llo                              0x00000000   Number         0  stubs.o ABSOLUTE
    _printf_llu                              0x00000000   Number         0  stubs.o ABSOLUTE
    _printf_llx                              0x00000000   Number         0  stubs.o ABSOLUTE
    _printf_longlong_dec                     0x00000000   Number         0  stubs.o ABSOLUTE
    _printf_longlong_hex                     0x00000000   Number         0  stubs.o ABSOLUTE
    _printf_longlong_oct                     0x00000000   Number         0  stubs.o ABSOLUTE
    _printf_ls                               0x00000000   Number         0  stubs.o ABSOLUTE
    _printf_mbtowc                           0x00000000   Number         0  stubs.o ABSOLUTE
    _printf_n                                0x00000000   Number         0  stubs.o ABSOLUTE
    _printf_o                                0x00000000   Number         0  stubs.o ABSOLUTE
    _printf_p                                0x00000000   Number         0  stubs.o ABSOLUTE
    _printf_percent                          0x00000000   Number         0  stubs.o ABSOLUTE
    _printf_pre_padding                      0x00000000   Number         0  stubs.o ABSOLUTE
    _printf_return_value                     0x00000000   Number         0  stubs.o ABSOLUTE
    _printf_s                                0x00000000   Number         0  stubs.o ABSOLUTE
    _printf_sizespec                         0x00000000   Number         0  stubs.o ABSOLUTE
    _printf_str                              0x00000000   Number         0  stubs.o ABSOLUTE
    _printf_truncate_signed                  0x00000000   Number         0  stubs.o ABSOLUTE
    _printf_truncate_unsigned                0x00000000   Number         0  stubs.o ABSOLUTE
    _printf_u                                0x00000000   Number         0  stubs.o ABSOLUTE
    _printf_wc                               0x00000000   Number         0  stubs.o ABSOLUTE
    _printf_wctomb                           0x00000000   Number         0  stubs.o ABSOLUTE
    _printf_widthprec                        0x00000000   Number         0  stubs.o ABSOLUTE
    _printf_x                                0x00000000   Number         0  stubs.o ABSOLUTE
    __cpp_initialize__aeabi_                  - Undefined Weak Reference
    __cxa_finalize                            - Undefined Weak Reference
    __decompress                              - Undefined Weak Reference
    _clock_init                               - Undefined Weak Reference
    _microlib_exit                            - Undefined Weak Reference
    __Vectors_Size                           0x00000188   Number         0  startup_stm32f407xx.o ABSOLUTE
    __Vectors                                0x08000000   Data           4  startup_stm32f407xx.o(RESET)
    __Vectors_End                            0x08000188   Data           0  startup_stm32f407xx.o(RESET)
    __main                                   0x08000189   Thumb Code     0  entry.o(.ARM.Collect$$$$00000000)
    _main_stk                                0x08000189   Thumb Code     0  entry2.o(.ARM.Collect$$$$00000001)
    _main_scatterload                        0x0800018d   Thumb Code     0  entry5.o(.ARM.Collect$$$$00000004)
    __main_after_scatterload                 0x08000191   Thumb Code     0  entry5.o(.ARM.Collect$$$$00000004)
    _main_clock                              0x08000191   Thumb Code     0  entry7b.o(.ARM.Collect$$$$00000008)
    _main_cpp_init                           0x08000191   Thumb Code     0  entry8b.o(.ARM.Collect$$$$0000000A)
    _main_init                               0x08000191   Thumb Code     0  entry9a.o(.ARM.Collect$$$$0000000B)
    __rt_final_cpp                           0x08000199   Thumb Code     0  entry10a.o(.ARM.Collect$$$$0000000D)
    __rt_final_exit                          0x08000199   Thumb Code     0  entry11a.o(.ARM.Collect$$$$0000000F)
    SVC_Handler                              0x0800019d   Thumb Code    28  port.o(.emb_text)
    __asm___6_port_c_39a90d8d__prvStartFirstTask 0x080001bd   Thumb Code    28  port.o(.emb_text)
    __asm___6_port_c_39a90d8d__prvEnableVFP  0x080001dd   Thumb Code    16  port.o(.emb_text)
    PendSV_Handler                           0x080001f1   Thumb Code    92  port.o(.emb_text)
    vPortGetIPSR                             0x08000251   Thumb Code     6  port.o(.emb_text)
    Reset_Handler                            0x08000259   Thumb Code     8  startup_stm32f407xx.o(.text)
    ADC_IRQHandler                           0x08000273   Thumb Code     0  startup_stm32f407xx.o(.text)
    CAN1_RX0_IRQHandler                      0x08000273   Thumb Code     0  startup_stm32f407xx.o(.text)
    CAN1_RX1_IRQHandler                      0x08000273   Thumb Code     0  startup_stm32f407xx.o(.text)
    CAN1_SCE_IRQHandler                      0x08000273   Thumb Code     0  startup_stm32f407xx.o(.text)
    CAN1_TX_IRQHandler                       0x08000273   Thumb Code     0  startup_stm32f407xx.o(.text)
    CAN2_RX0_IRQHandler                      0x08000273   Thumb Code     0  startup_stm32f407xx.o(.text)
    CAN2_RX1_IRQHandler                      0x08000273   Thumb Code     0  startup_stm32f407xx.o(.text)
    CAN2_SCE_IRQHandler                      0x08000273   Thumb Code     0  startup_stm32f407xx.o(.text)
    CAN2_TX_IRQHandler                       0x08000273   Thumb Code     0  startup_stm32f407xx.o(.text)
    DCMI_IRQHandler                          0x08000273   Thumb Code     0  startup_stm32f407xx.o(.text)
    DMA1_Stream0_IRQHandler                  0x08000273   Thumb Code     0  startup_stm32f407xx.o(.text)
    DMA1_Stream1_IRQHandler                  0x08000273   Thumb Code     0  startup_stm32f407xx.o(.text)
    DMA1_Stream2_IRQHandler                  0x08000273   Thumb Code     0  startup_stm32f407xx.o(.text)
    DMA1_Stream3_IRQHandler                  0x08000273   Thumb Code     0  startup_stm32f407xx.o(.text)
    DMA1_Stream4_IRQHandler                  0x08000273   Thumb Code     0  startup_stm32f407xx.o(.text)
    DMA1_Stream5_IRQHandler                  0x08000273   Thumb Code     0  startup_stm32f407xx.o(.text)
    DMA1_Stream6_IRQHandler                  0x08000273   Thumb Code     0  startup_stm32f407xx.o(.text)
    DMA1_Stream7_IRQHandler                  0x08000273   Thumb Code     0  startup_stm32f407xx.o(.text)
    DMA2_Stream1_IRQHandler                  0x08000273   Thumb Code     0  startup_stm32f407xx.o(.text)
    DMA2_Stream2_IRQHandler                  0x08000273   Thumb Code     0  startup_stm32f407xx.o(.text)
    DMA2_Stream3_IRQHandler                  0x08000273   Thumb Code     0  startup_stm32f407xx.o(.text)
    DMA2_Stream4_IRQHandler                  0x08000273   Thumb Code     0  startup_stm32f407xx.o(.text)
    DMA2_Stream5_IRQHandler                  0x08000273   Thumb Code     0  startup_stm32f407xx.o(.text)
    DMA2_Stream6_IRQHandler                  0x08000273   Thumb Code     0  startup_stm32f407xx.o(.text)
    DMA2_Stream7_IRQHandler                  0x08000273   Thumb Code     0  startup_stm32f407xx.o(.text)
    ETH_IRQHandler                           0x08000273   Thumb Code     0  startup_stm32f407xx.o(.text)
    ETH_WKUP_IRQHandler                      0x08000273   Thumb Code     0  startup_stm32f407xx.o(.text)
    EXTI0_IRQHandler                         0x08000273   Thumb Code     0  startup_stm32f407xx.o(.text)
    EXTI15_10_IRQHandler                     0x08000273   Thumb Code     0  startup_stm32f407xx.o(.text)
    EXTI1_IRQHandler                         0x08000273   Thumb Code     0  startup_stm32f407xx.o(.text)
    EXTI2_IRQHandler                         0x08000273   Thumb Code     0  startup_stm32f407xx.o(.text)
    EXTI3_IRQHandler                         0x08000273   Thumb Code     0  startup_stm32f407xx.o(.text)
    EXTI4_IRQHandler                         0x08000273   Thumb Code     0  startup_stm32f407xx.o(.text)
    EXTI9_5_IRQHandler                       0x08000273   Thumb Code     0  startup_stm32f407xx.o(.text)
    FLASH_IRQHandler                         0x08000273   Thumb Code     0  startup_stm32f407xx.o(.text)
    FMC_IRQHandler                           0x08000273   Thumb Code     0  startup_stm32f407xx.o(.text)
    FPU_IRQHandler                           0x08000273   Thumb Code     0  startup_stm32f407xx.o(.text)
    HASH_RNG_IRQHandler                      0x08000273   Thumb Code     0  startup_stm32f407xx.o(.text)
    I2C1_ER_IRQHandler                       0x08000273   Thumb Code     0  startup_stm32f407xx.o(.text)
    I2C1_EV_IRQHandler                       0x08000273   Thumb Code     0  startup_stm32f407xx.o(.text)
    I2C2_ER_IRQHandler                       0x08000273   Thumb Code     0  startup_stm32f407xx.o(.text)
    I2C2_EV_IRQHandler                       0x08000273   Thumb Code     0  startup_stm32f407xx.o(.text)
    I2C3_ER_IRQHandler                       0x08000273   Thumb Code     0  startup_stm32f407xx.o(.text)
    I2C3_EV_IRQHandler                       0x08000273   Thumb Code     0  startup_stm32f407xx.o(.text)
    OTG_FS_IRQHandler                        0x08000273   Thumb Code     0  startup_stm32f407xx.o(.text)
    OTG_FS_WKUP_IRQHandler                   0x08000273   Thumb Code     0  startup_stm32f407xx.o(.text)
    OTG_HS_EP1_IN_IRQHandler                 0x08000273   Thumb Code     0  startup_stm32f407xx.o(.text)
    OTG_HS_EP1_OUT_IRQHandler                0x08000273   Thumb Code     0  startup_stm32f407xx.o(.text)
    OTG_HS_IRQHandler                        0x08000273   Thumb Code     0  startup_stm32f407xx.o(.text)
    OTG_HS_WKUP_IRQHandler                   0x08000273   Thumb Code     0  startup_stm32f407xx.o(.text)
    PVD_IRQHandler                           0x08000273   Thumb Code     0  startup_stm32f407xx.o(.text)
    RCC_IRQHandler                           0x08000273   Thumb Code     0  startup_stm32f407xx.o(.text)
    RTC_Alarm_IRQHandler                     0x08000273   Thumb Code     0  startup_stm32f407xx.o(.text)
    RTC_WKUP_IRQHandler                      0x08000273   Thumb Code     0  startup_stm32f407xx.o(.text)
    SDIO_IRQHandler                          0x08000273   Thumb Code     0  startup_stm32f407xx.o(.text)
    SPI1_IRQHandler                          0x08000273   Thumb Code     0  startup_stm32f407xx.o(.text)
    SPI2_IRQHandler                          0x08000273   Thumb Code     0  startup_stm32f407xx.o(.text)
    SPI3_IRQHandler                          0x08000273   Thumb Code     0  startup_stm32f407xx.o(.text)
    TAMP_STAMP_IRQHandler                    0x08000273   Thumb Code     0  startup_stm32f407xx.o(.text)
    TIM1_BRK_TIM9_IRQHandler                 0x08000273   Thumb Code     0  startup_stm32f407xx.o(.text)
    TIM1_CC_IRQHandler                       0x08000273   Thumb Code     0  startup_stm32f407xx.o(.text)
    TIM1_TRG_COM_TIM11_IRQHandler            0x08000273   Thumb Code     0  startup_stm32f407xx.o(.text)
    TIM3_IRQHandler                          0x08000273   Thumb Code     0  startup_stm32f407xx.o(.text)
    TIM4_IRQHandler                          0x08000273   Thumb Code     0  startup_stm32f407xx.o(.text)
    TIM5_IRQHandler                          0x08000273   Thumb Code     0  startup_stm32f407xx.o(.text)
    TIM6_DAC_IRQHandler                      0x08000273   Thumb Code     0  startup_stm32f407xx.o(.text)
    TIM7_IRQHandler                          0x08000273   Thumb Code     0  startup_stm32f407xx.o(.text)
    TIM8_BRK_TIM12_IRQHandler                0x08000273   Thumb Code     0  startup_stm32f407xx.o(.text)
    TIM8_CC_IRQHandler                       0x08000273   Thumb Code     0  startup_stm32f407xx.o(.text)
    TIM8_TRG_COM_TIM14_IRQHandler            0x08000273   Thumb Code     0  startup_stm32f407xx.o(.text)
    TIM8_UP_TIM13_IRQHandler                 0x08000273   Thumb Code     0  startup_stm32f407xx.o(.text)
    UART4_IRQHandler                         0x08000273   Thumb Code     0  startup_stm32f407xx.o(.text)
    UART5_IRQHandler                         0x08000273   Thumb Code     0  startup_stm32f407xx.o(.text)
    USART1_IRQHandler                        0x08000273   Thumb Code     0  startup_stm32f407xx.o(.text)
    USART3_IRQHandler                        0x08000273   Thumb Code     0  startup_stm32f407xx.o(.text)
    USART6_IRQHandler                        0x08000273   Thumb Code     0  startup_stm32f407xx.o(.text)
    WWDG_IRQHandler                          0x08000273   Thumb Code     0  startup_stm32f407xx.o(.text)
    __aeabi_uldivmod                         0x0800027d   Thumb Code    98  uldiv.o(.text)
    __aeabi_memcpy                           0x080002df   Thumb Code    36  memcpya.o(.text)
    __aeabi_memcpy4                          0x080002df   Thumb Code     0  memcpya.o(.text)
    __aeabi_memcpy8                          0x080002df   Thumb Code     0  memcpya.o(.text)
    strstr                                   0x08000303   Thumb Code    36  strstr.o(.text)
    strcpy                                   0x08000327   Thumb Code    18  strcpy.o(.text)
    strtok                                   0x08000339   Thumb Code    62  strtok.o(.text)
    __aeabi_dadd                             0x0800037d   Thumb Code   322  dadd.o(.text)
    __aeabi_dsub                             0x080004bf   Thumb Code     6  dadd.o(.text)
    __aeabi_drsub                            0x080004c5   Thumb Code     6  dadd.o(.text)
    __aeabi_dmul                             0x080004cb   Thumb Code   228  dmul.o(.text)
    __aeabi_ddiv                             0x080005af   Thumb Code   222  ddiv.o(.text)
    __aeabi_ui2d                             0x0800068d   Thumb Code    26  dfltui.o(.text)
    __aeabi_d2uiz                            0x080006a7   Thumb Code    50  dfixui.o(.text)
    __aeabi_f2d                              0x080006d9   Thumb Code    38  f2d.o(.text)
    __aeabi_uidiv                            0x080006ff   Thumb Code     0  uidiv.o(.text)
    __aeabi_uidivmod                         0x080006ff   Thumb Code    44  uidiv.o(.text)
    __aeabi_llsl                             0x0800072b   Thumb Code    30  llshl.o(.text)
    _ll_shift_l                              0x0800072b   Thumb Code     0  llshl.o(.text)
    __aeabi_llsr                             0x08000749   Thumb Code    32  llushr.o(.text)
    _ll_ushift_r                             0x08000749   Thumb Code     0  llushr.o(.text)
    __aeabi_lasr                             0x08000769   Thumb Code    36  llsshr.o(.text)
    _ll_sshift_r                             0x08000769   Thumb Code     0  llsshr.o(.text)
    __I$use$fp                               0x0800078d   Thumb Code     0  iusefp.o(.text)
    _double_round                            0x0800078d   Thumb Code    30  depilogue.o(.text)
    _double_epilogue                         0x080007ab   Thumb Code   156  depilogue.o(.text)
    __aeabi_d2ulz                            0x08000847   Thumb Code    48  dfixul.o(.text)
    __aeabi_cdrcmple                         0x08000879   Thumb Code    48  cdrcmple.o(.text)
    __scatterload                            0x080008a9   Thumb Code    28  init.o(.text)
    __scatterload_rt2                        0x080008a9   Thumb Code     0  init.o(.text)
    BusFault_Handler                         0x08000a75   Thumb Code     2  stm32f4xx_it.o(i.BusFault_Handler)
    CalcTextWidthEN                          0x08000a79   Thumb Code    80  ks0108.o(i.CalcTextWidthEN)
    DMA2_Stream0_IRQHandler                  0x08000acd   Thumb Code     6  stm32f4xx_it.o(i.DMA2_Stream0_IRQHandler)
    DebugMon_Handler                         0x08000b7d   Thumb Code     2  stm32f4xx_it.o(i.DebugMon_Handler)
    GLCD_ClearScreen                         0x08000b7f   Thumb Code    38  ks0108.o(i.GLCD_ClearScreen)
    GLCD_Delay                               0x08000ba5   Thumb Code    10  ks0108-stm32.o(i.GLCD_Delay)
    GLCD_DisableController                   0x08000bb1   Thumb Code    26  ks0108-stm32.o(i.GLCD_DisableController)
    GLCD_EnableController                    0x08000bd1   Thumb Code    26  ks0108-stm32.o(i.GLCD_EnableController)
    GLCD_GoTo                                0x08000bf1   Thumb Code    50  ks0108.o(i.GLCD_GoTo)
    GLCD_Initalize                           0x08000c29   Thumb Code    22  ks0108.o(i.GLCD_Initalize)
    GLCD_Line                                0x08000c3f   Thumb Code   148  graphic.o(i.GLCD_Line)
    GLCD_ReadData                            0x08000cd5   Thumb Code   192  ks0108-stm32.o(i.GLCD_ReadData)
    GLCD_ReadStatus                          0x08000da1   Thumb Code   178  ks0108-stm32.o(i.GLCD_ReadStatus)
    GLCD_SetPixel                            0x08000e5d   Thumb Code    64  ks0108.o(i.GLCD_SetPixel)
    GLCD_WriteCommand                        0x08000e9d   Thumb Code   196  ks0108-stm32.o(i.GLCD_WriteCommand)
    GLCD_WriteData                           0x08000f69   Thumb Code   192  ks0108-stm32.o(i.GLCD_WriteData)
    HAL_ADC_ConfigChannel                    0x08001035   Thumb Code   316  stm32f4xx_hal_adc.o(i.HAL_ADC_ConfigChannel)
    HAL_ADC_ConvCpltCallback                 0x08001181   Thumb Code   216  main.o(i.HAL_ADC_ConvCpltCallback)
    HAL_ADC_ConvHalfCpltCallback             0x08001271   Thumb Code     2  stm32f4xx_hal_adc.o(i.HAL_ADC_ConvHalfCpltCallback)
    HAL_ADC_ErrorCallback                    0x08001273   Thumb Code     2  stm32f4xx_hal_adc.o(i.HAL_ADC_ErrorCallback)
    HAL_ADC_Init                             0x08001275   Thumb Code    84  stm32f4xx_hal_adc.o(i.HAL_ADC_Init)
    HAL_ADC_MspInit                          0x080012c9   Thumb Code   106  adc.o(i.HAL_ADC_MspInit)
    HAL_ADC_Start_DMA                        0x08001359   Thumb Code   230  stm32f4xx_hal_adc.o(i.HAL_ADC_Start_DMA)
    HAL_ADC_Stop_DMA                         0x0800145d   Thumb Code    88  stm32f4xx_hal_adc.o(i.HAL_ADC_Stop_DMA)
    HAL_DAC_ConfigChannel                    0x080014b5   Thumb Code    66  stm32f4xx_hal_dac.o(i.HAL_DAC_ConfigChannel)
    HAL_DAC_Init                             0x080014f7   Thumb Code    40  stm32f4xx_hal_dac.o(i.HAL_DAC_Init)
    HAL_DAC_MspInit                          0x08001521   Thumb Code    54  dac.o(i.HAL_DAC_MspInit)
    HAL_DAC_SetValue                         0x08001565   Thumb Code    26  stm32f4xx_hal_dac.o(i.HAL_DAC_SetValue)
    HAL_DMA_Abort                            0x0800157f   Thumb Code   142  stm32f4xx_hal_dma.o(i.HAL_DMA_Abort)
    HAL_DMA_Abort_IT                         0x0800160d   Thumb Code    36  stm32f4xx_hal_dma.o(i.HAL_DMA_Abort_IT)
    HAL_DMA_IRQHandler                       0x08001631   Thumb Code   412  stm32f4xx_hal_dma.o(i.HAL_DMA_IRQHandler)
    HAL_DMA_Init                             0x080017d1   Thumb Code   206  stm32f4xx_hal_dma.o(i.HAL_DMA_Init)
    HAL_DMA_Start_IT                         0x080018a5   Thumb Code   120  stm32f4xx_hal_dma.o(i.HAL_DMA_Start_IT)
    HAL_GPIO_Init                            0x0800191d   Thumb Code   402  stm32f4xx_hal_gpio.o(i.HAL_GPIO_Init)
    HAL_GPIO_ReadPin                         0x08001add   Thumb Code    10  stm32f4xx_hal_gpio.o(i.HAL_GPIO_ReadPin)
    HAL_GPIO_WritePin                        0x08001ae7   Thumb Code    10  stm32f4xx_hal_gpio.o(i.HAL_GPIO_WritePin)
    HAL_GetTick                              0x08001af1   Thumb Code     6  stm32f4xx_hal.o(i.HAL_GetTick)
    HAL_IncTick                              0x08001afd   Thumb Code    12  stm32f4xx_hal.o(i.HAL_IncTick)
    HAL_Init                                 0x08001b0d   Thumb Code    48  stm32f4xx_hal.o(i.HAL_Init)
    HAL_InitTick                             0x08001b41   Thumb Code   100  stm32f4xx_hal_timebase_tim.o(i.HAL_InitTick)
    HAL_MspInit                              0x08001bb5   Thumb Code    88  stm32f4xx_hal_msp.o(i.HAL_MspInit)
    HAL_NVIC_EnableIRQ                       0x08001c0d   Thumb Code    22  stm32f4xx_hal_cortex.o(i.HAL_NVIC_EnableIRQ)
    HAL_NVIC_SetPriority                     0x08001c25   Thumb Code    60  stm32f4xx_hal_cortex.o(i.HAL_NVIC_SetPriority)
    HAL_NVIC_SetPriorityGrouping             0x08001c65   Thumb Code    26  stm32f4xx_hal_cortex.o(i.HAL_NVIC_SetPriorityGrouping)
    HAL_RCC_ClockConfig                      0x08001c89   Thumb Code   286  stm32f4xx_hal_rcc.o(i.HAL_RCC_ClockConfig)
    HAL_RCC_GetClockConfig                   0x08001db9   Thumb Code    54  stm32f4xx_hal_rcc.o(i.HAL_RCC_GetClockConfig)
    HAL_RCC_GetHCLKFreq                      0x08001df9   Thumb Code     6  stm32f4xx_hal_rcc.o(i.HAL_RCC_GetHCLKFreq)
    HAL_RCC_GetPCLK1Freq                     0x08001e05   Thumb Code    20  stm32f4xx_hal_rcc.o(i.HAL_RCC_GetPCLK1Freq)
    HAL_RCC_GetPCLK2Freq                     0x08001e25   Thumb Code    20  stm32f4xx_hal_rcc.o(i.HAL_RCC_GetPCLK2Freq)
    HAL_RCC_GetSysClockFreq                  0x08001e45   Thumb Code    88  stm32f4xx_hal_rcc.o(i.HAL_RCC_GetSysClockFreq)
    HAL_RCC_OscConfig                        0x08001ea5   Thumb Code   766  stm32f4xx_hal_rcc.o(i.HAL_RCC_OscConfig)
    HAL_SYSTICK_CLKSourceConfig              0x080021b9   Thumb Code    24  stm32f4xx_hal_cortex.o(i.HAL_SYSTICK_CLKSourceConfig)
    HAL_SYSTICK_Config                       0x080021d1   Thumb Code    40  stm32f4xx_hal_cortex.o(i.HAL_SYSTICK_Config)
    HAL_TIMEx_BreakCallback                  0x080021f9   Thumb Code     2  stm32f4xx_hal_tim_ex.o(i.HAL_TIMEx_BreakCallback)
    HAL_TIMEx_CommutationCallback            0x080021fb   Thumb Code     2  stm32f4xx_hal_tim_ex.o(i.HAL_TIMEx_CommutationCallback)
    HAL_TIMEx_MasterConfigSynchronization    0x080021fd   Thumb Code    80  stm32f4xx_hal_tim_ex.o(i.HAL_TIMEx_MasterConfigSynchronization)
    HAL_TIM_Base_Init                        0x0800224d   Thumb Code    54  stm32f4xx_hal_tim.o(i.HAL_TIM_Base_Init)
    HAL_TIM_Base_MspInit                     0x08002285   Thumb Code    50  tim.o(i.HAL_TIM_Base_MspInit)
    HAL_TIM_Base_Start_IT                    0x080022bd   Thumb Code    24  stm32f4xx_hal_tim.o(i.HAL_TIM_Base_Start_IT)
    HAL_TIM_ConfigClockSource                0x080022d5   Thumb Code   240  stm32f4xx_hal_tim.o(i.HAL_TIM_ConfigClockSource)
    HAL_TIM_IC_CaptureCallback               0x080023c5   Thumb Code     2  stm32f4xx_hal_tim.o(i.HAL_TIM_IC_CaptureCallback)
    HAL_TIM_IRQHandler                       0x080023c7   Thumb Code   358  stm32f4xx_hal_tim.o(i.HAL_TIM_IRQHandler)
    HAL_TIM_OC_DelayElapsedCallback          0x0800252d   Thumb Code     2  stm32f4xx_hal_tim.o(i.HAL_TIM_OC_DelayElapsedCallback)
    HAL_TIM_PWM_PulseFinishedCallback        0x0800252f   Thumb Code     2  stm32f4xx_hal_tim.o(i.HAL_TIM_PWM_PulseFinishedCallback)
    HAL_TIM_PeriodElapsedCallback            0x08002531   Thumb Code    40  main.o(i.HAL_TIM_PeriodElapsedCallback)
    HAL_TIM_TriggerCallback                  0x08002565   Thumb Code     2  stm32f4xx_hal_tim.o(i.HAL_TIM_TriggerCallback)
    HAL_UART_ErrorCallback                   0x08002567   Thumb Code     2  stm32f4xx_hal_uart.o(i.HAL_UART_ErrorCallback)
    HAL_UART_IRQHandler                      0x08002569   Thumb Code   266  stm32f4xx_hal_uart.o(i.HAL_UART_IRQHandler)
    HAL_UART_Init                            0x08002679   Thumb Code    98  stm32f4xx_hal_uart.o(i.HAL_UART_Init)
    HAL_UART_MspInit                         0x080026dd   Thumb Code    78  usart.o(i.HAL_UART_MspInit)
    HAL_UART_Receive_IT                      0x08002739   Thumb Code    72  stm32f4xx_hal_uart.o(i.HAL_UART_Receive_IT)
    HAL_UART_RxCpltCallback                  0x08002781   Thumb Code    54  main.o(i.HAL_UART_RxCpltCallback)
    HAL_UART_Transmit                        0x080027c5   Thumb Code   186  stm32f4xx_hal_uart.o(i.HAL_UART_Transmit)
    HAL_UART_TxCpltCallback                  0x0800287f   Thumb Code     2  stm32f4xx_hal_uart.o(i.HAL_UART_TxCpltCallback)
    HardFault_Handler                        0x08002881   Thumb Code     2  stm32f4xx_it.o(i.HardFault_Handler)
    MX_ADC1_Init                             0x08002885   Thumb Code   112  adc.o(i.MX_ADC1_Init)
    MX_DAC_Init                              0x0800290d   Thumb Code    74  dac.o(i.MX_DAC_Init)
    MX_DMA_Init                              0x08002971   Thumb Code    40  dma.o(i.MX_DMA_Init)
    MX_FREERTOS_Init                         0x0800299d   Thumb Code    30  freertos.o(i.MX_FREERTOS_Init)
    MX_GPIO_Init                             0x080029c5   Thumb Code   138  gpio.o(i.MX_GPIO_Init)
    MX_TIM2_Init                             0x08002a5d   Thumb Code    96  tim.o(i.MX_TIM2_Init)
    MX_USART2_UART_Init                      0x08002ad1   Thumb Code    52  usart.o(i.MX_USART2_UART_Init)
    MemManage_Handler                        0x08002b1d   Thumb Code     2  stm32f4xx_it.o(i.MemManage_Handler)
    NMI_Handler                              0x08002b1f   Thumb Code     2  stm32f4xx_it.o(i.NMI_Handler)
    Port_in_out_mode                         0x08002b41   Thumb Code    52  ks0108-stm32.o(i.Port_in_out_mode)
    StartDefaultTask                         0x08002b7d   Thumb Code     8  freertos.o(i.StartDefaultTask)
    SysTick_Handler                          0x08002b85   Thumb Code     4  stm32f4xx_it.o(i.SysTick_Handler)
    SystemClock_Config                       0x08002b89   Thumb Code   150  main.o(i.SystemClock_Config)
    SystemInit                               0x08002c29   Thumb Code    66  system_stm32f4xx.o(i.SystemInit)
    TIM1_UP_TIM10_IRQHandler                 0x08002c7d   Thumb Code     6  stm32f4xx_it.o(i.TIM1_UP_TIM10_IRQHandler)
    TIM2_IRQHandler                          0x08002c89   Thumb Code     6  stm32f4xx_it.o(i.TIM2_IRQHandler)
    TIM_Base_SetConfig                       0x08002c95   Thumb Code   148  stm32f4xx_hal_tim.o(i.TIM_Base_SetConfig)
    USART2_IRQHandler                        0x080031e9   Thumb Code     6  stm32f4xx_it.o(i.USART2_IRQHandler)
    UsageFault_Handler                       0x080031f5   Thumb Code     2  stm32f4xx_it.o(i.UsageFault_Handler)
    _Error_Handler                           0x080031f7   Thumb Code     2  main.o(i._Error_Handler)
    __0sprintf                               0x080031f9   Thumb Code    34  printfa.o(i.__0sprintf)
    __1sprintf                               0x080031f9   Thumb Code     0  printfa.o(i.__0sprintf)
    __2sprintf                               0x080031f9   Thumb Code     0  printfa.o(i.__0sprintf)
    __c89sprintf                             0x080031f9   Thumb Code     0  printfa.o(i.__0sprintf)
    sprintf                                  0x080031f9   Thumb Code     0  printfa.o(i.__0sprintf)
    __scatterload_copy                       0x08003221   Thumb Code    14  handlers.o(i.__scatterload_copy)
    __scatterload_null                       0x0800322f   Thumb Code     2  handlers.o(i.__scatterload_null)
    __scatterload_zeroinit                   0x08003231   Thumb Code    14  handlers.o(i.__scatterload_zeroinit)
    average                                  0x08003afd   Thumb Code    26  dsp.o(i.average)
    best_moving_average                      0x08003b17   Thumb Code    50  dsp.o(i.best_moving_average)
    calculate_calibration_coefficients       0x08003b49   Thumb Code    88  main.o(i.calculate_calibration_coefficients)
    calculate_calibration_coefficients_step1 0x08003bb1   Thumb Code     8  main.o(i.calculate_calibration_coefficients_step1)
    calculate_calibration_coefficients_step2 0x08003bbd   Thumb Code     8  main.o(i.calculate_calibration_coefficients_step2)
    data_spliter                             0x08003bc9   Thumb Code    32  dsp.o(i.data_spliter)
    get_user_input                           0x08003be9   Thumb Code   380  glcd_menu.o(i.get_user_input)
    glcd_draw_char_xy                        0x08003d89   Thumb Code   244  ks0108.o(i.glcd_draw_char_xy)
    glcd_draw_string_xy                      0x08003e81   Thumb Code    60  ks0108.o(i.glcd_draw_string_xy)
    glcd_set_font                            0x08003ec1   Thumb Code    44  ks0108.o(i.glcd_set_font)
    init_menu                                0x08003ef1   Thumb Code  1736  glcd_menu.o(i.init_menu)
    lcd_print                                0x080045c1   Thumb Code    60  main.o(i.lcd_print)
    main                                     0x08004601   Thumb Code   168  main.o(i.main)
    osDelay                                  0x080046e5   Thumb Code    14  cmsis_os.o(i.osDelay)
    osKernelStart                            0x080046f3   Thumb Code    10  cmsis_os.o(i.osKernelStart)
    osSystickHandler                         0x080046fd   Thumb Code    20  cmsis_os.o(i.osSystickHandler)
    osThreadCreate                           0x08004711   Thumb Code    46  cmsis_os.o(i.osThreadCreate)
    pid_auto                                 0x0800473f   Thumb Code    68  pid.o(i.pid_auto)
    pid_compute                              0x08004783   Thumb Code   150  pid.o(i.pid_compute)
    pid_create                               0x08004819   Thumb Code    74  pid.o(i.pid_create)
    pid_direction                            0x0800486d   Thumb Code    56  pid.o(i.pid_direction)
    pid_limits                               0x080048a5   Thumb Code   100  pid.o(i.pid_limits)
    pid_sample                               0x08004909   Thumb Code    52  pid.o(i.pid_sample)
    pid_tune                                 0x0800493d   Thumb Code   100  pid.o(i.pid_tune)
    print_main_page                          0x080049a5   Thumb Code   274  glcd_menu.o(i.print_main_page)
    print_menu                               0x08004ad5   Thumb Code   336  glcd_menu.o(i.print_menu)
    pump_set_stroke                          0x08004f7d   Thumb Code    86  main.o(i.pump_set_stroke)
    pvPortMalloc                             0x08005001   Thumb Code   210  heap_4.o(i.pvPortMalloc)
    pxPortInitialiseStack                    0x080050d9   Thumb Code    40  port.o(i.pxPortInitialiseStack)
    update_menu_from_variables               0x08005105   Thumb Code   104  glcd_menu.o(i.update_menu_from_variables)
    uxListRemove                             0x08005185   Thumb Code    36  list.o(i.uxListRemove)
    vListInitialise                          0x080051a9   Thumb Code    22  list.o(i.vListInitialise)
    vListInitialiseItem                      0x080051bf   Thumb Code     6  list.o(i.vListInitialiseItem)
    vListInsert                              0x080051c5   Thumb Code    48  list.o(i.vListInsert)
    vListInsertEnd                           0x080051f5   Thumb Code    24  list.o(i.vListInsertEnd)
    vPortEnterCritical                       0x0800520d   Thumb Code    54  port.o(i.vPortEnterCritical)
    vPortExitCritical                        0x0800524d   Thumb Code    34  port.o(i.vPortExitCritical)
    vPortFree                                0x08005275   Thumb Code    88  heap_4.o(i.vPortFree)
    vPortSetupTimerInterrupt                 0x080052d1   Thumb Code    26  port.o(i.vPortSetupTimerInterrupt)
    vTaskDelay                               0x080052f1   Thumb Code    66  tasks.o(i.vTaskDelay)
    vTaskStartScheduler                      0x0800533d   Thumb Code    86  tasks.o(i.vTaskStartScheduler)
    vTaskSuspendAll                          0x080053a5   Thumb Code    10  tasks.o(i.vTaskSuspendAll)
    vTaskSwitchContext                       0x080053b5   Thumb Code    82  tasks.o(i.vTaskSwitchContext)
    xPortStartScheduler                      0x08005411   Thumb Code   208  port.o(i.xPortStartScheduler)
    xPortSysTickHandler                      0x080054f5   Thumb Code    38  port.o(i.xPortSysTickHandler)
    xTaskCreate                              0x08005521   Thumb Code    86  tasks.o(i.xTaskCreate)
    xTaskGetSchedulerState                   0x08005579   Thumb Code    22  tasks.o(i.xTaskGetSchedulerState)
    xTaskIncrementTick                       0x08005595   Thumb Code   192  tasks.o(i.xTaskIncrementTick)
    xTaskResumeAll                           0x0800565d   Thumb Code   182  tasks.o(i.xTaskResumeAll)
    Times_New_Roman25x26                     0x08005728   Data        9696  glcd_menu.o(.constdata)
    Terminal6x8                              0x08007d08   Data         672  glcd_menu.o(.constdata)
    AHBPrescTable                            0x08007fbc   Data          16  system_stm32f4xx.o(.constdata)
    APBPrescTable                            0x08007fcc   Data           8  system_stm32f4xx.o(.constdata)
    Region$$Table$$Base                      0x08007fe0   Number         0  anon$$obj.o(Region$$Table)
    Region$$Table$$Limit                     0x08008000   Number         0  anon$$obj.o(Region$$Table)
    uwTickFreq                               0x20000000   Data           1  stm32f4xx_hal.o(.data)
    uwTickPrio                               0x20000004   Data           4  stm32f4xx_hal.o(.data)
    uwTick                                   0x20000008   Data           4  stm32f4xx_hal.o(.data)
    ph_window_pointer                        0x2000000c   Data           2  main.o(.data)
    temp_window_pointer                      0x2000000e   Data           2  main.o(.data)
    tempDigital                              0x20000010   Data           2  main.o(.data)
    ph_averaged                              0x20000012   Data           2  main.o(.data)
    temp_filtered                            0x20000014   Data           2  main.o(.data)
    calibration_point_1                      0x20000016   Data           2  main.o(.data)
    calibration_point_2                      0x20000018   Data           2  main.o(.data)
    pH_filtered                              0x2000001a   Data           2  main.o(.data)
    lcd_demo_handle                          0x2000001c   Data           4  main.o(.data)
    active_menu                              0x20000020   Data           4  main.o(.data)
    ph_sum                                   0x20000024   Data           4  main.o(.data)
    temp_sum                                 0x20000028   Data           4  main.o(.data)
    p1_p                                     0x2000002c   Data           4  main.o(.data)
    p2_p                                     0x20000030   Data           4  main.o(.data)
    p1_t                                     0x20000034   Data           4  main.o(.data)
    p2_t                                     0x20000038   Data           4  main.o(.data)
    pH                                       0x2000003c   Data           4  main.o(.data)
    temp                                     0x20000040   Data           4  main.o(.data)
    calibration_point_1_ph                   0x20000044   Data           4  main.o(.data)
    calibration_point_2_ph                   0x20000048   Data           4  main.o(.data)
    input                                    0x2000004c   Data           4  main.o(.data)
    setpoint                                 0x20000050   Data           4  main.o(.data)
    kp                                       0x20000054   Data           4  main.o(.data)
    ki                                       0x20000058   Data           4  main.o(.data)
    kd                                       0x2000005c   Data           4  main.o(.data)
    sample_time                              0x20000060   Data           4  main.o(.data)
    pid                                      0x20000064   Data           4  main.o(.data)
    output                                   0x20000068   Data           4  main.o(.data)
    screen_x                                 0x2000006c   Data           1  ks0108.o(.data)
    screen_y                                 0x2000006d   Data           1  ks0108.o(.data)
    firstchar                                0x2000006e   Data           1  ks0108.o(.data)
    lastchar                                 0x2000006f   Data           1  ks0108.o(.data)
    charwidth                                0x20000070   Data           1  ks0108.o(.data)
    FontWidth                                0x20000071   Data           1  ks0108.o(.data)
    FontHeight                               0x20000072   Data           1  ks0108.o(.data)
    bytes_high                               0x20000073   Data           1  ks0108.o(.data)
    FontPointer                              0x20000074   Data           4  ks0108.o(.data)
    bytes_per_char                           0x20000078   Data           4  ks0108.o(.data)
    defaultTaskHandle                        0x2000007c   Data           4  freertos.o(.data)
    SystemCoreClock                          0x20000080   Data           4  system_stm32f4xx.o(.data)
    pxCurrentTCB                             0x2000009c   Data           4  tasks.o(.data)
    adc_value                                0x200000e8   Data          80  main.o(.bss)
    ph_history                               0x20000138   Data         200  main.o(.bss)
    temp_history                             0x20000200   Data         200  main.o(.bss)
    menu_list                                0x200002c8   Data        7020  main.o(.bss)
    uart_buff                                0x20001e34   Data          20  main.o(.bss)
    pH_buffer                                0x20001e48   Data          20  main.o(.bss)
    temp_buffer                              0x20001e5c   Data          20  main.o(.bss)
    ctrldata                                 0x20001e70   Data          48  main.o(.bss)
    GPIO_InitStruct                          0x20001ea0   Data          20  ks0108-stm32.o(.bss)
    huart2                                   0x20001eb4   Data          64  usart.o(.bss)
    htim1                                    0x20001ef4   Data          60  stm32f4xx_hal_timebase_tim.o(.bss)
    hadc1                                    0x20001f30   Data          72  adc.o(.bss)
    hdma_adc1                                0x20001f78   Data          96  adc.o(.bss)
    htim2                                    0x20001fd8   Data          60  tim.o(.bss)
    hdac                                     0x20002014   Data          20  dac.o(.bss)
    __initial_sp                             0x20006118   Data           0  startup_stm32f407xx.o(STACK)



==============================================================================

Memory Map of the image

  Image Entry point : 0x08000189

  Load Region LR_IROM1 (Base: 0x08000000, Size: 0x000080e8, Max: 0x00100000, ABSOLUTE)

    Execution Region ER_IROM1 (Exec base: 0x08000000, Load base: 0x08000000, Size: 0x00008000, Max: 0x00100000, ABSOLUTE)

    Exec Addr    Load Addr    Size         Type   Attr      Idx    E Section Name        Object

    0x08000000   0x08000000   0x00000188   Data   RO            3    RESET               startup_stm32f407xx.o
    0x08000188   0x08000188   0x00000000   Code   RO         4905  * .ARM.Collect$$$$00000000  mc_w.l(entry.o)
    0x08000188   0x08000188   0x00000004   Code   RO         5197    .ARM.Collect$$$$00000001  mc_w.l(entry2.o)
    0x0800018c   0x0800018c   0x00000004   Code   RO         5200    .ARM.Collect$$$$00000004  mc_w.l(entry5.o)
    0x08000190   0x08000190   0x00000000   Code   RO         5202    .ARM.Collect$$$$00000008  mc_w.l(entry7b.o)
    0x08000190   0x08000190   0x00000000   Code   RO         5204    .ARM.Collect$$$$0000000A  mc_w.l(entry8b.o)
    0x08000190   0x08000190   0x00000008   Code   RO         5205    .ARM.Collect$$$$0000000B  mc_w.l(entry9a.o)
    0x08000198   0x08000198   0x00000000   Code   RO         5207    .ARM.Collect$$$$0000000D  mc_w.l(entry10a.o)
    0x08000198   0x08000198   0x00000000   Code   RO         5209    .ARM.Collect$$$$0000000F  mc_w.l(entry11a.o)
    0x08000198   0x08000198   0x00000004   Code   RO         5198    .ARM.Collect$$$$00002712  mc_w.l(entry2.o)
    0x0800019c   0x0800019c   0x000000ba   Code   RO         4828    .emb_text           port.o
    0x08000256   0x08000256   0x00000002   PAD
    0x08000258   0x08000258   0x00000024   Code   RO            4    .text               startup_stm32f407xx.o
    0x0800027c   0x0800027c   0x00000062   Code   RO         4908    .text               mc_w.l(uldiv.o)
    0x080002de   0x080002de   0x00000024   Code   RO         4910    .text               mc_w.l(memcpya.o)
    0x08000302   0x08000302   0x00000024   Code   RO         4912    .text               mc_w.l(strstr.o)
    0x08000326   0x08000326   0x00000012   Code   RO         4914    .text               mc_w.l(strcpy.o)
    0x08000338   0x08000338   0x00000044   Code   RO         4916    .text               mc_w.l(strtok.o)
    0x0800037c   0x0800037c   0x0000014e   Code   RO         5185    .text               mf_w.l(dadd.o)
    0x080004ca   0x080004ca   0x000000e4   Code   RO         5187    .text               mf_w.l(dmul.o)
    0x080005ae   0x080005ae   0x000000de   Code   RO         5189    .text               mf_w.l(ddiv.o)
    0x0800068c   0x0800068c   0x0000001a   Code   RO         5191    .text               mf_w.l(dfltui.o)
    0x080006a6   0x080006a6   0x00000032   Code   RO         5193    .text               mf_w.l(dfixui.o)
    0x080006d8   0x080006d8   0x00000026   Code   RO         5195    .text               mf_w.l(f2d.o)
    0x080006fe   0x080006fe   0x0000002c   Code   RO         5214    .text               mc_w.l(uidiv.o)
    0x0800072a   0x0800072a   0x0000001e   Code   RO         5216    .text               mc_w.l(llshl.o)
    0x08000748   0x08000748   0x00000020   Code   RO         5218    .text               mc_w.l(llushr.o)
    0x08000768   0x08000768   0x00000024   Code   RO         5220    .text               mc_w.l(llsshr.o)
    0x0800078c   0x0800078c   0x00000000   Code   RO         5222    .text               mc_w.l(iusefp.o)
    0x0800078c   0x0800078c   0x000000ba   Code   RO         5223    .text               mf_w.l(depilogue.o)
    0x08000846   0x08000846   0x00000030   Code   RO         5225    .text               mf_w.l(dfixul.o)
    0x08000876   0x08000876   0x00000002   PAD
    0x08000878   0x08000878   0x00000030   Code   RO         5227    .text               mf_w.l(cdrcmple.o)
    0x080008a8   0x080008a8   0x00000024   Code   RO         5229    .text               mc_w.l(init.o)
    0x080008cc   0x080008cc   0x00000062   Code   RO         2360    i.ADC_DMAConvCplt   stm32f4xx_hal_adc.o
    0x0800092e   0x0800092e   0x00000016   Code   RO         2361    i.ADC_DMAError      stm32f4xx_hal_adc.o
    0x08000944   0x08000944   0x0000000a   Code   RO         2362    i.ADC_DMAHalfConvCplt  stm32f4xx_hal_adc.o
    0x0800094e   0x0800094e   0x00000002   PAD
    0x08000950   0x08000950   0x00000124   Code   RO         2363    i.ADC_Init          stm32f4xx_hal_adc.o
    0x08000a74   0x08000a74   0x00000002   Code   RO         2887    i.BusFault_Handler  stm32f4xx_it.o
    0x08000a76   0x08000a76   0x00000002   PAD
    0x08000a78   0x08000a78   0x00000054   Code   RO         3210    i.CalcTextWidthEN   ks0108.o
    0x08000acc   0x08000acc   0x0000000c   Code   RO         2888    i.DMA2_Stream0_IRQHandler  stm32f4xx_it.o
    0x08000ad8   0x08000ad8   0x00000028   Code   RO          478    i.DMA_CalcBaseAndBitshift  stm32f4xx_hal_dma.o
    0x08000b00   0x08000b00   0x00000054   Code   RO          479    i.DMA_CheckFifoParam  stm32f4xx_hal_dma.o
    0x08000b54   0x08000b54   0x00000028   Code   RO          480    i.DMA_SetConfig     stm32f4xx_hal_dma.o
    0x08000b7c   0x08000b7c   0x00000002   Code   RO         2889    i.DebugMon_Handler  stm32f4xx_it.o
    0x08000b7e   0x08000b7e   0x00000026   Code   RO         3212    i.GLCD_ClearScreen  ks0108.o
    0x08000ba4   0x08000ba4   0x0000000a   Code   RO         3305    i.GLCD_Delay        ks0108-stm32.o
    0x08000bae   0x08000bae   0x00000002   PAD
    0x08000bb0   0x08000bb0   0x00000020   Code   RO         3306    i.GLCD_DisableController  ks0108-stm32.o
    0x08000bd0   0x08000bd0   0x00000020   Code   RO         3307    i.GLCD_EnableController  ks0108-stm32.o
    0x08000bf0   0x08000bf0   0x00000038   Code   RO         3213    i.GLCD_GoTo         ks0108.o
    0x08000c28   0x08000c28   0x00000016   Code   RO         3214    i.GLCD_Initalize    ks0108.o
    0x08000c3e   0x08000c3e   0x00000094   Code   RO         3183    i.GLCD_Line         graphic.o
    0x08000cd2   0x08000cd2   0x00000002   PAD
    0x08000cd4   0x08000cd4   0x000000cc   Code   RO         3309    i.GLCD_ReadData     ks0108-stm32.o
    0x08000da0   0x08000da0   0x000000bc   Code   RO         3310    i.GLCD_ReadStatus   ks0108-stm32.o
    0x08000e5c   0x08000e5c   0x00000040   Code   RO         3215    i.GLCD_SetPixel     ks0108.o
    0x08000e9c   0x08000e9c   0x000000cc   Code   RO         3311    i.GLCD_WriteCommand  ks0108-stm32.o
    0x08000f68   0x08000f68   0x000000cc   Code   RO         3312    i.GLCD_WriteData    ks0108-stm32.o
    0x08001034   0x08001034   0x0000014c   Code   RO         2365    i.HAL_ADC_ConfigChannel  stm32f4xx_hal_adc.o
    0x08001180   0x08001180   0x000000f0   Code   RO         3020    i.HAL_ADC_ConvCpltCallback  main.o
    0x08001270   0x08001270   0x00000002   Code   RO         2367    i.HAL_ADC_ConvHalfCpltCallback  stm32f4xx_hal_adc.o
    0x08001272   0x08001272   0x00000002   Code   RO         2369    i.HAL_ADC_ErrorCallback  stm32f4xx_hal_adc.o
    0x08001274   0x08001274   0x00000054   Code   RO         2374    i.HAL_ADC_Init      stm32f4xx_hal_adc.o
    0x080012c8   0x080012c8   0x00000090   Code   RO         3549    i.HAL_ADC_MspInit   adc.o
    0x08001358   0x08001358   0x00000104   Code   RO         2381    i.HAL_ADC_Start_DMA  stm32f4xx_hal_adc.o
    0x0800145c   0x0800145c   0x00000058   Code   RO         2384    i.HAL_ADC_Stop_DMA  stm32f4xx_hal_adc.o
    0x080014b4   0x080014b4   0x00000042   Code   RO         2638    i.HAL_DAC_ConfigChannel  stm32f4xx_hal_dac.o
    0x080014f6   0x080014f6   0x00000028   Code   RO         2648    i.HAL_DAC_Init      stm32f4xx_hal_dac.o
    0x0800151e   0x0800151e   0x00000002   PAD
    0x08001520   0x08001520   0x00000044   Code   RO         3754    i.HAL_DAC_MspInit   dac.o
    0x08001564   0x08001564   0x0000001a   Code   RO         2651    i.HAL_DAC_SetValue  stm32f4xx_hal_dac.o
    0x0800157e   0x0800157e   0x0000008e   Code   RO          481    i.HAL_DMA_Abort     stm32f4xx_hal_dma.o
    0x0800160c   0x0800160c   0x00000024   Code   RO          482    i.HAL_DMA_Abort_IT  stm32f4xx_hal_dma.o
    0x08001630   0x08001630   0x000001a0   Code   RO          486    i.HAL_DMA_IRQHandler  stm32f4xx_hal_dma.o
    0x080017d0   0x080017d0   0x000000d4   Code   RO          487    i.HAL_DMA_Init      stm32f4xx_hal_dma.o
    0x080018a4   0x080018a4   0x00000078   Code   RO          491    i.HAL_DMA_Start_IT  stm32f4xx_hal_dma.o
    0x0800191c   0x0800191c   0x000001c0   Code   RO          858    i.HAL_GPIO_Init     stm32f4xx_hal_gpio.o
    0x08001adc   0x08001adc   0x0000000a   Code   RO          860    i.HAL_GPIO_ReadPin  stm32f4xx_hal_gpio.o
    0x08001ae6   0x08001ae6   0x0000000a   Code   RO          862    i.HAL_GPIO_WritePin  stm32f4xx_hal_gpio.o
    0x08001af0   0x08001af0   0x0000000c   Code   RO         1245    i.HAL_GetTick       stm32f4xx_hal.o
    0x08001afc   0x08001afc   0x00000010   Code   RO         1249    i.HAL_IncTick       stm32f4xx_hal.o
    0x08001b0c   0x08001b0c   0x00000034   Code   RO         1250    i.HAL_Init          stm32f4xx_hal.o
    0x08001b40   0x08001b40   0x00000074   Code   RO         3475    i.HAL_InitTick      stm32f4xx_hal_timebase_tim.o
    0x08001bb4   0x08001bb4   0x00000058   Code   RO         3161    i.HAL_MspInit       stm32f4xx_hal_msp.o
    0x08001c0c   0x08001c0c   0x00000016   Code   RO          725    i.HAL_NVIC_EnableIRQ  stm32f4xx_hal_cortex.o
    0x08001c22   0x08001c22   0x00000002   PAD
    0x08001c24   0x08001c24   0x00000040   Code   RO          731    i.HAL_NVIC_SetPriority  stm32f4xx_hal_cortex.o
    0x08001c64   0x08001c64   0x00000024   Code   RO          732    i.HAL_NVIC_SetPriorityGrouping  stm32f4xx_hal_cortex.o
    0x08001c88   0x08001c88   0x00000130   Code   RO         1030    i.HAL_RCC_ClockConfig  stm32f4xx_hal_rcc.o
    0x08001db8   0x08001db8   0x00000040   Code   RO         1034    i.HAL_RCC_GetClockConfig  stm32f4xx_hal_rcc.o
    0x08001df8   0x08001df8   0x0000000c   Code   RO         1035    i.HAL_RCC_GetHCLKFreq  stm32f4xx_hal_rcc.o
    0x08001e04   0x08001e04   0x00000020   Code   RO         1037    i.HAL_RCC_GetPCLK1Freq  stm32f4xx_hal_rcc.o
    0x08001e24   0x08001e24   0x00000020   Code   RO         1038    i.HAL_RCC_GetPCLK2Freq  stm32f4xx_hal_rcc.o
    0x08001e44   0x08001e44   0x00000060   Code   RO         1039    i.HAL_RCC_GetSysClockFreq  stm32f4xx_hal_rcc.o
    0x08001ea4   0x08001ea4   0x00000314   Code   RO         1042    i.HAL_RCC_OscConfig  stm32f4xx_hal_rcc.o
    0x080021b8   0x080021b8   0x00000018   Code   RO          734    i.HAL_SYSTICK_CLKSourceConfig  stm32f4xx_hal_cortex.o
    0x080021d0   0x080021d0   0x00000028   Code   RO          736    i.HAL_SYSTICK_Config  stm32f4xx_hal_cortex.o
    0x080021f8   0x080021f8   0x00000002   Code   RO           13    i.HAL_TIMEx_BreakCallback  stm32f4xx_hal_tim_ex.o
    0x080021fa   0x080021fa   0x00000002   Code   RO           14    i.HAL_TIMEx_CommutationCallback  stm32f4xx_hal_tim_ex.o
    0x080021fc   0x080021fc   0x00000050   Code   RO           30    i.HAL_TIMEx_MasterConfigSynchronization  stm32f4xx_hal_tim_ex.o
    0x0800224c   0x0800224c   0x00000036   Code   RO         1405    i.HAL_TIM_Base_Init  stm32f4xx_hal_tim.o
    0x08002282   0x08002282   0x00000002   PAD
    0x08002284   0x08002284   0x00000038   Code   RO         3712    i.HAL_TIM_Base_MspInit  tim.o
    0x080022bc   0x080022bc   0x00000018   Code   RO         1410    i.HAL_TIM_Base_Start_IT  stm32f4xx_hal_tim.o
    0x080022d4   0x080022d4   0x000000f0   Code   RO         1414    i.HAL_TIM_ConfigClockSource  stm32f4xx_hal_tim.o
    0x080023c4   0x080023c4   0x00000002   Code   RO         1434    i.HAL_TIM_IC_CaptureCallback  stm32f4xx_hal_tim.o
    0x080023c6   0x080023c6   0x00000166   Code   RO         1447    i.HAL_TIM_IRQHandler  stm32f4xx_hal_tim.o
    0x0800252c   0x0800252c   0x00000002   Code   RO         1450    i.HAL_TIM_OC_DelayElapsedCallback  stm32f4xx_hal_tim.o
    0x0800252e   0x0800252e   0x00000002   Code   RO         1477    i.HAL_TIM_PWM_PulseFinishedCallback  stm32f4xx_hal_tim.o
    0x08002530   0x08002530   0x00000034   Code   RO         3021    i.HAL_TIM_PeriodElapsedCallback  main.o
    0x08002564   0x08002564   0x00000002   Code   RO         1488    i.HAL_TIM_TriggerCallback  stm32f4xx_hal_tim.o
    0x08002566   0x08002566   0x00000002   Code   RO         2055    i.HAL_UART_ErrorCallback  stm32f4xx_hal_uart.o
    0x08002568   0x08002568   0x00000110   Code   RO         2058    i.HAL_UART_IRQHandler  stm32f4xx_hal_uart.o
    0x08002678   0x08002678   0x00000062   Code   RO         2059    i.HAL_UART_Init     stm32f4xx_hal_uart.o
    0x080026da   0x080026da   0x00000002   PAD
    0x080026dc   0x080026dc   0x0000005c   Code   RO         3379    i.HAL_UART_MspInit  usart.o
    0x08002738   0x08002738   0x00000048   Code   RO         2064    i.HAL_UART_Receive_IT  stm32f4xx_hal_uart.o
    0x08002780   0x08002780   0x00000044   Code   RO         3022    i.HAL_UART_RxCpltCallback  main.o
    0x080027c4   0x080027c4   0x000000ba   Code   RO         2067    i.HAL_UART_Transmit  stm32f4xx_hal_uart.o
    0x0800287e   0x0800287e   0x00000002   Code   RO         2070    i.HAL_UART_TxCpltCallback  stm32f4xx_hal_uart.o
    0x08002880   0x08002880   0x00000002   Code   RO         2890    i.HardFault_Handler  stm32f4xx_it.o
    0x08002882   0x08002882   0x00000002   PAD
    0x08002884   0x08002884   0x00000088   Code   RO         3550    i.MX_ADC1_Init      adc.o
    0x0800290c   0x0800290c   0x00000064   Code   RO         3755    i.MX_DAC_Init       dac.o
    0x08002970   0x08002970   0x0000002c   Code   RO         3590    i.MX_DMA_Init       dma.o
    0x0800299c   0x0800299c   0x00000028   Code   RO         3512    i.MX_FREERTOS_Init  freertos.o
    0x080029c4   0x080029c4   0x00000098   Code   RO         2860    i.MX_GPIO_Init      gpio.o
    0x08002a5c   0x08002a5c   0x00000074   Code   RO         3713    i.MX_TIM2_Init      tim.o
    0x08002ad0   0x08002ad0   0x0000004c   Code   RO         3380    i.MX_USART2_UART_Init  usart.o
    0x08002b1c   0x08002b1c   0x00000002   Code   RO         2891    i.MemManage_Handler  stm32f4xx_it.o
    0x08002b1e   0x08002b1e   0x00000002   Code   RO         2892    i.NMI_Handler       stm32f4xx_it.o
    0x08002b20   0x08002b20   0x00000020   Code   RO          738    i.NVIC_SetPriority  stm32f4xx_hal_cortex.o
    0x08002b40   0x08002b40   0x0000003c   Code   RO         3313    i.Port_in_out_mode  ks0108-stm32.o
    0x08002b7c   0x08002b7c   0x00000008   Code   RO         3513    i.StartDefaultTask  freertos.o
    0x08002b84   0x08002b84   0x00000004   Code   RO         2893    i.SysTick_Handler   stm32f4xx_it.o
    0x08002b88   0x08002b88   0x000000a0   Code   RO         3023    i.SystemClock_Config  main.o
    0x08002c28   0x08002c28   0x00000054   Code   RO         3796    i.SystemInit        system_stm32f4xx.o
    0x08002c7c   0x08002c7c   0x0000000c   Code   RO         2894    i.TIM1_UP_TIM10_IRQHandler  stm32f4xx_it.o
    0x08002c88   0x08002c88   0x0000000c   Code   RO         2895    i.TIM2_IRQHandler   stm32f4xx_it.o
    0x08002c94   0x08002c94   0x000000c0   Code   RO         1489    i.TIM_Base_SetConfig  stm32f4xx_hal_tim.o
    0x08002d54   0x08002d54   0x00000014   Code   RO         1496    i.TIM_ETR_SetConfig  stm32f4xx_hal_tim.o
    0x08002d68   0x08002d68   0x00000010   Code   RO         1497    i.TIM_ITRx_SetConfig  stm32f4xx_hal_tim.o
    0x08002d78   0x08002d78   0x00000022   Code   RO         1503    i.TIM_TI1_ConfigInputStage  stm32f4xx_hal_tim.o
    0x08002d9a   0x08002d9a   0x00000024   Code   RO         1505    i.TIM_TI2_ConfigInputStage  stm32f4xx_hal_tim.o
    0x08002dbe   0x08002dbe   0x00000010   Code   RO         2072    i.UART_DMAAbortOnError  stm32f4xx_hal_uart.o
    0x08002dce   0x08002dce   0x0000001c   Code   RO         2082    i.UART_EndRxTransfer  stm32f4xx_hal_uart.o
    0x08002dea   0x08002dea   0x0000008c   Code   RO         2084    i.UART_Receive_IT   stm32f4xx_hal_uart.o
    0x08002e76   0x08002e76   0x00000002   PAD
    0x08002e78   0x08002e78   0x000002ac   Code   RO         2085    i.UART_SetConfig    stm32f4xx_hal_uart.o
    0x08003124   0x08003124   0x00000062   Code   RO         2086    i.UART_Transmit_IT  stm32f4xx_hal_uart.o
    0x08003186   0x08003186   0x00000062   Code   RO         2087    i.UART_WaitOnFlagUntilTimeout  stm32f4xx_hal_uart.o
    0x080031e8   0x080031e8   0x0000000c   Code   RO         2896    i.USART2_IRQHandler  stm32f4xx_it.o
    0x080031f4   0x080031f4   0x00000002   Code   RO         2897    i.UsageFault_Handler  stm32f4xx_it.o
    0x080031f6   0x080031f6   0x00000002   Code   RO         3024    i._Error_Handler    main.o
    0x080031f8   0x080031f8   0x00000028   Code   RO         5159    i.__0sprintf        mc_w.l(printfa.o)
    0x08003220   0x08003220   0x0000000e   Code   RO         5235    i.__scatterload_copy  mc_w.l(handlers.o)
    0x0800322e   0x0800322e   0x00000002   Code   RO         5236    i.__scatterload_null  mc_w.l(handlers.o)
    0x08003230   0x08003230   0x0000000e   Code   RO         5237    i.__scatterload_zeroinit  mc_w.l(handlers.o)
    0x0800323e   0x0800323e   0x00000002   PAD
    0x08003240   0x08003240   0x00000184   Code   RO         5164    i._fp_digits        mc_w.l(printfa.o)
    0x080033c4   0x080033c4   0x000006dc   Code   RO         5165    i._printf_core      mc_w.l(printfa.o)
    0x08003aa0   0x08003aa0   0x00000024   Code   RO         5166    i._printf_post_padding  mc_w.l(printfa.o)
    0x08003ac4   0x08003ac4   0x0000002e   Code   RO         5167    i._printf_pre_padding  mc_w.l(printfa.o)
    0x08003af2   0x08003af2   0x0000000a   Code   RO         5169    i._sputc            mc_w.l(printfa.o)
    0x08003afc   0x08003afc   0x0000001a   Code   RO         3614    i.average           dsp.o
    0x08003b16   0x08003b16   0x00000032   Code   RO         3615    i.best_moving_average  dsp.o
    0x08003b48   0x08003b48   0x00000068   Code   RO         3025    i.calculate_calibration_coefficients  main.o
    0x08003bb0   0x08003bb0   0x0000000c   Code   RO         3026    i.calculate_calibration_coefficients_step1  main.o
    0x08003bbc   0x08003bbc   0x0000000c   Code   RO         3027    i.calculate_calibration_coefficients_step2  main.o
    0x08003bc8   0x08003bc8   0x00000020   Code   RO         3616    i.data_spliter      dsp.o
    0x08003be8   0x08003be8   0x000001a0   Code   RO         3420    i.get_user_input    glcd_menu.o
    0x08003d88   0x08003d88   0x000000f8   Code   RO         3218    i.glcd_draw_char_xy  ks0108.o
    0x08003e80   0x08003e80   0x00000040   Code   RO         3219    i.glcd_draw_string_xy  ks0108.o
    0x08003ec0   0x08003ec0   0x00000030   Code   RO         3220    i.glcd_set_font     ks0108.o
    0x08003ef0   0x08003ef0   0x000006d0   Code   RO         3421    i.init_menu         glcd_menu.o
    0x080045c0   0x080045c0   0x00000040   Code   RO         3028    i.lcd_print         main.o
    0x08004600   0x08004600   0x000000d8   Code   RO         3029    i.main              main.o
    0x080046d8   0x080046d8   0x0000000c   Code   RO         4101    i.makeFreeRtosPriority  cmsis_os.o
    0x080046e4   0x080046e4   0x0000000e   Code   RO         4103    i.osDelay           cmsis_os.o
    0x080046f2   0x080046f2   0x0000000a   Code   RO         4106    i.osKernelStart     cmsis_os.o
    0x080046fc   0x080046fc   0x00000014   Code   RO         4139    i.osSystickHandler  cmsis_os.o
    0x08004710   0x08004710   0x0000002e   Code   RO         4140    i.osThreadCreate    cmsis_os.o
    0x0800473e   0x0800473e   0x00000044   Code   RO         3654    i.pid_auto          pid.o
    0x08004782   0x08004782   0x00000096   Code   RO         3655    i.pid_compute       pid.o
    0x08004818   0x08004818   0x00000054   Code   RO         3656    i.pid_create        pid.o
    0x0800486c   0x0800486c   0x00000038   Code   RO         3657    i.pid_direction     pid.o
    0x080048a4   0x080048a4   0x00000064   Code   RO         3658    i.pid_limits        pid.o
    0x08004908   0x08004908   0x00000034   Code   RO         3660    i.pid_sample        pid.o
    0x0800493c   0x0800493c   0x00000068   Code   RO         3661    i.pid_tune          pid.o
    0x080049a4   0x080049a4   0x00000130   Code   RO         3422    i.print_main_page   glcd_menu.o
    0x08004ad4   0x08004ad4   0x00000168   Code   RO         3423    i.print_menu        glcd_menu.o
    0x08004c3c   0x08004c3c   0x00000070   Code   RO         4475    i.prvAddCurrentTaskToDelayedList  tasks.o
    0x08004cac   0x08004cac   0x000000d0   Code   RO         4476    i.prvAddNewTaskToReadyList  tasks.o
    0x08004d7c   0x08004d7c   0x00000054   Code   RO         4477    i.prvCheckTasksWaitingTermination  tasks.o
    0x08004dd0   0x08004dd0   0x00000014   Code   RO         4478    i.prvDeleteTCB      tasks.o
    0x08004de4   0x08004de4   0x0000004c   Code   RO         3830    i.prvHeapInit       heap_4.o
    0x08004e30   0x08004e30   0x00000028   Code   RO         4479    i.prvIdleTask       tasks.o
    0x08004e58   0x08004e58   0x0000008e   Code   RO         4480    i.prvInitialiseNewTask  tasks.o
    0x08004ee6   0x08004ee6   0x00000002   PAD
    0x08004ee8   0x08004ee8   0x0000004c   Code   RO         3831    i.prvInsertBlockIntoFreeList  heap_4.o
    0x08004f34   0x08004f34   0x00000020   Code   RO         4481    i.prvResetNextTaskUnblockTime  tasks.o
    0x08004f54   0x08004f54   0x00000028   Code   RO         4829    i.prvTaskExitError  port.o
    0x08004f7c   0x08004f7c   0x00000084   Code   RO         3030    i.pump_set_stroke   main.o
    0x08005000   0x08005000   0x000000d8   Code   RO         3832    i.pvPortMalloc      heap_4.o
    0x080050d8   0x080050d8   0x0000002c   Code   RO         4830    i.pxPortInitialiseStack  port.o
    0x08005104   0x08005104   0x00000080   Code   RO         3424    i.update_menu_from_variables  glcd_menu.o
    0x08005184   0x08005184   0x00000024   Code   RO         3909    i.uxListRemove      list.o
    0x080051a8   0x080051a8   0x00000016   Code   RO         3910    i.vListInitialise   list.o
    0x080051be   0x080051be   0x00000006   Code   RO         3911    i.vListInitialiseItem  list.o
    0x080051c4   0x080051c4   0x00000030   Code   RO         3912    i.vListInsert       list.o
    0x080051f4   0x080051f4   0x00000018   Code   RO         3913    i.vListInsertEnd    list.o
    0x0800520c   0x0800520c   0x00000040   Code   RO         4832    i.vPortEnterCritical  port.o
    0x0800524c   0x0800524c   0x00000028   Code   RO         4833    i.vPortExitCritical  port.o
    0x08005274   0x08005274   0x0000005c   Code   RO         3833    i.vPortFree         heap_4.o
    0x080052d0   0x080052d0   0x00000020   Code   RO         4834    i.vPortSetupTimerInterrupt  port.o
    0x080052f0   0x080052f0   0x0000004c   Code   RO         4489    i.vTaskDelay        tasks.o
    0x0800533c   0x0800533c   0x00000068   Code   RO         4500    i.vTaskStartScheduler  tasks.o
    0x080053a4   0x080053a4   0x00000010   Code   RO         4502    i.vTaskSuspendAll   tasks.o
    0x080053b4   0x080053b4   0x0000005c   Code   RO         4503    i.vTaskSwitchContext  tasks.o
    0x08005410   0x08005410   0x000000e4   Code   RO         4836    i.xPortStartScheduler  port.o
    0x080054f4   0x080054f4   0x0000002c   Code   RO         4837    i.xPortSysTickHandler  port.o
    0x08005520   0x08005520   0x00000056   Code   RO         4505    i.xTaskCreate       tasks.o
    0x08005576   0x08005576   0x00000002   PAD
    0x08005578   0x08005578   0x0000001c   Code   RO         4509    i.xTaskGetSchedulerState  tasks.o
    0x08005594   0x08005594   0x000000c8   Code   RO         4512    i.xTaskIncrementTick  tasks.o
    0x0800565c   0x0800565c   0x000000c4   Code   RO         4518    i.xTaskResumeAll    tasks.o
    0x08005720   0x08005720   0x00000008   Data   RO          493    .constdata          stm32f4xx_hal_dma.o
    0x08005728   0x08005728   0x00002880   Data   RO         3427    .constdata          glcd_menu.o
    0x08007fa8   0x08007fa8   0x00000014   Data   RO         3514    .constdata          freertos.o
    0x08007fbc   0x08007fbc   0x00000010   Data   RO         3797    .constdata          system_stm32f4xx.o
    0x08007fcc   0x08007fcc   0x00000008   Data   RO         3798    .constdata          system_stm32f4xx.o
    0x08007fd4   0x08007fd4   0x0000000c   Data   RO         3515    .conststring        freertos.o
    0x08007fe0   0x08007fe0   0x00000020   Data   RO         5233    Region$$Table       anon$$obj.o


    Execution Region RW_IRAM1 (Exec base: 0x20000000, Load base: 0x08008000, Size: 0x00006118, Max: 0x00020000, ABSOLUTE)

    Exec Addr    Load Addr    Size         Type   Attr      Idx    E Section Name        Object

    0x20000000   0x08008000   0x0000000c   Data   RW         1257    .data               stm32f4xx_hal.o
    0x2000000c   0x0800800c   0x00000060   Data   RW         3035    .data               main.o
    0x2000006c   0x0800806c   0x00000010   Data   RW         3222    .data               ks0108.o
    0x2000007c   0x0800807c   0x00000004   Data   RW         3516    .data               freertos.o
    0x20000080   0x08008080   0x00000004   Data   RW         3799    .data               system_stm32f4xx.o
    0x20000084   0x08008084   0x00000018   Data   RW         3838    .data               heap_4.o
    0x2000009c   0x0800809c   0x0000003c   Data   RW         4521    .data               tasks.o
    0x200000d8   0x080080d8   0x0000000c   Data   RW         4838    .data               port.o
    0x200000e4   0x080080e4   0x00000004   Data   RW         4917    .data               mc_w.l(strtok.o)
    0x200000e8        -       0x00001db8   Zero   RW         3032    .bss                main.o
    0x20001ea0        -       0x00000014   Zero   RW         3314    .bss                ks0108-stm32.o
    0x20001eb4        -       0x00000040   Zero   RW         3381    .bss                usart.o
    0x20001ef4        -       0x0000003c   Zero   RW         3478    .bss                stm32f4xx_hal_timebase_tim.o
    0x20001f30        -       0x000000a8   Zero   RW         3551    .bss                adc.o
    0x20001fd8        -       0x0000003c   Zero   RW         3714    .bss                tim.o
    0x20002014        -       0x00000014   Zero   RW         3756    .bss                dac.o
    0x20002028        -       0x00003c00   Zero   RW         3837    .bss                heap_4.o
    0x20005c28        -       0x000000f0   Zero   RW         4520    .bss                tasks.o
    0x20005d18        -       0x00000400   Zero   RW            1    STACK               startup_stm32f407xx.o


==============================================================================

Image component sizes


      Code (inc. data)   RO Data    RW Data    ZI Data      Debug   Object Name

       280         62          0          0        168       1763   adc.o
       102          0          0          0          0      13368   cmsis_os.o
       168         40          0          0         20       1611   dac.o
        44          4          0          0          0        766   dma.o
       108          0          0          0          0       2343   dsp.o
        48         10         32          4          0       1682   freertos.o
      2952        678      10368          0          0       5946   glcd_menu.o
       152         14          0          0          0        959   gpio.o
       148          0          0          0          0       1188   graphic.o
       460         24          0         24      15360       8931   heap_4.o
       934         62          0          0         20       5512   ks0108-stm32.o
       624         22          0         16          0       7637   ks0108.o
       136          0          0          0          0       3586   list.o
      1062        182          0         96       7608      10438   main.o
       614         14          0          0          0       4703   pid.o
       678         72          0         12          0      11116   port.o
         0          0          0          0          0       8072   queue.o
        36          8        392          0       1024        844   startup_stm32f407xx.o
        80         14          0         12          0       3282   stm32f4xx_hal.o
      1190         58          0          0          0       7689   stm32f4xx_hal_adc.o
       218         14          0          0          0      31045   stm32f4xx_hal_cortex.o
       132          0          0          0          0       2702   stm32f4xx_hal_dac.o
      1090         16          8          0          0       7442   stm32f4xx_hal_dma.o
       468         46          0          0          0       3227   stm32f4xx_hal_gpio.o
        88          0          0          0          0        530   stm32f4xx_hal_msp.o
      1328         88          0          0          0       6465   stm32f4xx_hal_rcc.o
       982         44          0          0          0      10231   stm32f4xx_hal_tim.o
        84          0          0          0          0     698702   stm32f4xx_hal_tim_ex.o
       116         16          0          0         60       1468   stm32f4xx_hal_timebase_tim.o
      1696         14          0          0          0       9911   stm32f4xx_hal_uart.o
        64         24          0          0          0      25698   stm32f4xx_it.o
        84         18         24          4          0       1183   system_stm32f4xx.o
      1436        122          0         60        240      16243   tasks.o
       172         26          0          0         60       1670   tim.o
       168         38          0          0         64       1682   usart.o

    ----------------------------------------------------------------------
     17968       1730      10856        228      24624     919635   Object Totals
         0          0         32          0          0          0   (incl. Generated)
        26          0          0          0          0          0   (incl. Padding)

    ----------------------------------------------------------------------

      Code (inc. data)   RO Data    RW Data    ZI Data      Debug   Library Member Name

         0          0          0          0          0          0   entry.o
         0          0          0          0          0          0   entry10a.o
         0          0          0          0          0          0   entry11a.o
         8          4          0          0          0          0   entry2.o
         4          0          0          0          0          0   entry5.o
         0          0          0          0          0          0   entry7b.o
         0          0          0          0          0          0   entry8b.o
         8          4          0          0          0          0   entry9a.o
        30          0          0          0          0          0   handlers.o
        36          8          0          0          0         68   init.o
         0          0          0          0          0          0   iusefp.o
        30          0          0          0          0         68   llshl.o
        36          0          0          0          0         68   llsshr.o
        32          0          0          0          0         68   llushr.o
        36          0          0          0          0         68   memcpya.o
      2276         86          0          0          0        520   printfa.o
        18          0          0          0          0         68   strcpy.o
        36          0          0          0          0         80   strstr.o
        68          6          0          4          0         80   strtok.o
        44          0          0          0          0         80   uidiv.o
        98          0          0          0          0         92   uldiv.o
        48          0          0          0          0         68   cdrcmple.o
       334          0          0          0          0        148   dadd.o
       222          0          0          0          0        100   ddiv.o
       186          0          0          0          0        176   depilogue.o
        50          0          0          0          0         76   dfixui.o
        48          0          0          0          0         68   dfixul.o
        26          0          0          0          0         76   dfltui.o
       228          0          0          0          0         96   dmul.o
        38          0          0          0          0         68   f2d.o

    ----------------------------------------------------------------------
      3944        108          0          4          0       2136   Library Totals
         4          0          0          0          0          0   (incl. Padding)

    ----------------------------------------------------------------------

      Code (inc. data)   RO Data    RW Data    ZI Data      Debug   Library Name

      2760        108          0          4          0       1260   mc_w.l
      1180          0          0          0          0        876   mf_w.l

    ----------------------------------------------------------------------
      3944        108          0          4          0       2136   Library Totals

    ----------------------------------------------------------------------

==============================================================================


      Code (inc. data)   RO Data    RW Data    ZI Data      Debug   

     21912       1838      10856        232      24624     904631   Grand Totals
     21912       1838      10856        232      24624     904631   ELF Image Totals
     21912       1838      10856        232          0          0   ROM Totals

==============================================================================

    Total RO  Size (Code + RO Data)                32768 (  32.00kB)
    Total RW  Size (RW Data + ZI Data)             24856 (  24.27kB)
    Total ROM Size (Code + RO Data + RW Data)      33000 (  32.23kB)

==============================================================================

